06-20 23:11:36.489   565   565 D BrokerableCMSystemService: Third party apps ready
06-20 23:11:36.489   565   565 I BrokerableCMSystemService: Connecting to implementation
06-20 23:11:36.496   565   565 W ContextImpl: Calling a method in the system process without a qualified user: android.app.ContextImpl.bindService:1421 org.cyanogenmod.platform.internal.BrokerableCMSystemService.tryConnecting:199 org.cyanogenmod.platform.internal.BrokerableCMSystemService.onBootPhase:127 org.cyanogenmod.platform.internal.CMAudioServiceBroker.onBootPhase:58 com.android.server.SystemServiceManager.startBootPhase:143 
06-20 23:11:36.508   565   565 I ActivityManager: Start proc 787:org.cyanogenmod.cmaudio.service/u0a1 for service org.cyanogenmod.cmaudio.service/.CMAudioService
06-20 23:11:36.500   402   402 I BootAnimation: type=1400 audit(0.0:59): avc: denied { ioctl } for path="/dev/mali0" dev="tmpfs" ino=8684 ioctlcmd=8217 scontext=u:r:bootanim:s0 tcontext=u:object_r:device:s0 tclass=chr_file permissive=1
06-20 23:11:36.522   565   565 W LocationProviderProxy-network: Odd, no component found for service com.android.location.service.v3.NetworkLocationProvider
06-20 23:11:36.528   662   780 I ModuleManager: Unexpected key 'com.google.android.gms.phenotype.registration.xml:com.google.android.gms.learning' does not match 'module:'
06-20 23:11:36.537   565   565 W GeocoderProxy: Odd, no component found for service com.android.location.service.GeocodeProvider
06-20 23:11:36.539   565   565 E FlpHardwareProvider: Error hw_get_module 'flp': -2
06-20 23:11:36.539   565   565 D LocationManagerService: FLP HAL not supported
06-20 23:11:36.543   565   565 W GeofenceProxy: Odd, no component found for service com.android.location.service.GeofenceProvider
06-20 23:11:36.546   565   565 E ActivityRecognitionHardware: Error hw_get_module: -2
06-20 23:11:36.546   565   565 D LocationManagerService: Hardware Activity-Recognition not supported.
06-20 23:11:36.547   565   565 W ActivityRecognitionProxy: Odd, no component found for service com.android.location.service.ActivityRecognitionProvider
06-20 23:11:36.574   565   579 I ActivityManager: Start proc 801:com.google.android.gms.persistent/u0a30 for broadcast com.google.android.gms/.chimera.GmsIntentOperationService$PersistentTrustedReceiver
06-20 23:11:36.594   787   787 I art     : Starting a blocking GC AddRemoveAppImageSpace
06-20 23:11:36.606   565   565 I CommonTimeManagementService: No common time service detected on this platform.  Common time services will be unavailable.
06-20 23:11:36.609   565   610 I InputReader: Reconfiguring input devices.  changes=0x00000020
06-20 23:11:36.618   565   565 I MmsServiceBroker: Delay connecting to MmsService until an API is called
06-20 23:11:36.618   565   610 I InputReader: Reconfiguring input devices.  changes=0x00000010
06-20 23:11:36.647   662   780 I ModuleManager: Unexpected key 'com.google.android.backup.api_key' does not match 'module:'
06-20 23:11:36.651   565   565 I ActivityManager: Start proc 820:com.android.phone/1001 for added application com.android.phone
06-20 23:11:36.653   565   565 I ActivityManager: START u0 {act=android.intent.action.MAIN cat=[android.intent.category.HOME] flg=0x10000100 cmp=com.android.settings/.FallbackHome} from uid 0 on display 0
06-20 23:11:36.656   565   565 W System  : ClassLoader referenced unknown path: 
06-20 23:11:36.656   565   565 W System  : ClassLoader referenced unknown path: /system/priv-app/Settings/lib/arm
06-20 23:11:36.662   565   565 D ApplicationLoaders: ignored Vulkan layer search path /system/priv-app/Settings/lib/arm:/system/priv-app/Settings/Settings.apk!/lib/armeabi-v7a:/system/lib:/vendor/lib for namespace 0xf737e110
06-20 23:11:36.685   565   565 I ActivityManager: Loaded persisted task ids for user 0
06-20 23:11:36.712   565   565 I ActivityManager: Start proc 834:com.android.settings/1000 for activity com.android.settings/.FallbackHome
06-20 23:11:36.723   662   780 I ModuleManager: Unexpected key 'com.google.android.gms.version' does not match 'module:'
06-20 23:11:36.728   565   565 D ConditionProviders.SCP: onConnected
06-20 23:11:36.729   565   565 D ConditionProviders: Subscribing to condition://android/schedule?days=1.2.3.4.5&start=22.0&end=7.0&exitAtAlarm=false with ComponentInfo{android/com.android.server.notification.ScheduleConditionProvider}
06-20 23:11:36.730   565   565 D ConditionProviders: Subscribing to condition://android/schedule?days=6.7&start=23.30&end=10.0&exitAtAlarm=false with ComponentInfo{android/com.android.server.notification.ScheduleConditionProvider}
06-20 23:11:36.730   565   565 D ConditionProviders: Subscribing to condition://android/event?userId=-10000&calendar=&reply=1 with ComponentInfo{android/com.android.server.notification.EventConditionProvider}
06-20 23:11:36.733   662   780 I AndroidIME: Class com.google.android.apps.inputmethod.libs.maestro.MaestroPromoExtensionImpl cannot be instantiated
06-20 23:11:36.734   662   780 W ModuleManager: Failed to create module def 'res/xml/extension_maestro_promo.xml'
06-20 23:11:36.742   662   843 I ConfigNotification: Get device mode by ui mode:1 and smallestScreenWidthDp:800
06-20 23:11:36.757   820   820 W System  : ClassLoader referenced unknown path: /system/priv-app/TeleService/lib/arm
06-20 23:11:36.794   565   578 W LocationProviderProxy-network: Odd, no component found for service com.android.location.service.v3.NetworkLocationProvider
06-20 23:11:36.795   565   578 W GeocoderProxy: Odd, no component found for service com.android.location.service.GeocodeProvider
06-20 23:11:36.795   565   578 W GeofenceProxy: Odd, no component found for service com.android.location.service.GeofenceProvider
06-20 23:11:36.795   565   578 W ActivityRecognitionProxy: Odd, no component found for service com.android.location.service.ActivityRecognitionProvider
06-20 23:11:36.797   239   584 D PermissionCache: checking android.permission.READ_FRAME_BUFFER for uid=1000 => granted (727 us)
06-20 23:11:36.801   239   239 W [MALI][Gralloc-Warning]: int gralloc_register_buffer(const gralloc_module_t *, buffer_handle_t):99 Registering handle 0xf6eabd80 coming from the same process: 239.
06-20 23:11:36.790   239   239 I surfaceflinger: type=1400 audit(0.0:60): avc: denied { read write } for path="/dev/mali0" dev="tmpfs" ino=8684 scontext=u:r:surfaceflinger:s0 tcontext=u:object_r:device:s0 tclass=chr_file permissive=1
06-20 23:11:36.805   239   239 D MALI    : eglCreateImageKHR:513: [Crop] 0 0 800 1280  img[800 1280] 
06-20 23:11:36.815   668   784 I vol.Events: writeEvent level_changed STREAM_ALARM 7
06-20 23:11:36.816   565   565 W ContextImpl: Calling a method in the system process without a qualified user: android.app.ContextImpl.startService:1357 com.android.server.content.SyncManager$13.run:658 android.os.Handler.handleCallback:751 android.os.Handler.dispatchMessage:95 android.os.Looper.loop:154 
06-20 23:11:36.820   820   820 W System  : ClassLoader referenced unknown path: /system/priv-app/TelephonyProvider/lib/arm
06-20 23:11:36.822   820   820 D ApplicationLoaders: ignored Vulkan layer search path /system/priv-app/TelephonyProvider/lib/arm:/system/lib:/vendor/lib for namespace 0xf7480090
06-20 23:11:36.824   565   565 D RttService: SCAN_AVAILABLE : 1
06-20 23:11:36.824   565   626 I WifiScanningService: wifi driver unloaded
06-20 23:11:36.825   565   627 D RttService: DefaultState got{ when=-1ms what=160513 target=com.android.internal.util.StateMachine$SmHandler }
06-20 23:11:36.826   668   784 I vol.Events: writeEvent level_changed STREAM_BLUETOOTH_SCO 7
06-20 23:11:36.827   668   784 I vol.Events: writeEvent level_changed STREAM_MUSIC 15
06-20 23:11:36.834   668   784 I vol.Events: writeEvent level_changed STREAM_RING 5
06-20 23:11:36.835   668   784 I vol.Events: writeEvent level_changed STREAM_SYSTEM 5
06-20 23:11:36.835   565   565 W System  : ClassLoader referenced unknown path: /system/priv-app/Telecom/lib/arm
06-20 23:11:36.843   668   784 I vol.Events: writeEvent level_changed STREAM_VOICE_CALL 4
06-20 23:11:36.848   565   565 D ApplicationLoaders: ignored Vulkan layer search path /system/priv-app/Telecom/lib/arm:/system/priv-app/Telecom/Telecom.apk!/lib/armeabi-v7a:/system/lib:/vendor/lib for namespace 0xf737e150
06-20 23:11:36.858   662   780 I ModuleManager: initializeModules() : WaitTime = 1 ms : RunTime = 507 ms
06-20 23:11:36.883   565   574 W art     : Suspending all threads took: 11.919ms
06-20 23:11:36.897   834   834 W System  : ClassLoader referenced unknown path: /system/priv-app/Settings/lib/arm
06-20 23:11:36.900   820   820 D TelephonyProvider: dbh.onOpen: ok, queried table=siminfo
06-20 23:11:36.901   820   820 D TelephonyProvider: dbh.onOpen: ok, queried table=carriers
06-20 23:11:36.904   193   197 I e2fsck  : Pass 2: Checking directory structure
06-20 23:11:36.921   668   668 D StorageNotification: Notifying about private volume: VolumeInfo{private:179_130}:
06-20 23:11:36.921   668   668 D StorageNotification:     type=PRIVATE diskId=disk:179_128 
06-20 23:11:36.921   668   668 D StorageNotification:     partGuid=A17F9557-2BDF-C25D-4B2C-BB3FB06B99A6 mountFlags=0 mountUserId=-1 
06-20 23:11:36.921   668   668 D StorageNotification:     state=CHECKING 
06-20 23:11:36.921   668   668 D StorageNotification:     fsType=ext4 fsUuid=ccb8cd26-397e-4043-9e2c-fe9b89f2def0 fsLabel= 
06-20 23:11:36.921   668   668 D StorageNotification:     path=/mnt/expand/ccb8cd26-397e-4043-9e2c-fe9b89f2def0 internalPath=null 
06-20 23:11:36.926   668   668 D StorageNotification: Notifying about private volume: VolumeInfo{private}:
06-20 23:11:36.926   668   668 D StorageNotification:     type=PRIVATE diskId=null partGuid=null mountFlags=0 mountUserId=-1 
06-20 23:11:36.926   668   668 D StorageNotification:     state=MOUNTED 
06-20 23:11:36.926   668   668 D StorageNotification:     fsType=null fsUuid=null fsLabel=null 
06-20 23:11:36.926   668   668 D StorageNotification:     path=/data internalPath=null 
06-20 23:11:36.928   565   574 I art     : Background sticky concurrent mark sweep GC freed 62087(2MB) AllocSpace objects, 12(272KB) LOS objects, 28% free, 10MB/14MB, paused 14.658ms total 135.169ms
06-20 23:11:36.953   662   662 I KeyboardViewUtil: systemKeyboardHeightRatio:1.000000; userKeyboardHeightRatio:1.000000.
06-20 23:11:36.959   662   673 I art     : Do partial code cache collection, code=23KB, data=30KB
06-20 23:11:36.959   662   673 I art     : After code cache collection, code=20KB, data=28KB
06-20 23:11:36.959   662   673 I art     : Increasing code cache capacity to 128KB
06-20 23:11:36.968   236   236 I wmt_launcher: fw log ctrl flag has been set
06-20 23:11:36.968   236   236 I wmt_launcher: fw dynamic ctrl flag has been set
06-20 23:11:37.017   565   565 D BluetoothManagerService: Trying to bind to profile: 1, while Bluetooth was disabled
06-20 23:11:37.022   565   565 I Telecom : SystemStateProvider: Registering car mode receiver: android.content.IntentFilter@b392e26: TS.init@AAA
06-20 23:11:37.040   565   576 I StatusBarManagerService: registerStatusBar bar=com.android.internal.statusbar.IStatusBar$Stub$Proxy@3953a75
06-20 23:11:37.061   565   864 I Telecom : Telecom: Non-call EVENT: AUDIO_ROUTE, Entering state QuiescentEarpieceRoute
06-20 23:11:37.074   565   866 I Telecom : CallAudioModeStateMachine: Message received: null.: TS.init->CAMSM.pM_1@AAA_0
06-20 23:11:37.080   565   565 W SensitivePhoneNumbers: Can not open /system/etc/sensitive_pn.xml
06-20 23:11:37.084   820   820 W System  : ClassLoader referenced unknown path: /system/framework/qti-telephony-common.jar
06-20 23:11:37.086   820   820 W System.err: java.lang.ClassNotFoundException: com.qualcomm.qti.internal.telephony.QtiTelephonyComponentFactory
06-20 23:11:37.086   820   820 W System.err: 	at java.lang.Class.classForName(Native Method)
06-20 23:11:37.086   820   820 W System.err: 	at java.lang.Class.forName(Class.java:400)
06-20 23:11:37.086   820   820 W System.err: 	at com.android.internal.telephony.TelephonyComponentFactory.getInstance(TelephonyComponentFactory.java:71)
06-20 23:11:37.086   820   820 W System.err: 	at com.android.internal.telephony.PhoneFactory.makeDefaultPhone(PhoneFactory.java:133)
06-20 23:11:37.086   820   820 W System.err: 	at com.android.internal.telephony.PhoneFactory.makeDefaultPhones(PhoneFactory.java:91)
06-20 23:11:37.086   820   820 W System.err: 	at com.android.phone.PhoneGlobals.onCreate(PhoneGlobals.java:282)
06-20 23:11:37.086   820   820 W System.err: 	at com.android.phone.PhoneApp.onCreate(PhoneApp.java:41)
06-20 23:11:37.086   820   820 W System.err: 	at android.app.Instrumentation.callApplicationOnCreate(Instrumentation.java:1025)
06-20 23:11:37.086   820   820 W System.err: 	at android.app.ActivityThread.handleBindApplication(ActivityThread.java:5448)
06-20 23:11:37.086   820   820 W System.err: 	at android.app.ActivityThread.-wrap2(ActivityThread.java)
06-20 23:11:37.086   820   820 W System.err: 	at android.app.ActivityThread$H.handleMessage(ActivityThread.java:1564)
06-20 23:11:37.086   820   820 W System.err: 	at android.os.Handler.dispatchMessage(Handler.java:102)
06-20 23:11:37.086   820   820 W System.err: 	at android.os.Looper.loop(Looper.java:154)
06-20 23:11:37.086   820   820 W System.err: 	at android.app.ActivityThread.main(ActivityThread.java:6186)
06-20 23:11:37.086   820   820 W System.err: 	at java.lang.reflect.Method.invoke(Native Method)
06-20 23:11:37.086   820   820 W System.err: 	at com.android.internal.os.ZygoteInit$MethodAndArgsCaller.run(ZygoteInit.java:889)
06-20 23:11:37.086   820   820 W System.err: 	at com.android.internal.os.ZygoteInit.main(ZygoteInit.java:779)
06-20 23:11:37.087   565   565 I Telecom : ViceNotificationImpl: ViceNotificationImpl: TS.init@AAA
06-20 23:11:37.091   820   820 W System.err: Caused by: java.lang.ClassNotFoundException: Didn't find class "com.qualcomm.qti.internal.telephony.QtiTelephonyComponentFactory" on path: DexPathList[[],nativeLibraryDirectories=[/system/lib, /vendor/lib]]
06-20 23:11:37.091   820   820 W System.err: 	at dalvik.system.BaseDexClassLoader.findClass(BaseDexClassLoader.java:56)
06-20 23:11:37.091   820   820 W System.err: 	at java.lang.ClassLoader.loadClass(ClassLoader.java:380)
06-20 23:11:37.091   820   820 W System.err: 	at java.lang.ClassLoader.loadClass(ClassLoader.java:312)
06-20 23:11:37.091   820   820 W System.err: 	... 17 more
06-20 23:11:37.080   862   862 I RenderThread: type=1400 audit(0.0:61): avc: denied { read write } for name="mali0" dev="tmpfs" ino=8684 scontext=u:r:system_app:s0 tcontext=u:object_r:device:s0 tclass=chr_file permissive=1
06-20 23:11:37.080   862   862 I RenderThread: type=1400 audit(0.0:62): avc: denied { open } for path="/dev/mali0" dev="tmpfs" ino=8684 scontext=u:r:system_app:s0 tcontext=u:object_r:device:s0 tclass=chr_file permissive=1
06-20 23:11:37.090   862   862 I RenderThread: type=1400 audit(0.0:63): avc: denied { getattr } for path="/dev/mali0" dev="tmpfs" ino=8684 scontext=u:r:system_app:s0 tcontext=u:object_r:device:s0 tclass=chr_file permissive=1
06-20 23:11:37.090   862   862 I RenderThread: type=1400 audit(0.0:64): avc: denied { ioctl } for path="/dev/mali0" dev="tmpfs" ino=8684 ioctlcmd=8000 scontext=u:r:system_app:s0 tcontext=u:object_r:device:s0 tclass=chr_file permissive=1
06-20 23:11:37.101   565   868 E ActivityThread: Failed to find provider info for call_log
06-20 23:11:37.102   565   565 D BluetoothManagerService: Trying to bind to profile: 1, while Bluetooth was disabled
06-20 23:11:37.104   834   862 I OpenGLRenderer: Initialized EGL, version 1.4
06-20 23:11:37.104   834   862 D OpenGLRenderer: Swap behavior 1
06-20 23:11:37.108   565   565 I Telecom : Class: TelecomSystem.INSTANCE being set
06-20 23:11:37.109   565   565 W ContextImpl: Calling a method in the system process without a qualified user: android.app.ContextImpl.startService:1357 android.content.ContextWrapper.startService:613 com.android.server.telecom.components.TelecomService.initializeTelecomSystem:196 com.android.server.telecom.components.TelecomService.onBind:64 android.app.ActivityThread.handleBindService:3243 
06-20 23:11:37.110   834   862 D MALI    : eglCreateImageKHR:513: [Crop] 0 0 576 576  img[576 576] 
06-20 23:11:37.113   565   565 D RttService: SCAN_AVAILABLE : 3
06-20 23:11:37.113   565   627 D RttService: DefaultState got{ when=0 what=160512 target=com.android.internal.util.StateMachine$SmHandler }
06-20 23:11:37.116   834   862 D mali_winsys: EGLint new_window_surface(egl_winsys_display*, void*, EGLSurface, EGLConfig, egl_winsys_surface**, egl_color_buffer_format*, EGLBoolean) returns 0x3000
06-20 23:11:37.134   239   239 D MALI    : eglCreateImageKHR:513: [Crop] 0 0 800 1280  img[800 1280] 
06-20 23:11:37.137   565   626 I WifiScanningService: wifi driver loaded with scan capabilities: max buckets=16
06-20 23:11:37.151   565   579 V KeyguardServiceDelegate: *** Keyguard started
06-20 23:11:37.151   565   580 V KeyguardServiceDelegate: *** Keyguard connected (yay!)
06-20 23:11:37.152   565   579 E Sensors : handleToDriver handle(0)
06-20 23:11:37.152   565   579 D Accel   : setDelay: (handle=0, ns=66667000)
06-20 23:11:37.152   565   588 I ActivityManager: Displayed com.android.settings/.FallbackHome: +455ms
06-20 23:11:37.152   565   579 E Sensors : new setDelay handle(0),ns(66667000)m, error(0), index(2)
06-20 23:11:37.152   565   579 W KeyguardServiceDelegate: onScreenTurningOn(): no keyguard service!
06-20 23:11:37.156   565   588 I WindowManager: Screen frozen for +367ms due to AppWindowToken{7b3a4ec token=Token{605c13e ActivityRecord{eeecdf9 u0 com.android.settings/.FallbackHome t1}}}
06-20 23:11:37.170   334   334 I VSyncThread_0: type=1400 audit(0.0:65): avc: denied { ioctl } for path="/dev/mtk_disp_mgr" dev="tmpfs" ino=8819 ioctlcmd=4fd0 scontext=u:r:surfaceflinger:s0 tcontext=u:object_r:device:s0 tclass=chr_file permissive=1
06-20 23:11:37.208   565   575 D CryptdConnector: SND -> {3 cryptfs getpw}
06-20 23:11:37.208   193   198 D VoldCryptCmdListener: cryptfs getpw
06-20 23:11:37.208   565   613 D CryptdConnector: RCV <- {200 3 -1}
06-20 23:11:37.209   565   575 D CryptdConnector: SND -> {4 cryptfs clearpw}
06-20 23:11:37.209   193   198 D VoldCryptCmdListener: cryptfs clearpw
06-20 23:11:37.209   565   613 D CryptdConnector: RCV <- {200 4 0}
06-20 23:11:37.255   662   673 I art     : Do partial code cache collection, code=27KB, data=39KB
06-20 23:11:37.255   662   673 I art     : After code cache collection, code=27KB, data=39KB
06-20 23:11:37.255   662   673 I art     : Increasing code cache capacity to 256KB
06-20 23:11:37.260   662   673 I art     : Compiler allocated 5MB to compile void psa.a(java.lang.Object, psm, ppu)
06-20 23:11:37.347   801   801 E ActivityThread: Failed to find provider info for com.google.android.gsf.gservices
06-20 23:11:37.362   801   801 E ActivityThread: Failed to find provider info for com.google.android.gsf.gservices
06-20 23:11:37.365   565   565 W System  : ClassLoader referenced unknown path: /system/priv-app/FusedLocation/lib/arm
06-20 23:11:37.366   565   565 D ApplicationLoaders: ignored Vulkan layer search path /system/priv-app/FusedLocation/lib/arm:/system/priv-app/FusedLocation/FusedLocation.apk!/lib/armeabi-v7a:/system/lib:/vendor/lib for namespace 0xf737e190
06-20 23:11:37.377   565   565 V WiredAccessoryManager: init()
06-20 23:11:37.380   565   565 I BrokerableCMSystemService: Implementation service connected
06-20 23:11:37.381   801   801 W DirectBootExitBR: User is in direct boot mode.
06-20 23:11:37.382   801   801 E ActivityThread: Failed to find provider info for com.google.android.gsf.gservices
06-20 23:11:37.385   801   801 E ActivityThread: Failed to find provider info for com.google.android.gsf.gservices
06-20 23:11:37.391   565   633 D NotificationSQLiteLog: Pruned event entries: 0
06-20 23:11:37.407   801   801 E ActivityThread: Failed to find provider info for com.google.android.gsf.gservices
06-20 23:11:37.407   801   801 E ActivityThread: Failed to find provider info for com.google.android.gsf.gservices
06-20 23:11:37.413   801   801 E ActivityThread: Failed to find provider info for com.google.android.gsf.gservices
06-20 23:11:37.414   801   801 E ActivityThread: Failed to find provider info for com.google.android.gsf.gservices
06-20 23:11:37.415   801   801 E ActivityThread: Failed to find provider info for com.google.android.gsf.gservices
06-20 23:11:37.448   801   801 E ActivityThread: Failed to find provider info for com.google.android.gsf.gservices
06-20 23:11:37.449   801   801 E ActivityThread: Failed to find provider info for com.google.android.gsf.gservices
06-20 23:11:37.521   565   565 W VibratorService: Tried to stop vibrating but there is no vibrator device.
06-20 23:11:37.522   565   565 E CMHardwareService: Vibrator is not supported
06-20 23:11:37.523   565   565 E CMHardwareService: Vibrator is not supported
06-20 23:11:37.524   565   565 D ConditionProviders.SCP: onSubscribe condition://android/schedule?days=1.2.3.4.5&start=22.0&end=7.0&exitAtAlarm=false
06-20 23:11:37.525   565   565 D ConditionProviders.SCP: setRegistered true
06-20 23:11:37.525   565   565 D ConditionProviders.SCP: notifyCondition condition://android/schedule?days=1.2.3.4.5&start=22.0&end=7.0&exitAtAlarm=false STATE_TRUE reason=meetsSchedule
06-20 23:11:37.527   565   565 D ConditionProviders.SCP: Scheduling evaluate for Fri Jun 21 07:00:00 PDT 2019 (1561125600000), in +7h48m22s475ms, now=Thu Jun 20 23:11:37 PDT 2019 (1561097497525)
06-20 23:11:37.527   565   565 D ConditionProviders.SCP: onSubscribe condition://android/schedule?days=6.7&start=23.30&end=10.0&exitAtAlarm=false
06-20 23:11:37.527   565   565 D ConditionProviders.SCP: notifyCondition condition://android/schedule?days=6.7&start=23.30&end=10.0&exitAtAlarm=false STATE_FALSE reason=!meetsSchedule
06-20 23:11:37.528   565   565 D ConditionProviders.SCP: notifyCondition condition://android/schedule?days=1.2.3.4.5&start=22.0&end=7.0&exitAtAlarm=false STATE_TRUE reason=meetsSchedule
06-20 23:11:37.528   565   565 D ConditionProviders.SCP: Scheduling evaluate for Thu Jun 20 23:30:00 PDT 2019 (1561098600000), in +18m22s473ms, now=Thu Jun 20 23:11:37 PDT 2019 (1561097497527)
06-20 23:11:37.530   193   197 I e2fsck  : Pass 3: Checking directory connectivity
06-20 23:11:37.531   193   197 I e2fsck  : Pass 4: Checking reference counts
06-20 23:11:37.536   565   565 I Telecom : WiredHeadsetManager: ACTION_HEADSET_PLUG event, plugged in: false, : WHC.oADA@AAE
06-20 23:11:37.542   801   801 W DynamiteModule: Local module descriptor class for providerinstaller not found.
06-20 23:11:37.544   565   565 I ActivityManager: user 0 is still locked. Cannot load recents
06-20 23:11:37.547   801   801 E ActivityThread: Failed to find provider info for com.google.android.gsf.gservices
06-20 23:11:37.549   565   634 E ActivityThread: Failed to find provider info for com.android.calendar
06-20 23:11:37.550   565   634 E ActivityThread: Failed to find provider info for com.android.calendar
06-20 23:11:37.601   801   801 W ProviderHelper: Unknown dynamite feature providerinstaller
06-20 23:11:37.602   801   801 E ActivityThread: Failed to find provider info for com.google.android.gsf.gservices
06-20 23:11:37.612   801   801 E ActivityThread: Failed to find provider info for com.google.android.gsf.gservices
06-20 23:11:37.613   801   801 I DynamiteModule: Considering local module providerinstaller:0 and remote module providerinstaller:0
06-20 23:11:37.614   801   801 W ProviderInstaller: Failed to load providerinstaller module: No acceptable module found. Local version is 0 and remote version is 0.
06-20 23:11:37.643   801   801 V NativeCrypto: Registering com/google/android/gms/org/conscrypt/NativeCrypto's 284 native methods...
06-20 23:11:37.666   565   578 I SyncManager: Got SyncJobService instance.
06-20 23:11:37.666   565   565 I FusedLocation: engine started (com.android.location.fused)
06-20 23:11:37.709   820   820 D PhoneSwitcherNetworkRequstListener: Registering NetworkFactory
06-20 23:11:37.710   565   628 D ConnectivityService: Got NetworkFactory Messenger for PhoneSwitcherNetworkRequstListener
06-20 23:11:37.716   801   801 D NetworkSecurityConfig: Using Network Security Config from resource network_security_config debugBuild: false
06-20 23:11:37.720   565   628 D ConnectivityService: Got NetworkFactory Messenger for TelephonyNetworkFactory[0]
06-20 23:11:37.721   801   801 I ProviderInstaller: Installed default security provider GmsCore_OpenSSL
06-20 23:11:37.725   801   801 E ActivityThread: Failed to find provider info for com.google.android.gsf.gservices
06-20 23:11:37.726   801   801 E ActivityThread: Failed to find provider info for com.google.android.gsf.gservices
06-20 23:11:37.727   801   801 E ActivityThread: Failed to find provider info for com.google.android.gsf.gservices
06-20 23:11:37.728   801   801 E ActivityThread: Failed to find provider info for com.google.android.gsf.gservices
06-20 23:11:37.739   820   899 E ActivityThread: Failed to find provider info for com.android.contacts
06-20 23:11:37.739   820   899 W CallerInfoCache: cursor is null
06-20 23:11:37.746   820   820 D CarrierConfigLoader: CarrierConfigLoader has started
06-20 23:11:37.754   801   801 E ActivityThread: Failed to find provider info for com.google.android.gsf.gservices
06-20 23:11:37.756   565   835 D BluetoothManagerService: Trying to bind to profile: 1, while Bluetooth was disabled
06-20 23:11:37.759   801   801 E ActivityThread: Failed to find provider info for com.google.android.gsf.gservices
06-20 23:11:37.766   801   801 E ActivityThread: Failed to find provider info for com.google.android.gsf.gservices
06-20 23:11:37.768   801   801 E ActivityThread: Failed to find provider info for com.google.android.gsf.gservices
06-20 23:11:37.770   801   801 E ActivityThread: Failed to find provider info for com.google.android.gsf.gservices
06-20 23:11:37.775   801   801 E ActivityThread: Failed to find provider info for com.google.android.gsf.gservices
06-20 23:11:37.776   801   801 E ActivityThread: Failed to find provider info for com.google.android.gsf.gservices
06-20 23:11:37.778   801   801 E ActivityThread: Failed to find provider info for com.google.android.gsf.gservices
06-20 23:11:37.780   820   820 I Telephony: TtyManager: updateUiTtyMode -1 -> 0
06-20 23:11:37.790   801   801 E ActivityThread: Failed to find provider info for com.google.android.gsf.gservices
06-20 23:11:37.791   801   801 E ActivityThread: Failed to find provider info for com.google.android.gsf.gservices
06-20 23:11:37.793   801   801 E ActivityThread: Failed to find provider info for com.google.android.gsf.gservices
06-20 23:11:37.801   801   801 E ActivityThread: Failed to find provider info for com.google.android.gsf.gservices
06-20 23:11:37.815   801   801 E ActivityThread: Failed to find provider info for com.google.android.gsf.gservices
06-20 23:11:37.818   801   801 E ActivityThread: Failed to find provider info for com.google.android.gsf.gservices
06-20 23:11:37.819   801   801 E ActivityThread: Failed to find provider info for com.google.android.gsf.gservices
06-20 23:11:37.820   801   801 E ActivityThread: Failed to find provider info for com.google.android.gsf.gservices
06-20 23:11:37.821   801   801 E ActivityThread: Failed to find provider info for com.google.android.gsf.gservices
06-20 23:11:37.823   820   820 D PhoneSwitcherNetworkRequstListener: got request NetworkRequest [ REQUEST id=1, [ Capabilities: INTERNET&NOT_RESTRICTED&TRUSTED&NOT_VPN] ] with score 0
06-20 23:11:37.823   801   801 E ActivityThread: Failed to find provider info for com.google.android.gsf.gservices
06-20 23:11:37.823   820   820 D PhoneSwitcherNetworkRequstListener: got request NetworkRequest [ TRACK_DEFAULT id=4, [ Capabilities: INTERNET&NOT_RESTRICTED&TRUSTED&NOT_VPN] ] with score 0
06-20 23:11:37.825   801   801 E ActivityThread: Failed to find provider info for com.google.android.gsf.gservices
06-20 23:11:37.825   820   820 D TelephonyDebugService: TelephonyDebugService()
06-20 23:11:37.826   801   801 E ActivityThread: Failed to find provider info for com.google.android.gsf.gservices
06-20 23:11:37.826   820   820 D CarrierConfigLoader: mHandler: 12 phoneId: 0
06-20 23:11:37.827   801   801 E ActivityThread: Failed to find provider info for com.google.android.gsf.gservices
06-20 23:11:37.828   801   801 E ActivityThread: Failed to find provider info for com.google.android.gsf.gservices
06-20 23:11:37.836   820   820 E PhoneInterfaceManager: [PhoneIntfMgr] getIccId: No UICC
06-20 23:11:37.845   565   575 W Telecom : : registerPhoneAccount not allowed on non-voice capable device.: TSI.rPA@AAM
06-20 23:11:37.846   820   820 I Telephony: AccountEntry: Registered phoneAccount: [[ ] PhoneAccount: ComponentInfo{com.android.phone/com.android.services.telephony.TelephonyConnectionService}, [e0184adedf913b076626646d3f52c3b49c39ad6d], UserHandle{0} Capabilities: CallProvider MultiUser PlaceEmerg SimSub  Audio Routes: BESW Schemes: tel voicemail  Extras: null GroupId: [da39a3ee5e6b4b0d3255bfef95601890afd80709]] with handle: ComponentInfo{com.android.phone/com.android.services.telephony.TelephonyConnectionService}, [e0184adedf913b076626646d3f52c3b49c39ad6d], UserHandle{0}
06-20 23:11:37.849   820   820 I Telephony: PstnIncomingCallNotifier: Registering: Handler (com.android.internal.telephony.GsmCdmaPhone) {7fc5472}
06-20 23:11:37.860   820   820 E PhoneInterfaceManager: [PhoneIntfMgr] getIccId: No UICC
06-20 23:11:37.864   565   835 W Telecom : : registerPhoneAccount not allowed on non-voice capable device.: TSI.rPA@AAY
06-20 23:11:37.878   801   801 E ActivityThread: Failed to find provider info for com.google.android.gsf.gservices
06-20 23:11:37.882   801   801 E ActivityThread: Failed to find provider info for com.google.android.gsf.gservices
06-20 23:11:37.889   801   801 E ActivityThread: Failed to find provider info for com.google.android.gsf.gservices
06-20 23:11:37.891   801   801 E ActivityThread: Failed to find provider info for com.google.android.gsf.gservices
06-20 23:11:37.892   801   801 E ActivityThread: Failed to find provider info for com.google.android.gsf.gservices
06-20 23:11:37.893   801   801 E ActivityThread: Failed to find provider info for com.google.android.gsf.gservices
06-20 23:11:37.894   801   801 E ActivityThread: Failed to find provider info for com.google.android.gsf.gservices
06-20 23:11:37.896   801   801 E ActivityThread: Failed to find provider info for com.google.android.gsf.gservices
06-20 23:11:37.897   801   801 E ActivityThread: Failed to find provider info for com.google.android.gsf.gservices
06-20 23:11:37.899   801   801 E ActivityThread: Failed to find provider info for com.google.android.gsf.gservices
06-20 23:11:37.901   801   801 E ActivityThread: Failed to find provider info for com.google.android.gsf.gservices
06-20 23:11:37.902   801   801 E ActivityThread: Failed to find provider info for com.google.android.gsf.gservices
06-20 23:11:37.904   801   801 E ActivityThread: Failed to find provider info for com.google.android.gsf.gservices
06-20 23:11:37.907   801   801 W PrimesInit: Primes instant initialization
06-20 23:11:37.916   801   904 E ActivityThread: Failed to find provider info for com.google.android.gsf.gservices
06-20 23:11:37.919   801   801 E ActivityThread: Failed to find provider info for com.google.android.gsf.gservices
06-20 23:11:37.922   801   904 E ActivityThread: Failed to find provider info for com.google.android.gsf.gservices
06-20 23:11:37.923   801   801 E ActivityThread: Failed to find provider info for com.google.android.gsf.gservices
06-20 23:11:37.924   801   801 E ActivityThread: Failed to find provider info for com.google.android.gsf.gservices
06-20 23:11:37.934   801   801 E ActivityThread: Failed to find provider info for com.google.android.gsf.gservices
06-20 23:11:37.940   801   801 E ActivityThread: Failed to find provider info for com.google.android.gsf.gservices
06-20 23:11:37.941   801   801 E ActivityThread: Failed to find provider info for com.google.android.gsf.gservices
06-20 23:11:37.943   801   801 E ActivityThread: Failed to find provider info for com.google.android.gsf.gservices
06-20 23:11:37.949   801   904 E ActivityThread: Failed to find provider info for com.google.android.gsf.gservices
06-20 23:11:37.963   801   904 E ActivityThread: Failed to find provider info for com.google.android.gsf.gservices
06-20 23:11:37.973   801   811 W art     : Suspending all threads took: 8.636ms
06-20 23:11:37.981   801   904 E ActivityThread: Failed to find provider info for com.google.android.gsf.gservices
06-20 23:11:37.981   801   801 E ActivityThread: Failed to find provider info for com.google.android.gsf.gservices
06-20 23:11:37.990   801   904 E ActivityThread: Failed to find provider info for com.google.android.gsf.gservices
06-20 23:11:37.990   801   904 W Primes  : background initialization
06-20 23:11:37.991   801   801 E ActivityThread: Failed to find provider info for com.google.android.gsf.gservices
06-20 23:11:37.993   801   801 E ActivityThread: Failed to find provider info for com.google.android.gsf.gservices
06-20 23:11:37.994   801   801 E ActivityThread: Failed to find provider info for com.google.android.gsf.gservices
06-20 23:11:37.995   801   801 E ActivityThread: Failed to find provider info for com.google.android.gsf.gservices
06-20 23:11:37.996   801   904 E ActivityThread: Failed to find provider info for com.google.android.gsf.gservices
06-20 23:11:37.998   801   801 E ActivityThread: Failed to find provider info for com.google.android.gsf.gservices
06-20 23:11:37.999   801   904 I PrimesTesting: GserviceFlagsSupplier.get()
06-20 23:11:38.002   801   904 E ActivityThread: Failed to find provider info for com.google.android.gsf.gservices
06-20 23:11:38.003   801   904 E ActivityThread: Failed to find provider info for com.google.android.gsf.gservices
06-20 23:11:38.004   801   904 E ActivityThread: Failed to find provider info for com.google.android.gsf.gservices
06-20 23:11:38.006   801   904 E ActivityThread: Failed to find provider info for com.google.android.gsf.gservices
06-20 23:11:38.007   801   904 E ActivityThread: Failed to find provider info for com.google.android.gsf.gservices
06-20 23:11:38.008   801   904 E ActivityThread: Failed to find provider info for com.google.android.gsf.gservices
06-20 23:11:38.009   801   801 E ActivityThread: Failed to find provider info for com.google.android.gsf.gservices
06-20 23:11:38.010   801   904 E ActivityThread: Failed to find provider info for com.google.android.gsf.gservices
06-20 23:11:38.011   801   904 E ActivityThread: Failed to find provider info for com.google.android.gsf.gservices
06-20 23:11:38.034   801   801 E ActivityThread: Failed to find provider info for com.google.android.gsf.gservices
06-20 23:11:38.035   801   801 E ActivityThread: Failed to find provider info for com.google.android.gsf.gservices
06-20 23:11:38.037   801   801 E ActivityThread: Failed to find provider info for com.google.android.gsf.gservices
06-20 23:11:38.040   801   801 E ActivityThread: Failed to find provider info for com.google.android.gsf.gservices
06-20 23:11:38.048   668   668 D ClockController: onTuningChanged key=cmsystem:status_bar_clock value=0
06-20 23:11:38.050   801   801 E ActivityThread: Failed to find provider info for com.google.android.gsf.gservices
06-20 23:11:38.052   668   668 D ClockController: onTuningChanged key=cmsystem:status_bar_am_pm value=0
06-20 23:11:38.053   668   668 D ClockController: onTuningChanged key=clock_seconds value=0
06-20 23:11:38.079   834   834 D SimSelectNotification:  no of slots 1 provision = true
06-20 23:11:38.097   565   615 W ConnectivityExtension: ConnectivityExt jar file not present
06-20 23:11:38.102   668   668 D LocalBluetoothProfileManager: Adding local MAP profile
06-20 23:11:38.108   668   668 D BluetoothMap: Create BluetoothMap proxy object
06-20 23:11:38.114   668   668 D LocalBluetoothProfileManager: LocalBluetoothProfileManager construction complete
06-20 23:11:38.136   668   668 I CameraManagerGlobal: Connecting to camera service
06-20 23:11:38.138   245   245 I CameraService: getCameraCharacteristics: Switching to HAL1 shim implementation...
06-20 23:11:38.138   245   245 I CameraService: CameraService::connect call (PID -1 "cameraserver", camera ID 0) for HAL version default and Camera API version 1
06-20 23:11:38.139   245   245 E CameraService: getCameraPriorityFromProcState: Received invalid process state -1 from ActivityManagerService!
06-20 23:11:38.146   254   911 E WVMExtractor: Failed to open libwvm.so: dlopen failed: library "libwvm.so" not found
06-20 23:11:38.147   801   903 E ActivityThread: Failed to find provider info for com.google.android.gsf.gservices
06-20 23:11:38.148   249   370 D DrmCtaPlugIn: onInitialize() : uniqueId : 6940
06-20 23:11:38.148   249   370 D DrmCtaPlugIn: encrypt thread has being created
06-20 23:11:38.148   249   370 D DrmCtaPlugIn: decrypt thread has being created
06-20 23:11:38.148   249   370 D DrmCtaPlugIn: onSetOnInfoListener(): uniqueId : 6940
06-20 23:11:38.148   249   370 D DrmCtaPlugIn: onSetOnInfoListener(): native
06-20 23:11:38.148   249   370 D DrmMtkPlugIn: DrmMtkPlugIn::onInitialize : 6940
06-20 23:11:38.148   249   370 D DrmMtkPlugIn: DrmMtkPlugIn::onSetOnInfoListener : 6940
06-20 23:11:38.149   801   903 E ActivityThread: Failed to find provider info for com.google.android.gsf.gservices
06-20 23:11:38.151   249   249 D DrmCtaPlugIn: onOpenDecryptSession() [6940], fd = 5, offset = 0, length = 5951
06-20 23:11:38.151   249   249 E DrmCtaPlugIn: [ERROR]onOpenDecryptSession - The key is not set by user
06-20 23:11:38.151   249   249 D DrmMtkPlugIn: onOpenDecryptSession() [6940], Start with file descryptor
06-20 23:11:38.152   249   249 E DrmMtkUtil/DrmUtil: parseDcf: not dcf type, dcf version value [79]
06-20 23:11:38.152   249   249 E DrmMtkPlugIn: onOpenDecryptSession() : failed to parse dcf file.
06-20 23:11:38.153   249   249 D DrmCtaPlugIn: onTerminate():uniqueId : 6940
06-20 23:11:38.153   565   580 W WindowManager: Keyguard drawn timeout. Setting mKeyguardDrawComplete
06-20 23:11:38.153   249   249 D DrmMtkPlugIn: DrmMtkPlugIn::onTerminate : 6940
06-20 23:11:38.155   801   903 E ActivityThread: Failed to find provider info for com.google.android.gsf.gservices
06-20 23:11:38.156   801   903 E ActivityThread: Failed to find provider info for com.google.android.gsf.gservices
06-20 23:11:38.160   249   370 D DrmCtaPlugIn: onInitialize() : uniqueId : 4926
06-20 23:11:38.160   249   370 D DrmCtaPlugIn: encrypt thread has being created
06-20 23:11:38.160   249   370 D DrmCtaPlugIn: decrypt thread has being created
06-20 23:11:38.160   249   370 D DrmCtaPlugIn: onSetOnInfoListener(): uniqueId : 4926
06-20 23:11:38.160   249   370 D DrmCtaPlugIn: onSetOnInfoListener(): native
06-20 23:11:38.160   249   370 D DrmMtkPlugIn: DrmMtkPlugIn::onInitialize : 4926
06-20 23:11:38.160   249   370 D DrmMtkPlugIn: DrmMtkPlugIn::onSetOnInfoListener : 4926
06-20 23:11:38.160   249   249 D DrmCtaPlugIn: onOpenDecryptSession() [4926], fd = 5, offset = 0, length = 5951
06-20 23:11:38.160   249   249 E DrmCtaPlugIn: [ERROR]onOpenDecryptSession - The key is not set by user
06-20 23:11:38.160   249   249 D DrmMtkPlugIn: onOpenDecryptSession() [4926], Start with file descryptor
06-20 23:11:38.160   249   249 E DrmMtkUtil/DrmUtil: parseDcf: not dcf type, dcf version value [79]
06-20 23:11:38.160   249   249 E DrmMtkPlugIn: onOpenDecryptSession() : failed to parse dcf file.
06-20 23:11:38.161   249   249 D DrmCtaPlugIn: onTerminate():uniqueId : 4926
06-20 23:11:38.161   249   249 D DrmMtkPlugIn: DrmMtkPlugIn::onTerminate : 4926
06-20 23:11:38.166   254   910 D NuPlayerDriver: notifyListener_l(0xf6020ae0), (1, 0, 0), loop setting(0, 0)
06-20 23:11:38.171   249   370 D DrmCtaPlugIn: onInitialize() : uniqueId : 6513
06-20 23:11:38.171   249   370 D DrmCtaPlugIn: encrypt thread has being created
06-20 23:11:38.171   249   370 D DrmCtaPlugIn: decrypt thread has being created
06-20 23:11:38.171   249   370 D DrmCtaPlugIn: onSetOnInfoListener(): uniqueId : 6513
06-20 23:11:38.171   249   370 D DrmCtaPlugIn: onSetOnInfoListener(): native
06-20 23:11:38.171   249   370 D DrmMtkPlugIn: DrmMtkPlugIn::onInitialize : 6513
06-20 23:11:38.171   249   370 D DrmMtkPlugIn: DrmMtkPlugIn::onSetOnInfoListener : 6513
06-20 23:11:38.172   249   249 D DrmCtaPlugIn: onOpenDecryptSession() [6513], fd = 5, offset = 0, length = 6483
06-20 23:11:38.172   249   249 E DrmCtaPlugIn: [ERROR]onOpenDecryptSession - The key is not set by user
06-20 23:11:38.172   249   249 D DrmMtkPlugIn: onOpenDecryptSession() [6513], Start with file descryptor
06-20 23:11:38.173   249   249 E DrmMtkUtil/DrmUtil: parseDcf: not dcf type, dcf version value [79]
06-20 23:11:38.173   249   249 E DrmMtkPlugIn: onOpenDecryptSession() : failed to parse dcf file.
06-20 23:11:38.174   249   249 D DrmCtaPlugIn: onTerminate():uniqueId : 6513
06-20 23:11:38.174   249   249 D DrmMtkPlugIn: DrmMtkPlugIn::onTerminate : 6513
06-20 23:11:38.177   249   370 D DrmCtaPlugIn: onInitialize() : uniqueId : 6054
06-20 23:11:38.177   249   370 D DrmCtaPlugIn: encrypt thread has being created
06-20 23:11:38.177   249   370 D DrmCtaPlugIn: decrypt thread has being created
06-20 23:11:38.177   249   370 D DrmCtaPlugIn: onSetOnInfoListener(): uniqueId : 6054
06-20 23:11:38.177   249   370 D DrmCtaPlugIn: onSetOnInfoListener(): native
06-20 23:11:38.177   249   370 D DrmMtkPlugIn: DrmMtkPlugIn::onInitialize : 6054
06-20 23:11:38.177   249   370 D DrmMtkPlugIn: DrmMtkPlugIn::onSetOnInfoListener : 6054
06-20 23:11:38.178   249   249 D DrmCtaPlugIn: onOpenDecryptSession() [6054], fd = 5, offset = 0, length = 6483
06-20 23:11:38.178   249   249 E DrmCtaPlugIn: [ERROR]onOpenDecryptSession - The key is not set by user
06-20 23:11:38.178   249   249 D DrmMtkPlugIn: onOpenDecryptSession() [6054], Start with file descryptor
06-20 23:11:38.178   249   249 E DrmMtkUtil/DrmUtil: parseDcf: not dcf type, dcf version value [79]
06-20 23:11:38.178   249   249 E DrmMtkPlugIn: onOpenDecryptSession() : failed to parse dcf file.
06-20 23:11:38.178   249   249 D DrmCtaPlugIn: onTerminate():uniqueId : 6054
06-20 23:11:38.178   249   249 D DrmMtkPlugIn: DrmMtkPlugIn::onTerminate : 6054
06-20 23:11:38.185   254   914 D NuPlayerDriver: notifyListener_l(0xf6020c00), (1, 0, 0), loop setting(0, 0)
06-20 23:11:38.186   249   370 D DrmCtaPlugIn: onInitialize() : uniqueId : 7146
06-20 23:11:38.186   249   370 D DrmCtaPlugIn: encrypt thread has being created
06-20 23:11:38.186   249   370 D DrmCtaPlugIn: decrypt thread has being created
06-20 23:11:38.186   249   370 D DrmCtaPlugIn: onSetOnInfoListener(): uniqueId : 7146
06-20 23:11:38.186   249   370 D DrmCtaPlugIn: onSetOnInfoListener(): native
06-20 23:11:38.186   249   370 D DrmMtkPlugIn: DrmMtkPlugIn::onInitialize : 7146
06-20 23:11:38.186   249   370 D DrmMtkPlugIn: DrmMtkPlugIn::onSetOnInfoListener : 7146
06-20 23:11:38.187   249   249 D DrmCtaPlugIn: onOpenDecryptSession() [7146], fd = 5, offset = 0, length = 6528
06-20 23:11:38.187   249   249 E DrmCtaPlugIn: [ERROR]onOpenDecryptSession - The key is not set by user
06-20 23:11:38.187   249   249 D DrmMtkPlugIn: onOpenDecryptSession() [7146], Start with file descryptor
06-20 23:11:38.188   249   249 E DrmMtkUtil/DrmUtil: parseDcf: not dcf type, dcf version value [79]
06-20 23:11:38.188   249   249 E DrmMtkPlugIn: onOpenDecryptSession() : failed to parse dcf file.
06-20 23:11:38.189   249   249 D DrmCtaPlugIn: onTerminate():uniqueId : 7146
06-20 23:11:38.189   249   249 D DrmMtkPlugIn: DrmMtkPlugIn::onTerminate : 7146
06-20 23:11:38.192   249   370 D DrmCtaPlugIn: onInitialize() : uniqueId : 7875
06-20 23:11:38.192   249   370 D DrmCtaPlugIn: encrypt thread has being created
06-20 23:11:38.192   249   370 D DrmCtaPlugIn: decrypt thread has being created
06-20 23:11:38.192   249   370 D DrmCtaPlugIn: onSetOnInfoListener(): uniqueId : 7875
06-20 23:11:38.192   249   370 D DrmCtaPlugIn: onSetOnInfoListener(): native
06-20 23:11:38.192   249   370 D DrmMtkPlugIn: DrmMtkPlugIn::onInitialize : 7875
06-20 23:11:38.192   249   370 D DrmMtkPlugIn: DrmMtkPlugIn::onSetOnInfoListener : 7875
06-20 23:11:38.193   249   249 D DrmCtaPlugIn: onOpenDecryptSession() [7875], fd = 5, offset = 0, length = 6528
06-20 23:11:38.193   249   249 E DrmCtaPlugIn: [ERROR]onOpenDecryptSession - The key is not set by user
06-20 23:11:38.193   249   249 D DrmMtkPlugIn: onOpenDecryptSession() [7875], Start with file descryptor
06-20 23:11:38.193   249   249 E DrmMtkUtil/DrmUtil: parseDcf: not dcf type, dcf version value [79]
06-20 23:11:38.193   249   249 E DrmMtkPlugIn: onOpenDecryptSession() : failed to parse dcf file.
06-20 23:11:38.194   249   249 D DrmCtaPlugIn: onTerminate():uniqueId : 7875
06-20 23:11:38.194   249   249 D DrmMtkPlugIn: DrmMtkPlugIn::onTerminate : 7875
06-20 23:11:38.198   254   916 D NuPlayerDriver: notifyListener_l(0xf6020cc0), (1, 0, 0), loop setting(0, 0)
06-20 23:11:38.202   245   245 I CameraFlashlight: Opening camera 0
06-20 23:11:38.366   245   245 I MtkCam/Cam1DeviceFactory: (245)[createCam1Device] + OpenID:0
06-20 23:11:38.367   245   245 D ResMgrDrv: [Init]First user(0)
06-20 23:11:38.367   245   245 D ResMgrDrv: [SetMode]ScenSw(1),ScenHw(0),Dev(0)
06-20 23:11:38.368   245   245 D ResMgrDrv: [GetMode]ScenSw(0),ScenHw(0),Dev(0)
06-20 23:11:38.368   245   245 D ResMgrDrv: [SetMode]OK
06-20 23:11:38.368   245   245 I BWC     : get_bwc_mm_property success
06-20 23:11:38.368   245   245 I BWC     : Read DDR type string:LPDDR3_1600
06-20 23:11:38.368   245   245 I BWC     : DDR Type = -1
06-20 23:11:38.369   245   245 I BWC     : smi_bw_ctrl_set: scen 1, turn off
06-20 23:11:38.369   245   245 I BWC     : emi_string is CON_SCE_NORMAL
06-20 23:11:38.369   245   245 I BWC     : emi_bw_ctrl_set: CON_SCE_NORMAL OFF
06-20 23:11:38.369   245   245 I BWC     : set_bwc_mm_property: propterty_id=0, value1=0, value2=0 
06-20 23:11:38.369   245   245 I BWC     : Profile_Change:[BWCPT_CAMERA_PREVIEW]:OFF,current concurrency is 0x0
06-20 23:11:38.369   245   245 D ResMgrDrv: [CloseHdmi]En(1)
06-20 23:11:38.369   245   245 W ResMgrDrv: [CloseHdmi]WRN(  381):HDMITX kernel open fail, errno(2):No such file or directory
06-20 23:11:38.369   245   245 I MtkCam/MtkCamUtils: {CamProfile}[DefaultCam1Device::onInit] Resource -: (0-th) ===> [start-->now: 2 ms]
06-20 23:11:38.369   245   245 D aaa_state: [StateUninit::sendIntent]<eIntent_Init>
06-20 23:11:38.370   245   919 D SeninfDrvImp: [init][init]: Entry count 0 
06-20 23:11:38.371   245   919 D SeninfDrvImp: [init]mpCAMIODrvRegAddr 0xf71d50f0 = 0x0, State: init  
06-20 23:11:38.371   245   919 D SeninfDrvImp: [init][init]: Exit count 1 
06-20 23:11:38.371   245   919 D ImgSensorDrv: [init]mUsers = 0
06-20 23:11:38.371   245   919 D ImgSensorDrv: [init][featureControl]: SENSOR_FEATURE_GET_PIXEL_CLOCK_FREQ
06-20 23:11:38.371   245   919 E ImgSensorDrv: [init]Err(  518):[init]:  SENSOR_FEATURE_GET_PIXEL_CLOCK_FREQ error = 0
06-20 23:11:38.371   245   919 D ImgSensorDrv: [init]m_LineTimeInus[0] = 31
06-20 23:11:38.371   245   919 D SeninfDrvImp: [setMclk1][setTg1PhaseCounter] pcEn(1) clkPol(0) CamPll(0x810001) mMclk1User(1)
06-20 23:11:38.360   245   245 I cameraserver: type=1400 audit(0.0:66): avc: denied { read } for name="camera-pipemgr" dev="tmpfs" ino=8826 scontext=u:r:cameraserver:s0 tcontext=u:object_r:device:s0 tclass=chr_file permissive=1
06-20 23:11:38.360   245   245 I cameraserver: type=1400 audit(0.0:67): avc: denied { open } for path="/dev/camera-pipemgr" dev="tmpfs" ino=8826 scontext=u:r:cameraserver:s0 tcontext=u:object_r:device:s0 tclass=chr_file permissive=1
06-20 23:11:38.360   245   245 I cameraserver: type=1400 audit(0.0:68): avc: denied { ioctl } for path="/dev/camera-pipemgr" dev="tmpfs" ino=8826 ioctlcmd=7004 scontext=u:r:cameraserver:s0 tcontext=u:object_r:device:s0 tclass=chr_file permissive=1
06-20 23:11:38.360   245   245 I cameraserver: type=1400 audit(0.0:69): avc: denied { read } for name="ddr_type" dev="sysfs" ino=17113 scontext=u:r:cameraserver:s0 tcontext=u:object_r:sysfs:s0 tclass=file permissive=1
06-20 23:11:38.360   245   245 I cameraserver: type=1400 audit(0.0:70): avc: denied { open } for path="/sys/bus/platform/drivers/ddr_type/ddr_type" dev="sysfs" ino=17113 scontext=u:r:cameraserver:s0 tcontext=u:object_r:sysfs:s0 tclass=file permissive=1
06-20 23:11:38.360   245   245 I cameraserver: type=1400 audit(0.0:71): avc: denied { write } for name="concurrency_scenario" dev="sysfs" ino=17108 scontext=u:r:cameraserver:s0 tcontext=u:object_r:sysfs:s0 tclass=file permissive=1
06-20 23:11:38.360   919   919 I initCamdevice: type=1400 audit(0.0:72): avc: denied { write } for name="camera-isp" dev="tmpfs" ino=8821 scontext=u:r:cameraserver:s0 tcontext=u:object_r:device:s0 tclass=chr_file permissive=1
06-20 23:11:38.380   245   245 I cameraserver: type=1400 audit(0.0:73): avc: denied { read } for name="m4u" dev="proc" ino=4026532080 scontext=u:r:cameraserver:s0 tcontext=u:object_r:proc:s0 tclass=file permissive=1
06-20 23:11:38.380   245   245 I cameraserver: type=1400 audit(0.0:74): avc: denied { open } for path="/proc/m4u" dev="proc" ino=4026532080 scontext=u:r:cameraserver:s0 tcontext=u:object_r:proc:s0 tclass=file permissive=1
06-20 23:11:38.380   245   245 I cameraserver: type=1400 audit(0.0:75): avc: denied { ioctl } for path="/proc/m4u" dev="proc" ino=4026532080 ioctlcmd=670b scontext=u:r:cameraserver:s0 tcontext=u:object_r:proc:s0 tclass=file permissive=1
06-20 23:11:38.371   245   919 D SeninfDrvImp: [setMclk1IODrivingCurrent][setIODrivingCurrent]:2 0x00000000
06-20 23:11:38.389   245   245 D buf_mgr : [init()] - E. m_Users: 0 
06-20 23:11:38.389   245   245 I IspDrv  : [getInstance] Gdma: 0.
