06-20 23:11:38.611   245   600 W MtkCam/CamClient/FDClient: (600)[stopFaceDetection] FD was not running
06-20 23:11:38.611   245   600 W MtkCam/CamClient/OTClient: (600)[stopOT] OT was not running
06-20 23:11:38.611   245   600 W MtkCam/RecordClient: (600)[stopPreview] Preview has been stopped
06-20 23:11:38.611   245   600 I MtkCam/Cam1Device: (600)(Default:1)[Cam1DeviceBase::stopPreview] -
06-20 23:11:38.612   245   600 I MtkCam/CamClient: (600)[uninit] + getStrongCount(1)
06-20 23:11:38.625   245   600 I MtkCam/CamClient: (600)[uninit] - getStrongCount(1)
06-20 23:11:38.625   245   600 I MtkCam/MtkCamUtils: {CamProfile}[DefaultCam1Device::onUninit] Cam1DeviceBase::onUninit() -: (0-th) ===> [start-->now: 13 ms]
06-20 23:11:38.625   245   600 D aaa_hal/3Athread: +
06-20 23:11:38.625   245   933 D aaa_hal/3Athread: -
06-20 23:11:38.625   245   600 D aaa_hal/3Athread: -
06-20 23:11:38.625   245   600 I IspDrv  : [uninit] +,mInitCount(7)
06-20 23:11:38.625   245   600 I IspDrv  : [ProfilingPrint] [Event_IspDrv_Uninit] atomic_dec:(0-th) ===> [start-->now: 0.020000 ms]
06-20 23:11:38.625   245   600 I IspDrv  : [uninit] -,ret(1),mInitCount(6)
06-20 23:11:38.625   245   600 I IspDrv  : [ProfilingPrint] [Event_IspDrv_Uninit] Exit:(1-th) ===> [start-->now: 0.060000 ms] [last-->now: 0.040000 ms]
06-20 23:11:38.625   245   934 D aaa_hal : [AFThread] End 
06-20 23:11:38.627   245   935 D aaa_hal : [AFNotifyThreadLoop] mSemAFNotify wait done
06-20 23:11:38.627   245   935 D aaa_hal : [AFNotifyThreadLoop] thread terminates
06-20 23:11:38.627   245   600 D aaa_hal : [AFThread] Delete
06-20 23:11:38.627   245   600 D aaa_state: [StateInit::sendIntent]<eIntent_Uninit>
06-20 23:11:38.627   245   600 D buf_mgr : [uninit()] - E. m_Users: 1 
06-20 23:11:38.628   245   600 I IspDrv  : [uninit] +,mInitCount(6)
06-20 23:11:38.628   245   600 I IspDrv  : [ProfilingPrint] [Event_IspDrv_Uninit] atomic_dec:(0-th) ===> [start-->now: 0.052000 ms]
06-20 23:11:38.628   245   600 I IspDrv  : [uninit] -,ret(1),mInitCount(5)
06-20 23:11:38.628   245   600 I IspDrv  : [ProfilingPrint] [Event_IspDrv_Uninit] Exit:(1-th) ===> [start-->now: 0.094000 ms] [last-->now: 0.042000 ms]
06-20 23:11:38.628   245   600 D aaa_state: [StateCommon::transitState] StateInit --> StateUninit
06-20 23:11:38.628   245   600 I IspDrv  : [uninit] +,mInitCount(5)
06-20 23:11:38.628   245   600 I IspDrv  : [ProfilingPrint] [Event_IspDrv_Uninit] atomic_dec:(0-th) ===> [start-->now: 0.016000 ms]
06-20 23:11:38.628   245   600 I IspDrv  : [uninit] -,ret(1),mInitCount(4)
06-20 23:11:38.628   245   600 I IspDrv  : [ProfilingPrint] [Event_IspDrv_Uninit] Exit:(1-th) ===> [start-->now: 0.048000 ms] [last-->now: 0.032000 ms]
06-20 23:11:38.628   245   600 D paramctrl_lifetime: [+uninit]
06-20 23:11:38.628   245   600 D ispdrv_mgr: [uninit()] - E. m_Users: 1 
06-20 23:11:38.628   245   600 I IspDrv  : [uninit] +,mInitCount(4)
06-20 23:11:38.628   245   600 I IspDrv  : [ProfilingPrint] [Event_IspDrv_Uninit] atomic_dec:(0-th) ===> [start-->now: 0.015000 ms]
06-20 23:11:38.628   245   600 I IspDrv  : [uninit] -,ret(1),mInitCount(3)
06-20 23:11:38.628   245   600 I IspDrv  : [ProfilingPrint] [Event_IspDrv_Uninit] Exit:(1-th) ===> [start-->now: 0.046000 ms] [last-->now: 0.031000 ms]
06-20 23:11:38.628   245   600 I TdriMgr : [uninit] mInitCount(1)
06-20 23:11:38.628   245   600 I TpipeDrv: [TpipeDrv][virtual MBOOL TpipeDrvImp::uninit()] X
06-20 23:11:38.629   245   600 I IspDrv  : [uninit] +,mInitCount(3)
06-20 23:11:38.629   245   600 I IspDrv  : [ProfilingPrint] [Event_IspDrv_Uninit] atomic_dec:(0-th) ===> [start-->now: 0.019000 ms]
06-20 23:11:38.629   245   600 I IspDrv  : [uninit] -,ret(1),mInitCount(2)
06-20 23:11:38.629   245   600 I IspDrv  : [ProfilingPrint] [Event_IspDrv_Uninit] Exit:(1-th) ===> [start-->now: 0.057000 ms] [last-->now: 0.038000 ms]
06-20 23:11:38.629   245   600 I TdriMgr : [uninit] Release
06-20 23:11:38.629   245   600 D lsc_mgr2_rto: [uninit +] SensorDev(2)
06-20 23:11:38.629   245   600 D lsc_mgr2_thread: [destroyThread +] 
06-20 23:11:38.629   245   936 D lsc_mgr2_rto_thread: [tsfPostCmd] TSF ON, eCmd(E_TSF_CMD_IDLE)
06-20 23:11:38.629   245   936 D lsc_mgr2_thread: [doThreadFunc -] 
06-20 23:11:38.629   245   600 D lsc_mgr2_rto_thread: [uninitThreadFunc +] 
06-20 23:11:38.629   245   600 D AppTsf  : [TsfExit] TsfExit
06-20 23:11:38.629   245   600 D AppTsf  : [~AppTsf] destructor
06-20 23:11:38.629   245   600 D tsf_core: [~TsfCore] destructor
06-20 23:11:38.629   245   600 D lsc_mgr2_rto_thread: [uninitThreadFunc -] 
06-20 23:11:38.629   245   600 D lsc_mgr2_thread: [destroyThread -] 
06-20 23:11:38.629   245   600 D ShadingTrans_RA: [~AppLscUtil] destructor
06-20 23:11:38.629   245   600 D ShadingTrans_RA: [~AppLscUtil] destructor
06-20 23:11:38.629   245   600 D lsc_mgr2: [RawLscTblUnInit +] m_eSensorDev(0x02)
06-20 23:11:38.629   245   600 D lsc_mgr2: [freeMemBuf] freeVirtBuf OK, memID(25), virtAddr(0xf7095000), phyAddr(0x20c00000)
06-20 23:11:38.629   245   600 D lsc_mgr2: [freeMemBuf] freeVirtBuf OK, memID(26), virtAddr(0xf7085000), phyAddr(0x20d00000)
06-20 23:11:38.629   245   600 D lsc_mgr2: [freeMemBuf] freeVirtBuf OK, memID(27), virtAddr(0xf7075000), phyAddr(0x20e00000)
06-20 23:11:38.629   245   600 D lsc_mgr2: [freeMemBuf] freeVirtBuf OK, memID(28), virtAddr(0xf7065000), phyAddr(0x20f00000)
06-20 23:11:38.629   245   600 D lsc_mgr2: [freeMemBuf] freeVirtBuf OK, memID(29), virtAddr(0xf34d3000), phyAddr(0x21000000)
06-20 23:11:38.630   245   600 D lsc_mgr2: [freeMemBuf] freeVirtBuf OK, memID(30), virtAddr(0xf34c3000), phyAddr(0x21100000)
06-20 23:11:38.630   245   600 D lsc_mgr2: [freeMemBuf] freeVirtBuf OK, memID(31), virtAddr(0xf34b3000), phyAddr(0x21200000)
06-20 23:11:38.630   245   600 D lsc_mgr2: [freeMemBuf] freeVirtBuf OK, memID(32), virtAddr(0xf34a3000), phyAddr(0x21300000)
06-20 23:11:38.630   245   600 D lsc_mgr2: [freeMemBuf] freeVirtBuf OK, memID(33), virtAddr(0xf3493000), phyAddr(0x21400000)
06-20 23:11:38.630   245   600 D lsc_mgr2: [freeMemBuf] freeVirtBuf OK, memID(34), virtAddr(0xf3483000), phyAddr(0x21500000)
06-20 23:11:38.630   245   600 D lsc_mgr2: [freeMemBuf] freeVirtBuf OK, memID(35), virtAddr(0xf710e000), phyAddr(0x21600000)
06-20 23:11:38.630   245   600 D lsc_mgr2: [freeMemBuf] freeVirtBuf OK, memID(36), virtAddr(0xf710a000), phyAddr(0x21700000)
06-20 23:11:38.630   245   600 D lsc_mgr2: [RawLscTblUnInit -] 
06-20 23:11:38.630   245   600 I IspDrv  : [uninit] +,mInitCount(2)
06-20 23:11:38.630   245   600 I IspDrv  : [ProfilingPrint] [Event_IspDrv_Uninit] atomic_dec:(0-th) ===> [start-->now: 0.018000 ms]
06-20 23:11:38.630   245   600 I IspDrv  : [uninit] -,ret(1),mInitCount(1)
06-20 23:11:38.630   245   600 I IspDrv  : [ProfilingPrint] [Event_IspDrv_Uninit] Exit:(1-th) ===> [start-->now: 0.056000 ms] [last-->now: 0.038000 ms]
06-20 23:11:38.630   245   600 D flicker_hal.cpp: func=releaseBuf ln=1001
06-20 23:11:38.630   245   600 I IspDrv  : [uninit] +,mInitCount(1)
06-20 23:11:38.630   245   600 I IspDrv  : [ProfilingPrint] [Event_IspDrv_Uninit] atomic_dec:(0-th) ===> [start-->now: 0.014000 ms]
06-20 23:11:38.630   245   600 I IspDrv  : [ProfilingPrint] [Event_IspDrv_Uninit] munmap(mpIspHwRegAddr):(1-th) ===> [start-->now: 0.041000 ms] [last-->now: 0.027000 ms]
06-20 23:11:38.630   245   600 I IspDrv  : [ProfilingPrint] [Event_IspDrv_Uninit] munmap(m_pRTBufTbl):(2-th) ===> [start-->now: 0.072000 ms] [last-->now: 0.031000 ms]
06-20 23:11:38.630   245   600 I IspDrv  : [ProfilingPrint] [Event_IspDrv_Uninit] m_pIMemDrv->unmapPhyAddr(m_ispVirRegBufInfo):(3-th) ===> [start-->now: 0.097000 ms] [last-->now: 0.025000 ms]
06-20 23:11:38.631   245   600 I IspDrv  : [ProfilingPrint] [Event_IspDrv_Uninit] m_pIMemDrv->freeVirtBuf(m_ispVirRegBufInfo):(4-th) ===> [start-->now: 0.887000 ms] [last-->now: 0.790000 ms]
06-20 23:11:38.631   245   600 I IspDrv  : [ProfilingPrint] [Event_IspDrv_Uninit] m_pIMemDrv->unmapPhyAddr(m_ispCQDescBufInfo):(5-th) ===> [start-->now: 0.926000 ms] [last-->now: 0.039000 ms]
06-20 23:11:38.631   245   600 I IspDrv  : [ProfilingPrint] [Event_IspDrv_Uninit] m_pIMemDrv->freeVirtBuf(m_ispCQDescBufInfo):(6-th) ===> [start-->now: 1.002000 ms] [last-->now: 0.076000 ms]
06-20 23:11:38.631   245   600 I IspDrv  : [ProfilingPrint] [Event_IspDrv_Uninit] m_pIMemDrv->uninit():(7-th) ===> [start-->now: 1.035000 ms] [last-->now: 0.033000 ms]
06-20 23:11:38.631   245   600 I IspDrv  : [ProfilingPrint] [Event_IspDrv_Uninit] m_pIMemDrv->destroyInstance():(8-th) ===> [start-->now: 1.060000 ms] [last-->now: 0.025000 ms]
06-20 23:11:38.631   245   600 I IspDrv  : [ProfilingPrint] [Event_IspDrv_Uninit] memset(tdriMgrInfoCq1):(9-th) ===> [start-->now: 1.084000 ms] [last-->now: 0.024000 ms]
06-20 23:11:38.631   245   600 I IspDrv  : [ProfilingPrint] [Event_IspDrv_Uninit] memset(tdriMgrInfoCq2):(10-th) ===> [start-->now: 1.108000 ms] [last-->now: 0.024000 ms]
06-20 23:11:38.631   245   600 I IspDrv  : [uninit] ISP Global Count: 0.
06-20 23:11:38.631   245   600 I IspDrv  : [ProfilingPrint] [Event_IspDrv_Uninit] close isp mFd:(11-th) ===> [start-->now: 1.191000 ms] [last-->now: 0.083000 ms]
06-20 23:11:38.631   245   600 I IspDrv  : [ProfilingPrint] [Event_IspDrv_Uninit] free(mpIspDrvRegMap):(12-th) ===> [start-->now: 1.225000 ms] [last-->now: 0.034000 ms]
06-20 23:11:38.631   245   600 I IspDrv  : [uninit] -,ret(1),mInitCount(0)
06-20 23:11:38.631   245   600 I IspDrv  : [ProfilingPrint] [Event_IspDrv_Uninit] Exit:(13-th) ===> [start-->now: 1.263000 ms] [last-->now: 0.038000 ms]
06-20 23:11:38.632   245   600 I MtkCam/MtkCamUtils: {CamProfile}[DefaultCam1Device::onUninit] 3A Hal -: (1-th) ===> [start-->now: 19 ms] [last-->now: 6 ms]
06-20 23:11:38.637   245   600 D SeninfDrvImp: [setMclk1][setTg1PhaseCounter] pcEn(0) clkPol(0) CamPll(0x810001) mMclk1User(0)
06-20 23:11:38.637   245   600 D ImgSensorDrv: [uninit]imgsensor_drv mUsers = 1
06-20 23:11:38.637   245   600 D SeninfDrvImp: [uninit][uninit]: 1 
06-20 23:11:38.637   245   600 D SeninfDrvImp: [uninit][uninit]: 0 
06-20 23:11:38.637   245   600 I MtkCam/MtkCamUtils: {CamProfile}[DefaultCam1Device::onUninit] Sensor Hal -: (2-th) ===> [start-->now: 25 ms] [last-->now: 5 ms]
06-20 23:11:38.637   245   600 D ResMgrDrv: [SetMode]ScenSw(0),ScenHw(0),Dev(0)
06-20 23:11:38.637   245   600 D ResMgrDrv: [GetMode]ScenSw(1),ScenHw(0),Dev(0)
06-20 23:11:38.637   245   600 D ResMgrDrv: [SetMode]OK
06-20 23:11:38.637   245   600 I BWC     : get_bwc_mm_property success
06-20 23:11:38.637   245   600 I BWC     : Read DDR type string:LPDDR3_1600
06-20 23:11:38.637   245   600 I BWC     : DDR Type = -1
06-20 23:11:38.638   245   600 I BWC     : smi_bw_ctrl_set: scen 1, turn off
06-20 23:11:38.638   245   600 I BWC     : emi_string is CON_SCE_NORMAL
06-20 23:11:38.638   245   600 I BWC     : emi_bw_ctrl_set: CON_SCE_NORMAL OFF
06-20 23:11:38.638   245   600 I BWC     : set_bwc_mm_property: propterty_id=0, value1=0, value2=0 
06-20 23:11:38.638   245   600 I BWC     : Profile_Change:[BWCPT_CAMERA_PREVIEW]:OFF,current concurrency is 0x0
06-20 23:11:38.638   245   600 D ResMgrDrv: [CloseHdmi]En(0)
06-20 23:11:38.638   245   600 W ResMgrDrv: [CloseHdmi]WRN(  381):HDMITX kernel open fail, errno(2):No such file or directory
06-20 23:11:38.638   245   600 D ResMgrDrv: [Uninit]Last user(0)
06-20 23:11:38.638   245   600 I MtkCam/MtkCamUtils: {CamProfile}[DefaultCam1Device::onUninit] Resource -: (3-th) ===> [start-->now: 26 ms] [last-->now: 0 ms]
06-20 23:11:38.638   245   600 I MtkCam/MtkCamUtils: {CamProfile}[DefaultCam1Device::onUninit] : (4-th) ===> [start-->now: 26 ms] [last-->now: 0 ms]
06-20 23:11:38.638   245   600 I CameraFlashlight: Destroying camera 1
06-20 23:11:38.638   245   600 W MtkCam/devicemgr: [setTorchModeLocked] setTorchAvailableLocked Failed[No Flash]: deviceId:1
06-20 23:11:38.638   245   600 W MtkCam/devicemgr: [setTorchAvailableLocked] setTorchAvailableLocked Failed[No Flash]: deviceId:1
06-20 23:11:38.638   245   600 I MtkCam/MtkCamUtils: {CamProfile}[DefaultCam1Device::onUninit] Cam1DeviceBase::onUninit() -: (0-th) ===> [start-->now: 0 ms]
06-20 23:11:38.638   245   600 I MtkCam/MtkCamUtils: {CamProfile}[DefaultCam1Device::onUninit] 3A Hal -: (1-th) ===> [start-->now: 0 ms] [last-->now: 0 ms]
06-20 23:11:38.638   245   600 I MtkCam/MtkCamUtils: {CamProfile}[DefaultCam1Device::onUninit] Sensor Hal -: (2-th) ===> [start-->now: 0 ms] [last-->now: 0 ms]
06-20 23:11:38.638   245   600 W MtkCam/ResManager: [close] No user
06-20 23:11:38.638   245   600 I MtkCam/MtkCamUtils: {CamProfile}[DefaultCam1Device::onUninit] Resource -: (3-th) ===> [start-->now: 0 ms] [last-->now: 0 ms]
06-20 23:11:38.638   245   600 I MtkCam/MtkCamUtils: {CamProfile}[DefaultCam1Device::onUninit] : (4-th) ===> [start-->now: 0 ms] [last-->now: 0 ms]
06-20 23:11:38.640   245   600 I CameraService: disconnect: Disconnected client for camera 1 for PID 245
06-20 23:11:38.640   254   324 D NuPlayerDriver: reset(0xf6020ae0) at state 4
06-20 23:11:38.640   254   324 D NuPlayerDriver: notifyListener_l(0xf6020ae0), (8, 0, 0), loop setting(0, 0)
06-20 23:11:38.640   254   926 W AMessage: failed to post message as target looper for handler 0 is gone.
06-20 23:11:38.640   254   926 D NuPlayerDriver: notifyResetComplete(0xf6020ae0)
06-20 23:11:38.641   254   254 D NuPlayerDriver: reset(0xf6020c00) at state 4
06-20 23:11:38.641   254   254 D NuPlayerDriver: notifyListener_l(0xf6020c00), (8, 0, 0), loop setting(0, 0)
06-20 23:11:38.641   254   928 W AMessage: failed to post message as target looper for handler 0 is gone.
06-20 23:11:38.641   254   928 D NuPlayerDriver: notifyResetComplete(0xf6020c00)
06-20 23:11:38.641   254   254 D NuPlayerDriver: reset(0xf6020cc0) at state 4
06-20 23:11:38.641   254   254 D NuPlayerDriver: notifyListener_l(0xf6020cc0), (8, 0, 0), loop setting(0, 0)
06-20 23:11:38.641   254   930 W AMessage: failed to post message as target looper for handler 0 is gone.
06-20 23:11:38.641   254   930 D NuPlayerDriver: notifyResetComplete(0xf6020cc0)
06-20 23:11:38.701   565   575 I ActivityManager: Start proc 941:org.cyanogenmod.weather.provider/u0a28 for content provider org.cyanogenmod.weather.provider/.WeatherContentProvider
06-20 23:11:38.721   941   941 I art     : Starting a blocking GC AddRemoveAppImageSpace
06-20 23:11:38.722   941   941 W System  : ClassLoader referenced unknown path: /system/priv-app/WeatherProvider/lib/arm
06-20 23:11:38.720   402   402 I BootAnimation: type=1400 audit(0.0:79): avc: denied { ioctl } for path="/dev/mali0" dev="tmpfs" ino=8684 ioctlcmd=8217 scontext=u:r:bootanim:s0 tcontext=u:object_r:device:s0 tclass=chr_file permissive=1
06-20 23:11:38.778   668   957 E ActivityThread: Failed to find provider info for com.android.contacts
06-20 23:11:38.781   668   668 I StatusBar: isKeyguardShowing() called before startKeyguard(), returning true
06-20 23:11:38.785   668   668 W StatusBar: isKeyguardSecure() called before startKeyguard(), returning false
06-20 23:11:38.785   668   668 W StatusBar: java.lang.Throwable
06-20 23:11:38.785   668   668 W StatusBar: 	at com.android.systemui.statusbar.BaseStatusBar.isKeyguardSecure(BaseStatusBar.java:2694)
06-20 23:11:38.785   668   668 W StatusBar: 	at com.android.systemui.statusbar.BaseStatusBar.isCameraAllowedByAdmin(BaseStatusBar.java:2717)
06-20 23:11:38.785   668   668 W StatusBar: 	at com.android.systemui.statusbar.phone.KeyguardBottomAreaView.updateCameraVisibility(KeyguardBottomAreaView.java:386)
06-20 23:11:38.785   668   668 W StatusBar: 	at com.android.systemui.statusbar.phone.KeyguardBottomAreaView.setUserSetupComplete(KeyguardBottomAreaView.java:334)
06-20 23:11:38.785   668   668 W StatusBar: 	at com.android.systemui.statusbar.phone.PhoneStatusBar$2.onChange(PhoneStatusBar.java:557)
06-20 23:11:38.785   668   668 W StatusBar: 	at com.android.systemui.statusbar.phone.PhoneStatusBar.resetUserSetupObserver(PhoneStatusBar.java:4033)
06-20 23:11:38.785   668   668 W StatusBar: 	at com.android.systemui.statusbar.phone.PhoneStatusBar.makeStatusBarView(PhoneStatusBar.java:1171)
06-20 23:11:38.785   668   668 W StatusBar: 	at com.android.systemui.statusbar.phone.PhoneStatusBar.addStatusBarWindow(PhoneStatusBar.java:3770)
06-20 23:11:38.785   668   668 W StatusBar: 	at com.android.systemui.statusbar.phone.PhoneStatusBar.createAndAddWindows(PhoneStatusBar.java:3766)
06-20 23:11:38.785   668   668 W StatusBar: 	at com.android.systemui.statusbar.BaseStatusBar.start(BaseStatusBar.java:774)
06-20 23:11:38.785   668   668 W StatusBar: 	at com.android.systemui.statusbar.phone.PhoneStatusBar.start(PhoneStatusBar.java:806)
06-20 23:11:38.785   668   668 W StatusBar: 	at com.android.systemui.statusbar.SystemBars.createStatusBarFromConfig(SystemBars.java:106)
06-20 23:11:38.785   668   668 W StatusBar: 	at com.android.systemui.statusbar.SystemBars.onNoService(SystemBars.java:58)
06-20 23:11:38.785   668   668 W StatusBar: 	at com.android.systemui.statusbar.ServiceMonitor.startService(ServiceMonitor.java:230)
06-20 23:11:38.785   668   668 W StatusBar: 	at com.android.systemui.statusbar.ServiceMonitor.-wrap5(ServiceMonitor.java)
06-20 23:11:38.785   668   668 W StatusBar: 	at com.android.systemui.statusbar.ServiceMonitor$1.handleMessage(ServiceMonitor.java:73)
06-20 23:11:38.785   668   668 W StatusBar: 	at android.os.Handler.dispatchMessage(Handler.java:102)
06-20 23:11:38.785   668   668 W StatusBar: 	at android.os.Looper.loop(Looper.java:154)
06-20 23:11:38.785   668   668 W StatusBar: 	at android.app.ActivityThread.main(ActivityThread.java:6186)
06-20 23:11:38.785   668   668 W StatusBar: 	at java.lang.reflect.Method.invoke(Native Method)
06-20 23:11:38.785   668   668 W StatusBar: 	at com.android.internal.os.ZygoteInit$MethodAndArgsCaller.run(ZygoteInit.java:889)
06-20 23:11:38.785   668   668 W StatusBar: 	at com.android.internal.os.ZygoteInit.main(ZygoteInit.java:779)
06-20 23:11:38.786   668   668 I StatusBar: isKeyguardShowing() called before startKeyguard(), returning true
06-20 23:11:38.787   668   668 W StatusBar: isKeyguardSecure() called before startKeyguard(), returning false
06-20 23:11:38.787   668   668 W StatusBar: java.lang.Throwable
06-20 23:11:38.787   668   668 W StatusBar: 	at com.android.systemui.statusbar.BaseStatusBar.isKeyguardSecure(BaseStatusBar.java:2694)
06-20 23:11:38.787   668   668 W StatusBar: 	at com.android.systemui.statusbar.BaseStatusBar.isCameraAllowedByAdmin(BaseStatusBar.java:2717)
06-20 23:11:38.787   668   668 W StatusBar: 	at com.android.systemui.statusbar.phone.KeyguardBottomAreaView.updateCameraVisibility(KeyguardBottomAreaView.java:386)
06-20 23:11:38.787   668   668 W StatusBar: 	at com.android.systemui.statusbar.phone.KeyguardBottomAreaView.updateRightAffordanceIcon(KeyguardBottomAreaView.java:264)
06-20 23:11:38.787   668   668 W StatusBar: 	at com.android.systemui.statusbar.phone.KeyguardBottomAreaView.setUserSetupComplete(KeyguardBottomAreaView.java:335)
06-20 23:11:38.787   668   668 W StatusBar: 	at com.android.systemui.statusbar.phone.PhoneStatusBar$2.onChange(PhoneStatusBar.java:557)
06-20 23:11:38.787   668   668 W StatusBar: 	at com.android.systemui.statusbar.phone.PhoneStatusBar.resetUserSetupObserver(PhoneStatusBar.java:4033)
06-20 23:11:38.787   668   668 W StatusBar: 	at com.android.systemui.statusbar.phone.PhoneStatusBar.makeStatusBarView(PhoneStatusBar.java:1171)
06-20 23:11:38.787   668   668 W StatusBar: 	at com.android.systemui.statusbar.phone.PhoneStatusBar.addStatusBarWindow(PhoneStatusBar.java:3770)
06-20 23:11:38.787   668   668 W StatusBar: 	at com.android.systemui.statusbar.phone.PhoneStatusBar.createAndAddWindows(PhoneStatusBar.java:3766)
06-20 23:11:38.787   668   668 W StatusBar: 	at com.android.systemui.statusbar.BaseStatusBar.start(BaseStatusBar.java:774)
06-20 23:11:38.787   668   668 W StatusBar: 	at com.android.systemui.statusbar.phone.PhoneStatusBar.start(PhoneStatusBar.java:806)
06-20 23:11:38.787   668   668 W StatusBar: 	at com.android.systemui.statusbar.SystemBars.createStatusBarFromConfig(SystemBars.java:106)
06-20 23:11:38.787   668   668 W StatusBar: 	at com.android.systemui.statusbar.SystemBars.onNoService(SystemBars.java:58)
06-20 23:11:38.787   668   668 W StatusBar: 	at com.android.systemui.statusbar.ServiceMonitor.startService(ServiceMonitor.java:230)
06-20 23:11:38.787   668   668 W StatusBar: 	at com.android.systemui.statusbar.ServiceMonitor.-wrap5(ServiceMonitor.java)
06-20 23:11:38.787   668   668 W StatusBar: 	at com.android.systemui.statusbar.ServiceMonitor$1.handleMessage(ServiceMonitor.java:73)
06-20 23:11:38.787   668   668 W StatusBar: 	at android.os.Handler.dispatchMessage(Handler.java:102)
06-20 23:11:38.787   668   668 W StatusBar: 	at android.os.Looper.loop(Looper.java:154)
06-20 23:11:38.787   668   668 W StatusBar: 	at android.app.ActivityThread.main(ActivityThread.java:6186)
06-20 23:11:38.787   668   668 W StatusBar: 	at java.lang.reflect.Method.invoke(Native Method)
06-20 23:11:38.787   668   668 W StatusBar: 	at com.android.internal.os.ZygoteInit$MethodAndArgsCaller.run(ZygoteInit.java:889)
06-20 23:11:38.787   668   668 W StatusBar: 	at com.android.internal.os.ZygoteInit.main(ZygoteInit.java:779)
06-20 23:11:38.789   668   855 D OpenGLRenderer: profile bars disabled
06-20 23:11:38.789   668   855 D OpenGLRenderer: ambientRatio = 1.50
06-20 23:11:38.798   668   668 D PhoneStatusBar: disable: < EXPAND* icons alerts system_info BACK* HOME* RECENT* clock SEARCH* quick_settings >
06-20 23:11:38.875   668   668 D PhoneStatusBar: heads up is enabled
06-20 23:11:38.908   193   197 I e2fsck  : Pass 5: Checking group summary information
06-20 23:11:38.942   565   575 I ActivityManager: Setting hasTopUi=true for pid=668
06-20 23:11:38.950   239   239 D MALI    : eglCreateImageKHR:513: [Crop] 0 0 800 1232  img[800 1232] 
06-20 23:11:38.955   239   584 I SurfaceFlinger: Boot is finished (15959 ms)
06-20 23:11:38.970   236   236 I wmt_launcher: fw log ctrl flag has been set
06-20 23:11:38.970   236   236 I wmt_launcher: fw dynamic ctrl flag has been set
06-20 23:11:38.990   668   668 D PhoneStatusBar: disable: < EXPAND ICONS* alerts SYSTEM_INFO* BACK HOME RECENT clock SEARCH quick_settings >
06-20 23:11:38.994   668   668 W FingerprintManager: isFingerprintHardwareDetected(): Service not connected!
06-20 23:11:38.994   668   668 D PhoneStatusBar: disable: < EXPAND ICONS alerts SYSTEM_INFO BACK HOME RECENT clock SEARCH quick_settings >
06-20 23:11:38.995   668   668 W FingerprintManager: isFingerprintHardwareDetected(): Service not connected!
06-20 23:11:38.996   565   579 I VrManagerService: VR mode is disallowed
06-20 23:11:39.014   668   668 W FingerprintManager: isFingerprintHardwareDetected(): Service not connected!
06-20 23:11:39.000   862   862 I RenderThread: type=1400 audit(0.0:80): avc: denied { ioctl } for path="/dev/mali0" dev="tmpfs" ino=8684 ioctlcmd=8200 scontext=u:r:system_app:s0 tcontext=u:object_r:device:s0 tclass=chr_file permissive=1
06-20 23:11:39.021   565   835 V KeyguardServiceDelegate: **** SHOWN CALLED ****
06-20 23:11:39.021   668   668 I Choreographer: Skipped 100 frames!  The application may be doing too much work on its main thread.
06-20 23:11:39.030   668   668 D ViewRootImpl[StatusBar]: changeCanvasOpacity: opaque=true
06-20 23:11:39.162   565   588 I art     : Starting a blocking GC Explicit
06-20 23:11:39.190   668   855 I OpenGLRenderer: Initialized EGL, version 1.4
06-20 23:11:39.190   668   855 D OpenGLRenderer: Swap behavior 1
06-20 23:11:39.180   855   855 I RenderThread: type=1400 audit(0.0:81): avc: denied { read write } for name="mali0" dev="tmpfs" ino=8684 scontext=u:r:platform_app:s0:c512,c768 tcontext=u:object_r:device:s0 tclass=chr_file permissive=1
06-20 23:11:39.180   855   855 I RenderThread: type=1400 audit(0.0:82): avc: denied { open } for path="/dev/mali0" dev="tmpfs" ino=8684 scontext=u:r:platform_app:s0:c512,c768 tcontext=u:object_r:device:s0 tclass=chr_file permissive=1
06-20 23:11:39.180   855   855 I RenderThread: type=1400 audit(0.0:83): avc: denied { getattr } for path="/dev/mali0" dev="tmpfs" ino=8684 scontext=u:r:platform_app:s0:c512,c768 tcontext=u:object_r:device:s0 tclass=chr_file permissive=1
06-20 23:11:39.180   855   855 I RenderThread: type=1400 audit(0.0:84): avc: denied { ioctl } for path="/dev/mali0" dev="tmpfs" ino=8684 ioctlcmd=8000 scontext=u:r:platform_app:s0:c512,c768 tcontext=u:object_r:device:s0 tclass=chr_file permissive=1
06-20 23:11:39.195   668   855 D MALI    : eglCreateImageKHR:513: [Crop] 0 0 576 576  img[576 576] 
06-20 23:11:39.197   668   855 D mali_winsys: EGLint new_window_surface(egl_winsys_display*, void*, EGLSurface, EGLConfig, egl_winsys_surface**, egl_color_buffer_format*, EGLBoolean) returns 0x3000
06-20 23:11:39.240   565   619 D WifiService: New client listening to asynchronous messages
06-20 23:11:39.268   565   588 I art     : Explicit concurrent mark sweep GC freed 32398(1706KB) AllocSpace objects, 4(80KB) LOS objects, 33% free, 10MB/15MB, paused 2.566ms total 106.526ms
06-20 23:11:39.288   668   668 D mali_winsys: EGLint new_window_surface(egl_winsys_display*, void*, EGLSurface, EGLConfig, egl_winsys_surface**, egl_color_buffer_format*, EGLBoolean) returns 0x3000
06-20 23:11:39.323   668   668 W FingerprintManager: isFingerprintHardwareDetected(): Service not connected!
06-20 23:11:39.326   668   668 W FingerprintManager: isFingerprintHardwareDetected(): Service not connected!
06-20 23:11:39.333   239   239 D MALI    : eglCreateImageKHR:513: [Crop] 0 0 800 1280  img[800 1280] 
06-20 23:11:39.361   668   668 D PhoneStatusBar: disable: < expand* ICONS alerts SYSTEM_INFO back* HOME RECENT clock SEARCH quick_settings >
06-20 23:11:39.366   239   239 D MALI    : eglCreateImageKHR:513: [Crop] 0 0 800 1280  img[800 1280] 
06-20 23:11:39.369   565   833 I ActivityManager: user 0 is still locked. Cannot load recents
06-20 23:11:39.375   668   668 W KeyguardUpdateMonitor: invalid subId in handleSimStateChange()
06-20 23:11:39.376   668   668 W KeyguardUpdateMonitor: invalid subId in handleServiceStateChange()
06-20 23:11:39.378   668   668 W System  : ClassLoader referenced unknown path: 
06-20 23:11:39.378   668   668 W System  : ClassLoader referenced unknown path: /system/priv-app/SystemUI/lib/arm
06-20 23:11:39.379   668   668 D ApplicationLoaders: ignored Vulkan layer search path /system/priv-app/SystemUI/lib/arm:/system/lib:/vendor/lib for namespace 0xf7480090
06-20 23:11:39.571   668   668 D mali_winsys: EGLint new_window_surface(egl_winsys_display*, void*, EGLSurface, EGLConfig, egl_winsys_surface**, egl_color_buffer_format*, EGLBoolean) returns 0x3000
06-20 23:11:39.590   239   239 I surfaceflinger: type=1400 audit(0.0:85): avc: denied { read write } for path="/dev/mali0" dev="tmpfs" ino=8684 scontext=u:r:surfaceflinger:s0 tcontext=u:object_r:device:s0 tclass=chr_file permissive=1
06-20 23:11:39.600   239   239 D MALI    : eglCreateImageKHR:513: [Crop] 0 0 1920 1280  img[1920 1280] 
06-20 23:11:39.609   193   197 I e2fsck  : /dev/block/dm-0: 6267/7806976 files (1.9% non-contiguous), 1263920/31212795 blocks
06-20 23:11:39.644   193   197 I e2fsck  : e2fsck terminated by exit(1)
06-20 23:11:39.644   193   197 D vold    : private:179_130 passed filesystem check
06-20 23:11:39.650   239   239 D MALI    : eglCreateImageKHR:513: [Crop] 0 0 800 1280  img[800 1280] 
06-20 23:11:39.659   193   197 V vold    : Starting restorecon of /mnt/expand/ccb8cd26-397e-4043-9e2c-fe9b89f2def0
06-20 23:11:39.666   239   239 D MALI    : eglCreateImageKHR:513: [Crop] 0 0 800 1280  img[800 1280] 
06-20 23:11:40.611   193   197 V vold    : Finished restorecon of /mnt/expand/ccb8cd26-397e-4043-9e2c-fe9b89f2def0
06-20 23:11:40.612   565   612 D VoldConnector: RCV <- {650 emulated:179_130 2 "" ""}
06-20 23:11:40.613   565   612 D VoldConnector: RCV <- {654 emulated:179_130 ccb8cd26-397e-4043-9e2c-fe9b89f2def0}
06-20 23:11:40.613   565   612 D VoldConnector: RCV <- {651 emulated:179_130 0}
06-20 23:11:40.613   565   612 D VoldConnector: RCV <- {651 private:179_130 2}
06-20 23:11:40.614   565   612 D VoldConnector: RCV <- {200 5 Command succeeded}
06-20 23:11:40.614   565   586 V MountService: Found primary storage at VolumeInfo{emulated:179_130}:
06-20 23:11:40.614   565   586 V MountService:     type=EMULATED diskId=null partGuid=null mountFlags=0 mountUserId=-1 
06-20 23:11:40.614   565   586 V MountService:     state=UNMOUNTED 
06-20 23:11:40.614   565   586 V MountService:     fsType=null fsUuid=null fsLabel=null 
06-20 23:11:40.614   565   586 V MountService:     path=null internalPath=null 
06-20 23:11:40.614   565   611 E VoldConnector: NDC Command {5 volume mount private:179_130 0 -1} took too long (4894ms)
06-20 23:11:40.615   565   611 D VoldConnector: SND -> {6 volume mount emulated:179_130 3 -1}
06-20 23:11:40.615   668   668 D StorageNotification: Notifying about private volume: VolumeInfo{private:179_130}:
06-20 23:11:40.615   668   668 D StorageNotification:     type=PRIVATE diskId=disk:179_128 
06-20 23:11:40.615   668   668 D StorageNotification:     partGuid=A17F9557-2BDF-C25D-4B2C-BB3FB06B99A6 mountFlags=0 mountUserId=-1 
06-20 23:11:40.615   668   668 D StorageNotification:     state=MOUNTED 
06-20 23:11:40.615   668   668 D StorageNotification:     fsType=ext4 fsUuid=ccb8cd26-397e-4043-9e2c-fe9b89f2def0 fsLabel= 
06-20 23:11:40.615   668   668 D StorageNotification:     path=/mnt/expand/ccb8cd26-397e-4043-9e2c-fe9b89f2def0 internalPath=null 
06-20 23:11:40.616   565   612 D VoldConnector: RCV <- {651 emulated:179_130 1}
06-20 23:11:40.616   565   612 D VoldConnector: RCV <- {656 emulated:179_130 /mnt/expand/ccb8cd26-397e-4043-9e2c-fe9b89f2def0/media}
06-20 23:11:40.617   565   612 D VoldConnector: RCV <- {655 emulated:179_130 /storage/emulated}
06-20 23:11:40.617   193   197 V vold    : Waiting for FUSE to spin up...
06-20 23:11:40.621   565   565 V UserManagerService: Found /mnt/expand/ccb8cd26-397e-4043-9e2c-fe9b89f2def0/user_de/0 with serial number 0
06-20 23:11:40.621   565   565 V UserManagerService: Found /mnt/expand/ccb8cd26-397e-4043-9e2c-fe9b89f2def0/user/0 with serial number 0
06-20 23:11:40.621   565   565 V UserManagerService: Found /data/system_de/0 with serial number 0
06-20 23:11:40.621   565   565 V UserManagerService: Found /data/system_ce/0 with serial number 0
06-20 23:11:40.630   971   971 W sdcard  : Device explicitly enabled sdcardfs
06-20 23:11:40.668   565   612 D VoldConnector: RCV <- {651 emulated:179_130 2}
06-20 23:11:40.668   565   612 D VoldConnector: RCV <- {200 6 Command succeeded}
06-20 23:11:40.908   565   579 I ActivityManager: Force stopping com.speedsoftware.rootexplorer appid=10096 user=-1: loadPrivatePackagesInner
06-20 23:11:40.951   565   593 W PackageManager: Package com.speedsoftware.rootexplorer desires unavailable shared library com.sec.android.app.multiwindow; ignoring!
06-20 23:11:40.959   565   579 I ActivityManager: Force stopping nextapp.fx appid=10097 user=-1: loadPrivatePackagesInner
06-20 23:11:40.973   236   236 I wmt_launcher: fw log ctrl flag has been set
06-20 23:11:40.973   236   236 I wmt_launcher: fw dynamic ctrl flag has been set
06-20 23:11:40.979   565   593 W PackageManager: Package nextapp.fx desires unavailable shared library com.motorola.android.storage; ignoring!
06-20 23:11:40.979   565   593 W PackageManager: Package nextapp.fx desires unavailable shared library com.sec.android.app.multiwindow; ignoring!
06-20 23:11:40.970   402   402 I BootAnimation: type=1400 audit(0.0:86): avc: denied { read write } for path="/dev/mali0" dev="tmpfs" ino=8684 scontext=u:r:bootanim:s0 tcontext=u:object_r:device:s0 tclass=chr_file permissive=1
06-20 23:11:41.020   565   579 I ActivityManager: Force stopping com.netflix.mediaclient appid=10098 user=-1: loadPrivatePackagesInner
06-20 23:11:41.531   565   579 I ActivityManager: Force stopping com.adobe.reader appid=10099 user=-1: loadPrivatePackagesInner
06-20 23:11:41.593   565   593 W PackageManager: Package com.adobe.reader desires unavailable shared library com.sec.android.app.multiwindow; ignoring!
06-20 23:11:42.837   565   593 W PackageManager: Non-privileged app; cap priority to 0; package: com.adobe.reader activity: com.adobe.reader.AdobeReader origPrio: 1
06-20 23:11:42.839   565   579 I ActivityManager: Force stopping com.fastaccess.github appid=10090 user=-1: loadPrivatePackagesInner
06-20 23:11:42.854   565   593 W PackageParser: Unknown element under <manifest>: meta-data at /mnt/expand/ccb8cd26-397e-4043-9e2c-fe9b89f2def0/app/com.fastaccess.github-1/base.apk Binary XML file line #19
06-20 23:11:42.872   565   593 D CryptdConnector: SND -> {5 cryptfs prepare_user_storage ccb8cd26-397e-4043-9e2c-fe9b89f2def0 0 0 1}
06-20 23:11:42.873   193   198 D vold    : e4crypt_prepare_user_storage for volume ccb8cd26-397e-4043-9e2c-fe9b89f2def0, user 0, serial 0, flags 1
06-20 23:11:42.873   193   198 D vold    : Preparing: /data/system/users/0
06-20 23:11:42.873   193   198 D vold    : Preparing: /data/misc/profiles/cur/0
06-20 23:11:42.873   193   198 D vold    : Preparing: /data/misc/profiles/cur/0/foreign-dex
06-20 23:11:42.873   193   198 D vold    : Preparing: /data/system_de/0
06-20 23:11:42.873   193   198 D vold    : Preparing: /data/misc_de/0
06-20 23:11:42.873   193   198 D vold    : Preparing: /mnt/expand/ccb8cd26-397e-4043-9e2c-fe9b89f2def0/user_de/0
06-20 23:11:42.874   565   613 D CryptdConnector: RCV <- {200 5 Command succeeded}
06-20 23:11:42.874   565   593 V PackageManager: reconcileAppsData for ccb8cd26-397e-4043-9e2c-fe9b89f2def0 u0 0x1
06-20 23:11:42.888   565   593 V PackageManager: reconcileAppsData finished 5 packages
06-20 23:11:42.889   565   593 W PackageManager: Not granting permission android.permission.MANAGE_DOCUMENTS to package com.google.android.youtube (protectionLevel=2 flags=0x38dbbec5)
06-20 23:11:42.889   565   593 W PackageManager: Unknown permission android.permission.FOREGROUND_SERVICE in package com.google.android.youtube
06-20 23:11:42.889   565   593 W PackageManager: Unknown permission com.sec.android.provider.badge.permission.READ in package com.google.android.youtube
06-20 23:11:42.889   565   593 W PackageManager: Unknown permission com.sec.android.provider.badge.permission.WRITE in package com.google.android.youtube
06-20 23:11:42.889   565   593 W PackageManager: Unknown permission com.htc.launcher.permission.READ_SETTINGS in package com.google.android.youtube
06-20 23:11:42.889   565   593 W PackageManager: Unknown permission com.htc.launcher.permission.UPDATE_SHORTCUT in package com.google.android.youtube
06-20 23:11:42.889   565   593 W PackageManager: Unknown permission com.sonyericsson.home.permission.BROADCAST_BADGE in package com.google.android.youtube
06-20 23:11:42.889   565   593 W PackageManager: Unknown permission com.sonymobile.home.permission.PROVIDER_INSERT_BADGE in package com.google.android.youtube
06-20 23:11:42.889   565   593 W PackageManager: Not granting permission android.permission.READ_EXTERNAL_STORAGE to package com.andb.apps.corners because it was previously installed without
06-20 23:11:42.889   565   593 W PackageManager: Unknown permission android.permission.FOREGROUND_SERVICE in package com.andb.apps.corners
06-20 23:11:42.890   565   593 W PackageManager: Unknown permission com.google.android.launcher.permission.CONTENT_REDIRECT in package com.google.android.googlequicksearchbox
06-20 23:11:42.890   565   593 W PackageManager: Unknown permission com.google.android.voicesearch.SHORTCUTS_ACCESS in package com.google.android.googlequicksearchbox
06-20 23:11:42.890   565   593 W PackageManager: Unknown permission com.google.android.voicesearch.ACCESS_SETTINGS in package com.google.android.googlequicksearchbox
06-20 23:11:42.890   565   593 W PackageManager: Unknown permission com.android.browser.permission.PRELOAD in package com.google.android.googlequicksearchbox
06-20 23:11:42.890   565   593 W PackageManager: Unknown permission com.google.android.ears.permission.WRITE in package com.google.android.googlequicksearchbox
06-20 23:11:42.890   565   593 W PackageManager: Unknown permission android.permission.FOREGROUND_SERVICE in package com.google.android.googlequicksearchbox
06-20 23:11:42.890   565   593 W PackageManager: Unknown permission com.google.googlenav.friend.permission.OPT_IN in package com.google.android.googlequicksearchbox
06-20 23:11:42.890   565   593 W PackageManager: Unknown permission com.google.android.apps.googlevoice.permission.AUTO_SEND in package com.google.android.googlequicksearchbox
06-20 23:11:42.890   565   593 W PackageManager: Unknown permission com.google.android.hangouts.START_HANGOUT in package com.google.android.googlequicksearchbox
06-20 23:11:42.890   565   593 W PackageManager: Unknown permission com.android.chrome.PRERENDER_URL in package com.google.android.googlequicksearchbox
06-20 23:11:42.890   565   593 W PackageManager: Unknown permission android.permission.SET_MEDIA_KEY_LISTENER in package com.google.android.googlequicksearchbox
06-20 23:11:42.890   565   593 W PackageManager: Unknown permission android.permission.SET_VOLUME_KEY_LONG_PRESS_LISTENER in package com.google.android.googlequicksearchbox
06-20 23:11:42.891   565   593 W PackageManager: Unknown permission android.permission.START_ACTIVITIES_FROM_BACKGROUND in package com.google.android.googlequicksearchbox
06-20 23:11:42.891   565   593 W PackageManager: Unknown permission com.google.android.apps.gsa.nga.permissions.EDIT_PREFERENCES in package com.google.android.googlequicksearchbox
06-20 23:11:42.891   565   593 W PackageManager: Not granting permission com.google.android.googleapps.permission.GOOGLE_AUTH to package com.android.providers.calendar (protectionLevel=2 flags=0x30883e45)
06-20 23:11:42.891   565   593 W PackageManager: Not granting permission com.google.android.googleapps.permission.GOOGLE_AUTH.cl to package com.android.providers.calendar (protectionLevel=2 flags=0x30883e45)
06-20 23:11:42.891   565   593 W PackageManager: Not granting permission android.permission.WRITE_EXTERNAL_STORAGE to package com.google.android.apps.docs.editors.docs because it was previously installed without
06-20 23:11:42.891   565   593 W PackageManager: Not granting permission android.permission.GET_ACCOUNTS to package com.google.android.apps.docs.editors.docs because it was previously installed without
06-20 23:11:42.891   565   593 W PackageManager: Not granting permission android.permission.READ_CONTACTS to package com.google.android.apps.docs.editors.docs because it was previously installed without
06-20 23:11:42.891   565   593 W PackageManager: Unknown permission android.permission.FOREGROUND_SERVICE in package com.google.android.apps.docs.editors.docs
06-20 23:11:42.891   565   593 W PackageManager: Not granting permission com.google.android.gm.permission.READ_GMAIL to package com.google.android.apps.docs.editors.docs (protectionLevel=2 flags=0x38dbbe44)
06-20 23:11:42.891   565   593 W PackageManager: Not granting permission com.google.android.googleapps.permission.GOOGLE_AUTH to package com.google.android.apps.docs.editors.docs (protectionLevel=2 flags=0x38dbbe44)
06-20 23:11:42.891   565   593 W PackageManager: Not granting permission com.google.android.googleapps.permission.GOOGLE_AUTH.OTHER_SERVICES to package com.google.android.apps.docs.editors.docs (protectionLevel=2 flags=0x38dbbe44)
06-20 23:11:42.891   565   593 W PackageManager: Not granting permission com.google.android.googleapps.permission.GOOGLE_AUTH.ALL_SERVICES to package com.google.android.apps.docs.editors.docs (protectionLevel=2 flags=0x38dbbe44)
06-20 23:11:42.891   565   593 W PackageManager: Not granting permission com.google.android.googleapps.permission.GOOGLE_AUTH.writely to package com.google.android.apps.docs.editors.docs (protectionLevel=2 flags=0x38dbbe44)
06-20 23:11:42.892   565   593 W PackageManager: Not granting permission com.google.android.googleapps.permission.GOOGLE_AUTH.wise to package com.google.android.apps.docs.editors.docs (protectionLevel=2 flags=0x38dbbe44)
06-20 23:11:42.892   565   593 W PackageManager: Not granting permission android.permission.READ_EXTERNAL_STORAGE to package com.google.android.apps.docs.editors.docs because it was previously installed without
06-20 23:11:42.892   565   593 W PackageManager: Not granting permission android.permission.WRITE_EXTERNAL_STORAGE to package com.speedsoftware.rootexplorer because it was previously installed without
06-20 23:11:42.892   565   593 W PackageManager: Not granting permission android.permission.GET_ACCOUNTS to package com.speedsoftware.rootexplorer because it was previously installed without
06-20 23:11:42.892   565   593 W PackageManager: Unknown permission android.permission.FOREGROUND_SERVICE in package com.speedsoftware.rootexplorer
06-20 23:11:42.892   565   593 W PackageManager: Unknown permission android.permission.ACCESS_SUPERUSER in package com.speedsoftware.rootexplorer
06-20 23:11:42.892   565   593 W PackageManager: Not granting permission android.permission.READ_EXTERNAL_STORAGE to package com.speedsoftware.rootexplorer because it was previously installed without
06-20 23:11:42.892   565   593 W PackageManager: Unknown permission cyanogenmod.permission.LEGALESE in package com.cyanogenmod.setupwizard
06-20 23:11:42.893   565   593 W PackageManager: Not granting permission android.permission.SEND_DOWNLOAD_COMPLETED_INTENTS to package com.android.vending (protectionLevel=2 flags=0x38cabec5)
06-20 23:11:42.893   565   593 W PackageManager: Unknown permission android.permission.USE_BIOMETRIC in package com.android.vending
06-20 23:11:42.893   565   593 W PackageManager: Unknown permission android.permission.ALLOCATE_AGGRESSIVE in package com.android.vending
06-20 23:11:42.893   565   593 W PackageManager: Not granting permission android.permission.SET_PREFERRED_APPLICATIONS to package com.android.vending (protectionLevel=2 flags=0x38cabec5)
06-20 23:11:42.893   565   593 W PackageManager: Unknown permission android.permission.ACCESS_INSTANT_APPS in package com.android.vending
06-20 23:11:42.893   565   593 W PackageManager: Unknown permission android.permission.MANAGE_APP_OPS_MODES in package com.android.vending
06-20 23:11:42.893   565   593 W PackageManager: Unknown permission android.permission.MANAGE_ROLLBACKS in package com.android.vending
06-20 23:11:42.893   565   593 W PackageManager: Unknown permission android.permission.SET_HARMFUL_APP_WARNINGS in package com.android.vending
06-20 23:11:42.893   565   593 W PackageManager: Unknown permission com.sec.android.provider.badge.permission.READ in package com.android.vending
06-20 23:11:42.893   565   593 W PackageManager: Unknown permission com.sec.android.provider.badge.permission.WRITE in package com.android.vending
06-20 23:11:42.893   565   593 W PackageManager: Unknown permission com.htc.launcher.permission.READ_SETTINGS in package com.android.vending
06-20 23:11:42.893   565   593 W PackageManager: Unknown permission com.htc.launcher.permission.UPDATE_SHORTCUT in package com.android.vending
06-20 23:11:42.893   565   593 W PackageManager: Unknown permission com.sonyericsson.home.permission.BROADCAST_BADGE in package com.android.vending
06-20 23:11:42.893   565   593 W PackageManager: Unknown permission com.sonymobile.home.permission.PROVIDER_INSERT_BADGE in package com.android.vending
06-20 23:11:42.893   565   593 W PackageManager: Unknown permission com.anddoes.launcher.permission.UPDATE_COUNT in package com.android.vending
06-20 23:11:42.893   565   593 W PackageManager: Unknown permission com.majeur.launcher.permission.UPDATE_BADGE in package com.android.vending
06-20 23:11:42.893   565   593 W PackageManager: Unknown permission com.huawei.android.launcher.permission.CHANGE_BADGE in package com.android.vending
06-20 23:11:42.893   565   593 W PackageManager: Unknown permission com.huawei.android.launcher.permission.READ_SETTINGS in package com.android.vending
06-20 23:11:42.894   565   593 W PackageManager: Unknown permission com.huawei.android.launcher.permission.WRITE_SETTINGS in package com.android.vending
06-20 23:11:42.894   565   593 W PackageManager: Unknown permission android.permission.READ_APP_BADGE in package com.android.vending
06-20 23:11:42.894   565   593 W PackageManager: Unknown permission com.oppo.launcher.permission.READ_SETTINGS in package com.android.vending
06-20 23:11:42.894   565   593 W PackageManager: Unknown permission com.oppo.launcher.permission.WRITE_SETTINGS in package com.android.vending
06-20 23:11:42.894   565   593 W PackageManager: Unknown permission org.chromium.arc.apkcacheprovider.permission.READ_CACHE in package com.android.vending
06-20 23:11:42.894   565   593 W PackageManager: Unknown permission org.chromium.arc.apkcacheprovider.permission.WRITE_CACHE in package com.android.vending
06-20 23:11:42.894   565   593 W PackageManager: Unknown permission android.permission.READ_RUNTIME_PROFILES in package com.android.vending
06-20 23:11:42.894   565   593 W PackageManager: Unknown permission android.permission.FOREGROUND_SERVICE in package com.android.vending
06-20 23:11:42.894   565   593 W PackageManager: Unknown permission android.permission.START_ACTIVITIES_FROM_BACKGROUND in package com.android.vending
06-20 23:11:42.894   565   593 W PackageManager: Unknown permission android.permission.CHANGE_OVERLAY_PACKAGES in package com.android.vending
06-20 23:11:42.894   565   593 W PackageManager: Unknown permission android.permission.SEND_DEVICE_CUSTOMIZATION_READY in package com.android.vending
06-20 23:11:42.894   565   593 W PackageManager: Not granting permission android.permission.ACCESS_COARSE_LOCATION to package nextapp.fx because it was previously installed without
06-20 23:11:42.894   565   593 W PackageManager: Unknown permission android.permission.FOREGROUND_SERVICE in package nextapp.fx
06-20 23:11:42.894   565   593 W PackageManager: Not granting permission android.permission.WRITE_EXTERNAL_STORAGE to package nextapp.fx because it was previously installed without
06-20 23:11:42.894   565   593 W PackageManager: Not granting permission android.permission.READ_EXTERNAL_STORAGE to package nextapp.fx because it was previously installed without
06-20 23:11:42.895   565   593 W PackageManager: Unknown permission android.permission.FOREGROUND_SERVICE in package com.google.android.deskclock
06-20 23:11:42.895   565   593 W PackageManager: Unknown permission com.android.systemui.permission.SEND_ALERT_BROADCASTS in package com.google.android.deskclock
06-20 23:11:42.895   565   593 W PackageManager: Unknown permission android.permission.FOREGROUND_SERVICE in package com.google.android.gm
06-20 23:11:42.895   565   593 W PackageManager: Unknown permission com.google.android.email.permission.ACCESS_PROVIDER in package com.google.android.gm
06-20 23:11:42.895   565   593 W PackageManager: Unknown permission com.google.android.gm.exchange.BIND in package com.google.android.gm
06-20 23:11:42.895   565   593 W PackageManager: Unknown permission com.android.email.partnerprovider.PARTNER_PROVIDER in package com.google.android.gm
06-20 23:11:42.895   565   593 W PackageManager: Unknown permission android.permission.REQUEST_PASSWORD_COMPLEXITY in package com.google.android.gm
06-20 23:11:42.896   565   593 W PackageManager: Unknown permission android.permission.FOREGROUND_SERVICE in package com.google.android.music
06-20 23:11:42.896   565   593 W PackageManager: Not granting permission android.permission.BIND_JOB_SERVICE to package com.google.android.music (protectionLevel=2 flags=0x38cbbe65)
06-20 23:11:42.896   565   593 W PackageManager: Unknown permission com.samsung.android.providers.context.permission.WRITE_USE_APP_FEATURE_SURVEY in package com.google.android.music
06-20 23:11:42.896   565   593 W PackageManager: Unknown permission android.permission.FOREGROUND_SERVICE in package com.google.android.apps.cloudprint
06-20 23:11:42.896   565   593 W PackageManager: Unknown permission android.permission.FOREGROUND_SERVICE in package com.google.android.apps.docs
06-20 23:11:42.896   565   593 W PackageManager: Unknown permission android.permission.ACCESS_BACKGROUND_LOCATION in package com.google.android.apps.maps
06-20 23:11:42.896   565   593 W PackageManager: Unknown permission android.permission.ACTIVITY_RECOGNITION in package com.google.android.apps.maps
06-20 23:11:42.896   565   593 W PackageManager: Unknown permission android.permission.FOREGROUND_SERVICE in package com.google.android.apps.maps
06-20 23:11:42.896   565   593 W PackageManager: Unknown permission android.permission.ACCESS_SUPERUSER in package com.grarak.kerneladiutor
06-20 23:11:42.896   565   593 W PackageManager: Not granting permission android.permission.WRITE_EXTERNAL_STORAGE to package com.grarak.kerneladiutor because it was previously installed without
06-20 23:11:42.896   565   593 W PackageManager: Not granting permission android.permission.READ_EXTERNAL_STORAGE to package com.grarak.kerneladiutor because it was previously installed without
06-20 23:11:42.897   565   593 W PackageManager: Not granting permission android.permission.INTERACT_ACROSS_USERS to package com.google.android.syncadapters.contacts (protectionLevel=50 flags=0x38883e45)
06-20 23:11:42.897   565   593 W PackageManager: Unknown permission com.google.android.syncadapters.contacts.permission.GAL_SEARCH in package com.google.android.syncadapters.contacts
06-20 23:11:42.897   565   593 W PackageManager: Unknown permission android.permission.FOREGROUND_SERVICE in package com.android.chrome
06-20 23:11:42.897   565   593 W PackageManager: Unknown permission com.chrome.permission.DEVICE_EXTRAS in package com.android.chrome
06-20 23:11:42.897   565   593 W PackageManager: Unknown permission com.sec.enterprise.knox.MDM_CONTENT_PROVIDER in package com.android.chrome
