06-20 23:11:28.292   565   597 W PackageManager: Permission com.google.android.googleapps.permission.GOOGLE_AUTH.mail from package com.google.android.gsf in an unknown group android.permission-group.ACCOUNTS
06-20 23:11:28.292   565   597 W PackageManager: Permission com.google.android.googleapps.permission.GOOGLE_AUTH.cl from package com.google.android.gsf in an unknown group android.permission-group.ACCOUNTS
06-20 23:11:28.292   565   597 W PackageManager: Permission com.google.android.googleapps.permission.GOOGLE_AUTH.android from package com.google.android.gsf in an unknown group android.permission-group.ACCOUNTS
06-20 23:11:28.292   565   597 W PackageManager: Permission com.google.android.googleapps.permission.GOOGLE_AUTH.androidsecure from package com.google.android.gsf in an unknown group android.permission-group.ACCOUNTS
06-20 23:11:28.293   565   597 W PackageManager: Permission com.google.android.googleapps.permission.GOOGLE_AUTH.sierra from package com.google.android.gsf in an unknown group android.permission-group.ACCOUNTS
06-20 23:11:28.293   565   597 W PackageManager: Permission com.google.android.googleapps.permission.GOOGLE_AUTH.sierraqa from package com.google.android.gsf in an unknown group android.permission-group.ACCOUNTS
06-20 23:11:28.293   565   597 W PackageManager: Permission com.google.android.googleapps.permission.GOOGLE_AUTH.sierrasandbox from package com.google.android.gsf in an unknown group android.permission-group.ACCOUNTS
06-20 23:11:28.293   565   597 W PackageManager: Permission com.google.android.googleapps.permission.GOOGLE_AUTH.youtube from package com.google.android.gsf in an unknown group android.permission-group.ACCOUNTS
06-20 23:11:28.293   565   597 W PackageManager: Permission com.google.android.googleapps.permission.GOOGLE_AUTH.YouTubeUser from package com.google.android.gsf in an unknown group android.permission-group.ACCOUNTS
06-20 23:11:28.293   565   597 W PackageManager: Permission com.google.android.googleapps.permission.GOOGLE_AUTH.talk from package com.google.android.gsf in an unknown group android.permission-group.ACCOUNTS
06-20 23:11:28.293   565   597 W PackageManager: Permission com.google.android.googleapps.permission.GOOGLE_AUTH.ig from package com.google.android.gsf in an unknown group android.permission-group.ACCOUNTS
06-20 23:11:28.293   565   597 W PackageManager: Permission com.google.android.googleapps.permission.GOOGLE_AUTH.lh2 from package com.google.android.gsf in an unknown group android.permission-group.ACCOUNTS
06-20 23:11:28.293   565   597 W PackageManager: Permission com.google.android.googleapps.permission.GOOGLE_AUTH.mobile from package com.google.android.gsf in an unknown group android.permission-group.ACCOUNTS
06-20 23:11:28.293   565   597 W PackageManager: Permission com.google.android.googleapps.permission.GOOGLE_AUTH.cp from package com.google.android.gsf in an unknown group android.permission-group.ACCOUNTS
06-20 23:11:28.293   565   597 W PackageManager: Permission com.google.android.googleapps.permission.GOOGLE_AUTH.adsense from package com.google.android.gsf in an unknown group android.permission-group.ACCOUNTS
06-20 23:11:28.293   565   597 W PackageManager: Permission com.google.android.googleapps.permission.GOOGLE_AUTH.adwords from package com.google.android.gsf in an unknown group android.permission-group.ACCOUNTS
06-20 23:11:28.293   565   597 W PackageManager: Permission com.google.android.googleapps.permission.GOOGLE_AUTH.blogger from package com.google.android.gsf in an unknown group android.permission-group.ACCOUNTS
06-20 23:11:28.293   565   597 W PackageManager: Permission com.google.android.googleapps.permission.GOOGLE_AUTH.dodgeball from package com.google.android.gsf in an unknown group android.permission-group.ACCOUNTS
06-20 23:11:28.293   565   597 W PackageManager: Permission com.google.android.googleapps.permission.GOOGLE_AUTH.gbase from package com.google.android.gsf in an unknown group android.permission-group.ACCOUNTS
06-20 23:11:28.293   565   597 W PackageManager: Permission com.google.android.googleapps.permission.GOOGLE_AUTH.groups2 from package com.google.android.gsf in an unknown group android.permission-group.ACCOUNTS
06-20 23:11:28.293   565   597 W PackageManager: Permission com.google.android.googleapps.permission.GOOGLE_AUTH.health from package com.google.android.gsf in an unknown group android.permission-group.ACCOUNTS
06-20 23:11:28.293   565   597 W PackageManager: Permission com.google.android.googleapps.permission.GOOGLE_AUTH.jotspot from package com.google.android.gsf in an unknown group android.permission-group.ACCOUNTS
06-20 23:11:28.293   565   597 W PackageManager: Permission com.google.android.googleapps.permission.GOOGLE_AUTH.knol from package com.google.android.gsf in an unknown group android.permission-group.ACCOUNTS
06-20 23:11:28.293   565   597 W PackageManager: Permission com.google.android.googleapps.permission.GOOGLE_AUTH.news from package com.google.android.gsf in an unknown group android.permission-group.ACCOUNTS
06-20 23:11:28.293   565   597 W PackageManager: Permission com.google.android.googleapps.permission.GOOGLE_AUTH.orkut from package com.google.android.gsf in an unknown group android.permission-group.ACCOUNTS
06-20 23:11:28.294   565   597 W PackageManager: Permission com.google.android.googleapps.permission.GOOGLE_AUTH.print from package com.google.android.gsf in an unknown group android.permission-group.ACCOUNTS
06-20 23:11:28.294   565   597 W PackageManager: Permission com.google.android.googleapps.permission.GOOGLE_AUTH.sitemaps from package com.google.android.gsf in an unknown group android.permission-group.ACCOUNTS
06-20 23:11:28.294   565   597 W PackageManager: Permission com.google.android.googleapps.permission.GOOGLE_AUTH.wifi from package com.google.android.gsf in an unknown group android.permission-group.ACCOUNTS
06-20 23:11:28.294   565   597 W PackageManager: Permission com.google.android.googleapps.permission.GOOGLE_AUTH.finance from package com.google.android.gsf in an unknown group android.permission-group.ACCOUNTS
06-20 23:11:28.294   565   597 W PackageManager: Permission com.google.android.googleapps.permission.GOOGLE_AUTH.local from package com.google.android.gsf in an unknown group android.permission-group.ACCOUNTS
06-20 23:11:28.294   565   597 W PackageManager: Permission com.google.android.googleapps.permission.GOOGLE_AUTH.ah from package com.google.android.gsf in an unknown group android.permission-group.ACCOUNTS
06-20 23:11:28.294   565   597 W PackageManager: Permission com.google.android.googleapps.permission.GOOGLE_AUTH.notebook from package com.google.android.gsf in an unknown group android.permission-group.ACCOUNTS
06-20 23:11:28.294   565   597 W PackageManager: Permission com.google.android.googleapps.permission.GOOGLE_AUTH.writely from package com.google.android.gsf in an unknown group android.permission-group.ACCOUNTS
06-20 23:11:28.294   565   597 W PackageManager: Permission com.google.android.googleapps.permission.GOOGLE_AUTH.wise from package com.google.android.gsf in an unknown group android.permission-group.ACCOUNTS
06-20 23:11:28.294   565   597 W PackageManager: Permission com.google.android.googleapps.permission.GOOGLE_AUTH.grandcentral from package com.google.android.gsf in an unknown group android.permission-group.ACCOUNTS
06-20 23:11:28.294   565   597 W PackageManager: Permission com.google.android.googleapps.permission.GOOGLE_AUTH.speechpersonalization from package com.google.android.gsf in an unknown group android.permission-group.ACCOUNTS
06-20 23:11:28.294   565   597 W PackageManager: Permission com.google.android.googleapps.permission.GOOGLE_AUTH.speech from package com.google.android.gsf in an unknown group android.permission-group.ACCOUNTS
06-20 23:11:28.294   565   597 W PackageManager: Permission com.google.android.providers.talk.permission.READ_ONLY from package com.google.android.gsf in an unknown group android.permission-group.MESSAGES
06-20 23:11:28.294   565   597 W PackageManager: Permission com.google.android.providers.talk.permission.WRITE_ONLY from package com.google.android.gsf in an unknown group android.permission-group.MESSAGES
06-20 23:11:28.294   565   597 W PackageManager: Permission com.google.android.gtalkservice.permission.GTALK_SERVICE from package com.google.android.gsf in an unknown group android.permission-group.MESSAGES
06-20 23:11:28.294   565   597 W PackageManager: Permission com.google.android.gtalkservice.permission.SEND_HEARTBEAT from package com.google.android.gsf in an unknown group android.permission-group.NETWORK
06-20 23:11:28.294   565   597 W PackageManager: Permission com.google.android.permission.BROADCAST_DATA_MESSAGE from package com.google.android.gsf in an unknown group android.permission-group.NETWORK
06-20 23:11:28.294   565   597 W PackageManager: Permission com.google.android.c2dm.permission.SEND from package com.google.android.gsf in an unknown group android.permission-group.NETWORK
06-20 23:11:28.294   565   597 W PackageManager: Permission com.google.android.c2dm.permission.RECEIVE from package com.google.android.gsf in an unknown group android.permission-group.NETWORK
06-20 23:11:28.294   565   597 W PackageManager: Permission com.google.android.xmpp.permission.BROADCAST from package com.google.android.gsf in an unknown group android.permission-group.NETWORK
06-20 23:11:28.294   565   597 W PackageManager: Permission com.google.android.xmpp.permission.SEND_RECEIVE from package com.google.android.gsf in an unknown group android.permission-group.NETWORK
06-20 23:11:28.294   565   597 W PackageManager: Permission com.google.android.xmpp.permission.XMPP_ENDPOINT_BROADCAST from package com.google.android.gsf in an unknown group android.permission-group.NETWORK
06-20 23:11:28.294   565   597 W PackageManager: Permission com.google.android.xmpp.permission.USE_XMPP_ENDPOINT from package com.google.android.gsf in an unknown group android.permission-group.NETWORK
06-20 23:11:28.294   565   597 W PackageManager: Permission com.google.android.providers.gsf.permission.READ_GSERVICES from package com.google.android.gsf in an unknown group android.permission-group.ACCOUNTS
06-20 23:11:28.376   565   599 W PackageManager: Permission com.google.android.apps.nexuslauncher.permission.READ_SETTINGS from package com.google.android.apps.nexuslauncher in an unknown group android.permission-group.SYSTEM_TOOLS
06-20 23:11:28.376   565   599 W PackageManager: Permission com.google.android.apps.nexuslauncher.permission.WRITE_SETTINGS from package com.google.android.apps.nexuslauncher in an unknown group android.permission-group.SYSTEM_TOOLS
06-20 23:11:28.376   565   599 W PackageManager: Permission com.google.android.apps.nexuslauncher.permission.QSB from package com.google.android.apps.nexuslauncher in an unknown group android.permission-group.SYSTEM_TOOLS
06-20 23:11:28.376   565   599 W PackageManager: Permission com.android.launcher.permission.INSTALL_SHORTCUT from package com.google.android.apps.nexuslauncher in an unknown group android.permission-group.SYSTEM_TOOLS
06-20 23:11:28.597   565   594 W PackageParser: No actions in intent filter at /system/priv-app/Velvet/Velvet.apk Binary XML file line #3413
06-20 23:11:28.599   565   594 W PackageManager: Failed to parse /system/priv-app/Velvet: Package com.google.android.googlequicksearchbox at /system/priv-app/Velvet ignored: updated version 300961954 better than this 300951829
06-20 23:11:28.631   565   596 W PackageManager: Failed to parse /system/priv-app/PrebuiltGmsCore: Package com.google.android.gms at /system/priv-app/PrebuiltGmsCore ignored: updated version 17781015 better than this 17455015
06-20 23:11:28.631   565   565 D PackageManager: end scanDirLI:/system/priv-app
06-20 23:11:28.631   565   565 D PackageManager: start scanDirLI:/system/app
06-20 23:11:28.631   565   565 D PackageManager: max thread:6
06-20 23:11:28.690   565   596 W PackageManager: Non-privileged app; cap priority to 0; package: com.android.cts.ctsshim activity: com.android.cts.ctsshim.InstallPriority origPrio: 100
06-20 23:11:28.690   565   596 W PackageManager: Non-privileged app; cap priority to 0; package: com.android.cts.ctsshim activity: com.android.cts.ctsshim.InstallPriority origPrio: 100
06-20 23:11:28.690   565   596 W PackageManager: Non-privileged app; cap priority to 0; package: com.android.cts.ctsshim activity: com.android.cts.ctsshim.InstallPriority origPrio: 100
06-20 23:11:28.690   565   596 W PackageManager: Non-privileged app; cap priority to 0; package: com.android.cts.ctsshim activity: com.android.cts.ctsshim.InstallPriority origPrio: 100
06-20 23:11:28.690   565   596 W PackageManager: Non-privileged app; cap priority to 0; package: com.android.cts.ctsshim activity: com.android.cts.ctsshim.InstallPriority origPrio: 100
06-20 23:11:28.707   565   595 W PackageParser: No actions in intent filter at /system/app/Bluetooth/Bluetooth.apk Binary XML file line #226
06-20 23:11:28.713   565   594 W PackageManager: Failed to parse /system/app/Chrome: Package com.android.chrome at /system/app/Chrome ignored: updated version 377010107 better than this 362612102
06-20 23:11:28.774   565   594 W PackageManager: Permission com.android.email.permission.READ_ATTACHMENT from package com.android.email in an unknown group android.permission-group.MESSAGES
06-20 23:11:28.963   236   236 E wmt_launcher: get property(persist.mtk.wcn.fwlog.status) failed ret:0
06-20 23:11:28.963   236   236 I wmt_launcher: get property(persist.mtk.wcn.dynamic.dump) is 0
06-20 23:11:28.989   565   599 W PackageParser: No actions in intent filter at /system/app/CalendarGooglePrebuilt/CalendarGooglePrebuilt.apk Binary XML file line #500
06-20 23:11:28.991   565   599 W PackageManager: Failed to parse /system/app/CalendarGooglePrebuilt: Package com.google.android.calendar at /system/app/CalendarGooglePrebuilt ignored: updated version 2016227349 better than this 2016205416
06-20 23:11:29.094   565   594 W PackageParser: No actions in intent filter at /system/app/Drive/Drive.apk Binary XML file line #1773
06-20 23:11:29.096   565   594 W PackageManager: Failed to parse /system/app/Drive: Package com.google.android.apps.docs at /system/app/Drive ignored: updated version 192320432 better than this 192120432
06-20 23:11:29.199   565   598 W PackageManager: Failed to parse /system/app/Newsstand: Package com.google.android.apps.magazines at /system/app/Newsstand ignored: updated version 2019051736 better than this 2019041218
06-20 23:11:29.267   565   594 W PackageParser: No actions in intent filter at /system/app/Photos/Photos.apk Binary XML file line #1855
06-20 23:11:29.271   565   594 W PackageManager: Failed to parse /system/app/Photos: Package com.google.android.apps.photos at /system/app/Photos ignored: updated version 4222456 better than this 3594259
06-20 23:11:29.303   565   599 W PackageParser: No actions in intent filter at /system/app/PlayGames/PlayGames.apk Binary XML file line #1067
06-20 23:11:29.305   565   599 W PackageManager: Failed to parse /system/app/PlayGames: Package com.google.android.play.games at /system/app/PlayGames ignored: updated version 103270032 better than this 95330032
06-20 23:11:29.321   565   597 W PackageParser: No actions in intent filter at /system/app/PrebuiltKeep/PrebuiltKeep.apk Binary XML file line #445
06-20 23:11:29.322   565   597 W PackageManager: Failed to parse /system/app/PrebuiltKeep: Package com.google.android.keep at /system/app/PrebuiltKeep ignored: updated version 192310330 better than this 192110330
06-20 23:11:29.374   565   597 W PackageManager: Failed to parse /system/app/YouTube: Package com.google.android.youtube at /system/app/YouTube ignored: updated version 1424523310 better than this 1421563300
06-20 23:11:29.376   565   595 W PackageManager: Failed to parse /system/app/Maps: Package com.google.android.apps.maps at /system/app/Maps ignored: updated version 1018301141 better than this 1017201141
06-20 23:11:29.452   565   594 W PackageManager: Failed to parse /system/app/Videos: Package com.google.android.videos at /system/app/Videos ignored: updated version 41200071 better than this 41200041
06-20 23:11:29.529   565   598 W PackageParser: No actions in intent filter at /system/app/PrebuiltGmail/PrebuiltGmail.apk Binary XML file line #735
06-20 23:11:29.530   565   598 W PackageParser: No actions in intent filter at /system/app/PrebuiltGmail/PrebuiltGmail.apk Binary XML file line #800
06-20 23:11:29.545   565   598 W PackageManager: Failed to parse /system/app/PrebuiltGmail: Package com.google.android.gm at /system/app/PrebuiltGmail ignored: updated version 61522066 better than this 61492444
06-20 23:11:29.545   565   565 D PackageManager: end scanDirLI:/system/app
06-20 23:11:29.545   565   565 D PackageManager: No files in app dir /system/vendor/app
06-20 23:11:29.545   565   565 D PackageManager: No files in app dir /oem/app
06-20 23:11:29.548   565   565 D PackageManager: start scanDirLI:/data/app
06-20 23:11:29.548   565   565 D PackageManager: max thread:6
06-20 23:11:29.687   565   595 I SELinux : SELinux: Loaded file_contexts contexts from /file_contexts.bin.
06-20 23:11:29.795   565   597 W PackageManager: Permission com.android.vending.appdiscoveryservice.permission.ACCESS_APP_DISCOVERY_SERVICE from package com.android.vending in an unknown group android.permission-group.NETWORK
06-20 23:11:29.795   565   597 W PackageManager: Permission com.android.vending.CHECK_LICENSE from package com.android.vending in an unknown group android.permission-group.NETWORK
06-20 23:11:29.795   565   597 W PackageManager: Permission com.android.vending.BILLING from package com.android.vending in an unknown group android.permission-group.NETWORK
06-20 23:11:29.795   565   597 W PackageManager: Permission com.android.vending.p2p.APP_INSTALL_API from package com.android.vending in an unknown group android.permission-group.NETWORK
06-20 23:11:29.809   565   594 W PackageManager: Permission com.android.chrome.permission.DEBUG from package com.android.chrome in an unknown group android.permission-group.DEVELOPMENT_TOOLS
06-20 23:11:29.998   565   596 W PackageParser: No actions in intent filter at /data/app/com.google.android.play.games-1/base.apk Binary XML file line #1009
06-20 23:11:30.025   565   599 W PackageParser: No actions in intent filter at /data/app/com.google.android.apps.photos-1/base.apk Binary XML file line #1917
06-20 23:11:30.050   565   597 W PackageParser: No actions in intent filter at /data/app/com.google.android.calendar-1/base.apk Binary XML file line #497
06-20 23:11:30.056   565   597 W PackageManager: Non-privileged app; cap priority to 0; package: com.google.android.calendar activity: com.android.calendar.event.LaunchInfoActivity origPrio: 50
06-20 23:11:30.056   565   597 W PackageManager: Non-privileged app; cap priority to 0; package: com.google.android.calendar activity: com.android.calendar.event.LaunchInfoActivity origPrio: 50
06-20 23:11:30.144   565   597 W PackageManager: Package com.google.android.videos desires unavailable shared library com.google.widevine.software.drm; ignoring!
06-20 23:11:30.162   565   594 W PackageParser: No actions in intent filter at /data/app/com.google.android.googlequicksearchbox-1/base.apk Binary XML file line #1708
06-20 23:11:30.164   565   594 W PackageManager: Package com.google.android.googlequicksearchbox desires unavailable shared library com.google.android.chromeos; ignoring!
06-20 23:11:30.195   565   596 W PackageManager: Non-privileged app; cap priority to 0; package: com.google.android.play.games activity: com.google.android.gms.games.ui.clientv2.compatibility.TrampolineActivity origPrio: 10
06-20 23:11:30.195   565   596 W PackageManager: Non-privileged app; cap priority to 0; package: com.google.android.play.games activity: com.google.android.gms.games.ui.clientv2.compatibility.TrampolineActivity origPrio: 10
06-20 23:11:30.196   565   596 W PackageManager: Non-privileged app; cap priority to 0; package: com.google.android.play.games activity: com.google.android.gms.games.ui.clientv2.compatibility.TrampolineActivity origPrio: 10
06-20 23:11:30.196   565   596 W PackageManager: Non-privileged app; cap priority to 0; package: com.google.android.play.games activity: com.google.android.gms.games.ui.clientv2.compatibility.TrampolineActivity origPrio: 10
06-20 23:11:30.196   565   596 W PackageManager: Non-privileged app; cap priority to 0; package: com.google.android.play.games activity: com.google.android.gms.games.ui.clientv2.compatibility.TrampolineActivity origPrio: 10
06-20 23:11:30.196   565   596 W PackageManager: Non-privileged app; cap priority to 0; package: com.google.android.play.games activity: com.google.android.gms.games.ui.clientv2.compatibility.TrampolineActivity origPrio: 10
06-20 23:11:30.196   565   596 W PackageManager: Non-privileged app; cap priority to 0; package: com.google.android.play.games activity: com.google.android.gms.games.ui.clientv2.compatibility.TrampolineActivity origPrio: 10
06-20 23:11:30.196   565   596 W PackageManager: Non-privileged app; cap priority to 0; package: com.google.android.play.games activity: com.google.android.gms.games.ui.clientv2.compatibility.TrampolineActivity origPrio: 10
06-20 23:11:30.196   565   596 W PackageManager: Non-privileged app; cap priority to 0; package: com.google.android.play.games activity: com.google.android.gms.games.ui.restricted.matches.RestrictedParticipantListActivity origPrio: 10
06-20 23:11:30.196   565   596 W PackageManager: Non-privileged app; cap priority to 0; package: com.google.android.play.games activity: com.google.android.gms.games.ui.clientv2.achievements.AchievementsActivity origPrio: 10
06-20 23:11:30.196   565   596 W PackageManager: Non-privileged app; cap priority to 0; package: com.google.android.play.games activity: com.google.android.gms.games.ui.clientv2.achievements.AchievementDescriptionActivityLegacy origPrio: 10
06-20 23:11:30.196   565   596 W PackageManager: Non-privileged app; cap priority to 0; package: com.google.android.play.games activity: com.google.android.gms.games.ui.clientv2.achievements.AchievementDescriptionActivity origPrio: 10
06-20 23:11:30.196   565   596 W PackageManager: Non-privileged app; cap priority to 0; package: com.google.android.play.games activity: com.google.android.gms.games.ui.clientv2.leaderboards.LeaderboardsLoadingActivity origPrio: 10
06-20 23:11:30.196   565   596 W PackageManager: Non-privileged app; cap priority to 0; package: com.google.android.play.games activity: com.google.android.gms.games.ui.clientv2.leaderboards.LeaderboardActivity origPrio: 10
06-20 23:11:30.196   565   596 W PackageManager: Non-privileged app; cap priority to 0; package: com.google.android.play.games activity: com.google.android.gms.games.ui.clientv2.matches.selectopponents.SelectOpponentsActivity origPrio: 10
06-20 23:11:30.196   565   596 W PackageManager: Non-privileged app; cap priority to 0; package: com.google.android.play.games activity: com.google.android.gms.games.ui.clientv2.matches.selectopponents.SelectOpponentsActivity origPrio: 10
06-20 23:11:30.196   565   596 W PackageManager: Non-privileged app; cap priority to 0; package: com.google.android.play.games activity: com.google.android.gms.games.ui.clientv2.matches.selectopponents.SelectOpponentsActivity origPrio: 10
06-20 23:11:30.196   565   596 W PackageManager: Non-privileged app; cap priority to 0; package: com.google.android.play.games activity: com.google.android.gms.games.ui.clientv2.search.PlayerSearchActivity origPrio: 10
06-20 23:11:30.197   565   596 W PackageManager: Non-privileged app; cap priority to 0; package: com.google.android.play.games activity: com.google.android.gms.games.ui.clientv2.matches.waitingroom.WaitingRoomActivity origPrio: 10
06-20 23:11:30.197   565   596 W PackageManager: Non-privileged app; cap priority to 0; package: com.google.android.play.games activity: com.google.android.gms.games.ui.clientv2.matches.turnbased.InboxActivity origPrio: 10
06-20 23:11:30.197   565   596 W PackageManager: Non-privileged app; cap priority to 0; package: com.google.android.play.games activity: com.google.android.gms.games.ui.clientv2.matches.invitations.InvitationsActivity origPrio: 10
06-20 23:11:30.197   565   596 W PackageManager: Non-privileged app; cap priority to 0; package: com.google.android.play.games activity: com.google.android.gms.games.ui.client.matches.ClientPublicInvitationActivity origPrio: 10
06-20 23:11:30.197   565   596 W PackageManager: Non-privileged app; cap priority to 0; package: com.google.android.play.games activity: com.google.android.gms.games.ui.clientv2.settings.SettingsActivity origPrio: 10
06-20 23:11:30.197   565   596 W PackageManager: Non-privileged app; cap priority to 0; package: com.google.android.play.games activity: com.google.android.gms.games.ui.clientv2.snapshots.SnapshotListActivity origPrio: 10
06-20 23:11:30.197   565   596 W PackageManager: Non-privileged app; cap priority to 0; package: com.google.android.play.games activity: com.google.android.gms.games.ui.client.quests.ClientQuestListActivity origPrio: 10
06-20 23:11:30.197   565   596 W PackageManager: Non-privileged app; cap priority to 0; package: com.google.android.play.games activity: com.google.android.gms.games.ui.client.quests.ClientQuestDetailActivity origPrio: 10
06-20 23:11:30.197   565   596 W PackageManager: Non-privileged app; cap priority to 0; package: com.google.android.play.games activity: com.google.android.gms.games.ui.client.InterstitialVideoDialogLauncher origPrio: 10
06-20 23:11:30.197   565   596 W PackageManager: Non-privileged app; cap priority to 0; package: com.google.android.play.games activity: com.google.android.gms.games.ui.client.InterstitialVideoDialogLauncher origPrio: 10
06-20 23:11:30.197   565   596 W PackageManager: Non-privileged app; cap priority to 0; package: com.google.android.play.games activity: com.google.android.gms.games.ui.restricted.videos.RestrictedVideoCapturedActivity origPrio: 10
06-20 23:11:30.197   565   596 W PackageManager: Non-privileged app; cap priority to 0; package: com.google.android.play.games activity: com.google.android.gms.games.ui.clientv2.dialog.FeatureNotAvailableActivity origPrio: 10
06-20 23:11:30.197   565   596 W PackageManager: Non-privileged app; cap priority to 0; package: com.google.android.play.games activity: com.google.android.gms.games.testcompat.ParcelTestCompatActivity origPrio: 10
06-20 23:11:30.197   565   596 W PackageManager: Non-privileged app; cap priority to 0; package: com.google.android.play.games activity: com.google.android.gms.games.testcompat.ParcelTestCompatActivity origPrio: 10
06-20 23:11:30.197   565   596 W PackageManager: Non-privileged app; cap priority to 0; package: com.google.android.play.games activity: com.google.android.gms.games.ui.GamesSettingsActivity origPrio: 10
06-20 23:11:30.197   565   596 W PackageManager: Non-privileged app; cap priority to 0; package: com.google.android.play.games activity: com.google.android.gms.games.ui.GamesSettingsDebugActivity origPrio: 10
06-20 23:11:30.198   565   596 W PackageManager: Non-privileged app; cap priority to 0; package: com.google.android.play.games activity: com.google.android.gms.games.ui.signin.SignInActivity origPrio: 10
06-20 23:11:30.198   565   596 W PackageManager: Non-privileged app; cap priority to 0; package: com.google.android.play.games activity: com.google.android.gms.games.ui.v2.MainActivity origPrio: 10
06-20 23:11:30.202   565   595 W PackageParser: No actions in intent filter at /data/app/com.google.android.gm-1/base.apk Binary XML file line #735
06-20 23:11:30.203   565   595 W PackageParser: No actions in intent filter at /data/app/com.google.android.gm-1/base.apk Binary XML file line #800
06-20 23:11:30.222   565   595 W PackageManager: Permission com.google.android.gm.email.permission.READ_ATTACHMENT from package com.google.android.gm in an unknown group android.permission-group.MESSAGES
06-20 23:11:30.222   565   595 W PackageManager: Permission com.google.android.gm.permission.READ_GMAIL from package com.google.android.gm in an unknown group android.permission-group.MESSAGES
06-20 23:11:30.222   565   595 W PackageManager: Permission com.google.android.gm.permission.WRITE_GMAIL from package com.google.android.gm in an unknown group android.permission-group.MESSAGES
06-20 23:11:30.222   565   595 W PackageManager: Permission com.google.android.gm.permission.AUTO_SEND from package com.google.android.gm in an unknown group android.permission-group.MESSAGES
06-20 23:11:30.222   565   595 W PackageManager: Permission com.google.android.gm.permission.READ_CONTENT_PROVIDER from package com.google.android.gm in an unknown group android.permission-group.MESSAGES
06-20 23:11:30.707   565   599 W PackageManager: Non-privileged app; cap priority to 0; package: com.google.android.apps.photos activity: com.google.android.apps.photos.printingskus.photobook.deeplink.PhotoBookDeepLinkGatewayActivityAlias origPrio: 1
06-20 23:11:30.887   565   594 W PackageManager: Permission com.google.android.launcher.permission.READ_SETTINGS from package com.google.android.googlequicksearchbox in an unknown group android.permission-group.SYSTEM_TOOLS
06-20 23:11:30.887   565   594 W PackageManager: Permission com.google.android.launcher.permission.WRITE_SETTINGS from package com.google.android.googlequicksearchbox in an unknown group android.permission-group.SYSTEM_TOOLS
06-20 23:11:30.888   565   594 W PackageManager: Permission com.android.launcher.permission.INSTALL_SHORTCUT from package com.google.android.googlequicksearchbox in an unknown group android.permission-group.SYSTEM_TOOLS
06-20 23:11:30.965   236   236 E wmt_launcher: get property(persist.mtk.wcn.fwlog.status) failed ret:0
06-20 23:11:30.965   236   236 I wmt_launcher: get property(persist.mtk.wcn.dynamic.dump) is 0
06-20 23:11:31.110   565   599 W PackageParser: No actions in intent filter at /data/app/com.google.android.apps.docs.editors.docs-2/base.apk Binary XML file line #545
06-20 23:11:31.148   565   598 W PackageManager: Package com.google.android.gms desires unavailable shared library com.google.android.ble; ignoring!
06-20 23:11:31.148   565   598 W PackageManager: Package com.google.android.gms desires unavailable shared library com.google.android.wearable; ignoring!
06-20 23:11:31.332   565   594 W PackageParser: No actions in intent filter at /data/app/com.google.android.keep-1/base.apk Binary XML file line #440
06-20 23:11:31.519   565   597 W PackageParser: No actions in intent filter at /data/app/com.google.android.apps.docs-1/base.apk Binary XML file line #1779
06-20 23:11:31.583   565   599 W PackageManager: Permission com.google.android.apps.docs.editors.kix.permission.READ_MY_DATA from package com.google.android.apps.docs.editors.docs in an unknown group android.permission-group.PERSONAL_INFO
06-20 23:11:31.583   565   599 W PackageManager: Permission com.google.android.apps.docs.editors.kix.permission.SYNC_STATUS from package com.google.android.apps.docs.editors.docs in an unknown group android.permission-group.PERSONAL_INFO
06-20 23:11:31.770   565   597 W PackageManager: Permission com.google.android.apps.docs.permission.READ_MY_DATA from package com.google.android.apps.docs in an unknown group android.permission-group.PERSONAL_INFO
06-20 23:11:31.770   565   597 W PackageManager: Permission com.google.android.apps.docs.permission.SYNC_STATUS from package com.google.android.apps.docs in an unknown group android.permission-group.PERSONAL_INFO
06-20 23:11:31.911   565   598 W PackageManager: Permission com.google.android.gms.permission.ACTIVITY_RECOGNITION from package com.google.android.gms in an unknown group android.permission-group.PERSONAL_INFO
06-20 23:11:31.913   565   565 D PackageManager: end scanDirLI:/data/app
06-20 23:11:31.913   565   565 D PackageManager: No files in app dir /data/app-private
06-20 23:11:31.914   565   565 D PackageManager: No files in app dir /data/app-ephemeral
06-20 23:11:31.916   565   565 W PackageManager: Protected action; cap priority to 0; package: com.android.cts.priv.ctsshim activity: com.android.cts.priv.ctsshim.InstallPriority origPrio: 100
06-20 23:11:31.916   565   565 W PackageManager: Protected action; cap priority to 0; package: com.android.cts.priv.ctsshim activity: com.android.cts.priv.ctsshim.InstallPriority origPrio: 100
06-20 23:11:31.916   565   565 W PackageManager: Protected action; cap priority to 0; package: com.android.cts.priv.ctsshim activity: com.android.cts.priv.ctsshim.InstallPriority origPrio: 100
06-20 23:11:31.916   565   565 W PackageManager: Protected action; cap priority to 0; package: com.android.cts.priv.ctsshim activity: com.android.cts.priv.ctsshim.InstallPriority origPrio: 100
06-20 23:11:31.916   565   565 W PackageManager: Protected action; cap priority to 0; package: com.android.packageinstaller activity: com.android.packageinstaller.PackageInstallerActivity origPrio: 1
06-20 23:11:31.917   565   565 W PackageManager: Package com.google.android.googlequicksearchbox desires unavailable shared library com.google.android.chromeos; ignoring!
06-20 23:11:31.917   565   565 W PackageManager: Package com.google.android.gms desires unavailable shared library com.google.android.ble; ignoring!
06-20 23:11:31.917   565   565 W PackageManager: Package com.google.android.gms desires unavailable shared library com.google.android.wearable; ignoring!
06-20 23:11:31.917   565   565 W PackageManager: Package com.google.android.videos desires unavailable shared library com.google.widevine.software.drm; ignoring!
06-20 23:11:31.917   565   565 I PackageManager: Adjusting ABI for com.android.providers.downloads.ui to armeabi-v7a (requirer=com.android.mtp, scannedPackage=null)
06-20 23:11:31.918   565   565 I PackageManager: Adjusting ABI for com.android.providers.media to armeabi-v7a (requirer=com.android.mtp, scannedPackage=null)
06-20 23:11:31.919   565   565 I PackageManager: Adjusting ABI for com.android.providers.downloads to armeabi-v7a (requirer=com.android.mtp, scannedPackage=null)
06-20 23:11:31.920   565   565 I PackageManager: Adjusting ABI for com.google.android.gsf.login to armeabi-v7a (requirer=com.google.android.gms, scannedPackage=null)
06-20 23:11:31.920   565   565 I PackageManager: Adjusting ABI for com.google.android.gsf to armeabi-v7a (requirer=com.google.android.gms, scannedPackage=null)
06-20 23:11:31.921   565   565 I PackageManager: Adjusting ABI for com.google.android.backuptransport to armeabi-v7a (requirer=com.google.android.gms, scannedPackage=null)
06-20 23:11:31.922   565   565 I PackageManager: Adjusting ABI for org.cyanogenmod.cmparts to armeabi-v7a (requirer=android, scannedPackage=null)
06-20 23:11:31.922   565   565 I PackageManager: Adjusting ABI for com.android.keychain to armeabi-v7a (requirer=android, scannedPackage=null)
06-20 23:11:31.923   565   565 I PackageManager: Adjusting ABI for com.android.wallpaperbackup to armeabi-v7a (requirer=android, scannedPackage=null)
06-20 23:11:31.924   565   565 I PackageManager: Adjusting ABI for com.android.development to armeabi-v7a (requirer=android, scannedPackage=null)
06-20 23:11:31.924   565   565 I PackageManager: Adjusting ABI for org.cyanogenmod.cmsettings to armeabi-v7a (requirer=android, scannedPackage=null)
06-20 23:11:31.925   565   565 I PackageManager: Adjusting ABI for cyanogenmod.platform to armeabi-v7a (requirer=android, scannedPackage=null)
06-20 23:11:31.925   250   250 E         : invalid apk path '/system/framework/org.cyanogenmod.platform-res.apk' (bad prefix)
06-20 23:11:31.926   565   565 I PackageManager: Adjusting ABI for com.cyanogenmod.setupwizard to armeabi-v7a (requirer=android, scannedPackage=null)
06-20 23:11:31.927   565   565 I PackageManager: Adjusting ABI for com.android.location.fused to armeabi-v7a (requirer=android, scannedPackage=null)
06-20 23:11:31.927   565   565 I PackageManager: Adjusting ABI for com.android.server.telecom to armeabi-v7a (requirer=android, scannedPackage=null)
06-20 23:11:31.928   565   565 I PackageManager: Adjusting ABI for com.android.settings to armeabi-v7a (requirer=android, scannedPackage=null)
06-20 23:11:31.929   565   565 I PackageManager: Adjusting ABI for com.android.inputdevices to armeabi-v7a (requirer=android, scannedPackage=null)
06-20 23:11:31.929   565   565 I PackageManager: Adjusting ABI for com.android.providers.settings to armeabi-v7a (requirer=android, scannedPackage=null)
06-20 23:11:31.939   565   565 I PackageManager: Time to scan packages: 4.344 seconds
06-20 23:11:31.940   565   565 W PackageManager: Not granting permission android.permission.MANAGE_DOCUMENTS to package com.google.android.youtube (protectionLevel=2 flags=0x385bbec5)
06-20 23:11:31.940   565   565 W PackageManager: Unknown permission android.permission.FOREGROUND_SERVICE in package com.google.android.youtube
06-20 23:11:31.940   565   565 W PackageManager: Unknown permission com.sec.android.provider.badge.permission.READ in package com.google.android.youtube
06-20 23:11:31.940   565   565 W PackageManager: Unknown permission com.sec.android.provider.badge.permission.WRITE in package com.google.android.youtube
06-20 23:11:31.940   565   565 W PackageManager: Unknown permission com.htc.launcher.permission.READ_SETTINGS in package com.google.android.youtube
06-20 23:11:31.940   565   565 W PackageManager: Unknown permission com.htc.launcher.permission.UPDATE_SHORTCUT in package com.google.android.youtube
06-20 23:11:31.940   565   565 W PackageManager: Unknown permission com.sonyericsson.home.permission.BROADCAST_BADGE in package com.google.android.youtube
06-20 23:11:31.940   565   565 W PackageManager: Unknown permission com.sonymobile.home.permission.PROVIDER_INSERT_BADGE in package com.google.android.youtube
06-20 23:11:31.940   565   565 W PackageManager: Not granting permission android.permission.READ_EXTERNAL_STORAGE to package com.andb.apps.corners because it was previously installed without
06-20 23:11:31.940   565   565 W PackageManager: Unknown permission android.permission.FOREGROUND_SERVICE in package com.andb.apps.corners
06-20 23:11:31.940   565   565 W PackageManager: Unknown permission com.google.android.launcher.permission.CONTENT_REDIRECT in package com.google.android.googlequicksearchbox
06-20 23:11:31.940   565   565 W PackageManager: Unknown permission com.google.android.voicesearch.SHORTCUTS_ACCESS in package com.google.android.googlequicksearchbox
06-20 23:11:31.940   565   565 W PackageManager: Unknown permission com.google.android.voicesearch.ACCESS_SETTINGS in package com.google.android.googlequicksearchbox
06-20 23:11:31.940   565   565 W PackageManager: Unknown permission com.android.browser.permission.PRELOAD in package com.google.android.googlequicksearchbox
06-20 23:11:31.940   565   565 W PackageManager: Unknown permission com.google.android.ears.permission.WRITE in package com.google.android.googlequicksearchbox
06-20 23:11:31.940   565   565 W PackageManager: Unknown permission android.permission.FOREGROUND_SERVICE in package com.google.android.googlequicksearchbox
06-20 23:11:31.940   565   565 W PackageManager: Unknown permission com.google.googlenav.friend.permission.OPT_IN in package com.google.android.googlequicksearchbox
06-20 23:11:31.941   565   565 W PackageManager: Unknown permission com.google.android.apps.googlevoice.permission.AUTO_SEND in package com.google.android.googlequicksearchbox
06-20 23:11:31.941   565   565 W PackageManager: Unknown permission com.google.android.hangouts.START_HANGOUT in package com.google.android.googlequicksearchbox
06-20 23:11:31.941   565   565 W PackageManager: Unknown permission com.android.chrome.PRERENDER_URL in package com.google.android.googlequicksearchbox
06-20 23:11:31.941   565   565 W PackageManager: Unknown permission android.permission.SET_MEDIA_KEY_LISTENER in package com.google.android.googlequicksearchbox
06-20 23:11:31.941   565   565 W PackageManager: Unknown permission android.permission.SET_VOLUME_KEY_LONG_PRESS_LISTENER in package com.google.android.googlequicksearchbox
06-20 23:11:31.941   565   565 W PackageManager: Unknown permission android.permission.START_ACTIVITIES_FROM_BACKGROUND in package com.google.android.googlequicksearchbox
06-20 23:11:31.941   565   565 W PackageManager: Unknown permission com.google.android.apps.gsa.nga.permissions.EDIT_PREFERENCES in package com.google.android.googlequicksearchbox
06-20 23:11:31.941   565   565 W PackageManager: Not granting permission com.google.android.googleapps.permission.GOOGLE_AUTH to package com.android.providers.calendar (protectionLevel=2 flags=0x30083e45)
06-20 23:11:31.941   565   565 W PackageManager: Not granting permission com.google.android.googleapps.permission.GOOGLE_AUTH.cl to package com.android.providers.calendar (protectionLevel=2 flags=0x30083e45)
06-20 23:11:31.941   565   565 W PackageManager: Not granting permission android.permission.WRITE_EXTERNAL_STORAGE to package com.google.android.apps.docs.editors.docs because it was previously installed without
06-20 23:11:31.941   565   565 W PackageManager: Not granting permission android.permission.GET_ACCOUNTS to package com.google.android.apps.docs.editors.docs because it was previously installed without
06-20 23:11:31.941   565   565 W PackageManager: Not granting permission android.permission.READ_CONTACTS to package com.google.android.apps.docs.editors.docs because it was previously installed without
06-20 23:11:31.941   565   565 W PackageManager: Unknown permission android.permission.FOREGROUND_SERVICE in package com.google.android.apps.docs.editors.docs
06-20 23:11:31.941   565   565 W PackageManager: Not granting permission com.google.android.gm.permission.READ_GMAIL to package com.google.android.apps.docs.editors.docs (protectionLevel=2 flags=0x385bbe44)
06-20 23:11:31.941   565   565 W PackageManager: Not granting permission com.google.android.googleapps.permission.GOOGLE_AUTH to package com.google.android.apps.docs.editors.docs (protectionLevel=2 flags=0x385bbe44)
06-20 23:11:31.941   565   565 W PackageManager: Not granting permission com.google.android.googleapps.permission.GOOGLE_AUTH.OTHER_SERVICES to package com.google.android.apps.docs.editors.docs (protectionLevel=2 flags=0x385bbe44)
06-20 23:11:31.941   565   565 W PackageManager: Not granting permission com.google.android.googleapps.permission.GOOGLE_AUTH.ALL_SERVICES to package com.google.android.apps.docs.editors.docs (protectionLevel=2 flags=0x385bbe44)
06-20 23:11:31.941   565   565 W PackageManager: Not granting permission com.google.android.googleapps.permission.GOOGLE_AUTH.writely to package com.google.android.apps.docs.editors.docs (protectionLevel=2 flags=0x385bbe44)
06-20 23:11:31.941   565   565 W PackageManager: Not granting permission com.google.android.googleapps.permission.GOOGLE_AUTH.wise to package com.google.android.apps.docs.editors.docs (protectionLevel=2 flags=0x385bbe44)
06-20 23:11:31.941   565   565 W PackageManager: Not granting permission android.permission.READ_EXTERNAL_STORAGE to package com.google.android.apps.docs.editors.docs because it was previously installed without
06-20 23:11:31.942   565   565 W PackageManager: Unknown permission cyanogenmod.permission.LEGALESE in package com.cyanogenmod.setupwizard
06-20 23:11:31.942   565   565 W PackageManager: Not granting permission android.permission.SEND_DOWNLOAD_COMPLETED_INTENTS to package com.android.vending (protectionLevel=2 flags=0x384abec5)
06-20 23:11:31.942   565   565 W PackageManager: Unknown permission android.permission.USE_BIOMETRIC in package com.android.vending
06-20 23:11:31.942   565   565 I PackageManager: Un-granting permission android.permission.INSTALL_GRANT_RUNTIME_PERMISSIONS from package com.android.vending (protectionLevel=770 flags=0x384abec5)
06-20 23:11:31.942   565   565 I PackageManager: Un-granting permission android.permission.GRANT_RUNTIME_PERMISSIONS from package com.android.vending (protectionLevel=770 flags=0x384abec5)
06-20 23:11:31.942   565   565 I PackageManager: Un-granting permission android.permission.REVOKE_RUNTIME_PERMISSIONS from package com.android.vending (protectionLevel=770 flags=0x384abec5)
06-20 23:11:31.942   565   565 W PackageManager: Unknown permission android.permission.ALLOCATE_AGGRESSIVE in package com.android.vending
06-20 23:11:31.943   565   565 W PackageManager: Not granting permission android.permission.SET_PREFERRED_APPLICATIONS to package com.android.vending (protectionLevel=2 flags=0x384abec5)
06-20 23:11:31.943   565   565 W PackageManager: Unknown permission android.permission.ACCESS_INSTANT_APPS in package com.android.vending
06-20 23:11:31.943   565   565 W PackageManager: Unknown permission android.permission.MANAGE_APP_OPS_MODES in package com.android.vending
06-20 23:11:31.943   565   565 W PackageManager: Unknown permission android.permission.MANAGE_ROLLBACKS in package com.android.vending
06-20 23:11:31.943   565   565 W PackageManager: Unknown permission android.permission.SET_HARMFUL_APP_WARNINGS in package com.android.vending
06-20 23:11:31.943   565   565 W PackageManager: Unknown permission com.sec.android.provider.badge.permission.READ in package com.android.vending
06-20 23:11:31.943   565   565 W PackageManager: Unknown permission com.sec.android.provider.badge.permission.WRITE in package com.android.vending
06-20 23:11:31.943   565   565 W PackageManager: Unknown permission com.htc.launcher.permission.READ_SETTINGS in package com.android.vending
06-20 23:11:31.943   565   565 W PackageManager: Unknown permission com.htc.launcher.permission.UPDATE_SHORTCUT in package com.android.vending
06-20 23:11:31.943   565   565 W PackageManager: Unknown permission com.sonyericsson.home.permission.BROADCAST_BADGE in package com.android.vending
06-20 23:11:31.943   565   565 W PackageManager: Unknown permission com.sonymobile.home.permission.PROVIDER_INSERT_BADGE in package com.android.vending
06-20 23:11:31.943   565   565 W PackageManager: Unknown permission com.anddoes.launcher.permission.UPDATE_COUNT in package com.android.vending
06-20 23:11:31.943   565   565 W PackageManager: Unknown permission com.majeur.launcher.permission.UPDATE_BADGE in package com.android.vending
06-20 23:11:31.943   565   565 W PackageManager: Unknown permission com.huawei.android.launcher.permission.CHANGE_BADGE in package com.android.vending
06-20 23:11:31.943   565   565 W PackageManager: Unknown permission com.huawei.android.launcher.permission.READ_SETTINGS in package com.android.vending
06-20 23:11:31.943   565   565 W PackageManager: Unknown permission com.huawei.android.launcher.permission.WRITE_SETTINGS in package com.android.vending
06-20 23:11:31.943   565   565 W PackageManager: Unknown permission android.permission.READ_APP_BADGE in package com.android.vending
06-20 23:11:31.943   565   565 W PackageManager: Unknown permission com.oppo.launcher.permission.READ_SETTINGS in package com.android.vending
06-20 23:11:31.943   565   565 W PackageManager: Unknown permission com.oppo.launcher.permission.WRITE_SETTINGS in package com.android.vending
06-20 23:11:31.943   565   565 W PackageManager: Unknown permission org.chromium.arc.apkcacheprovider.permission.READ_CACHE in package com.android.vending
06-20 23:11:31.943   565   565 W PackageManager: Unknown permission org.chromium.arc.apkcacheprovider.permission.WRITE_CACHE in package com.android.vending
06-20 23:11:31.943   565   565 W PackageManager: Unknown permission android.permission.READ_RUNTIME_PROFILES in package com.android.vending
06-20 23:11:31.943   565   565 W PackageManager: Unknown permission android.permission.FOREGROUND_SERVICE in package com.android.vending
06-20 23:11:31.943   565   565 W PackageManager: Unknown permission android.permission.START_ACTIVITIES_FROM_BACKGROUND in package com.android.vending
06-20 23:11:31.943   565   565 W PackageManager: Unknown permission android.permission.CHANGE_OVERLAY_PACKAGES in package com.android.vending
06-20 23:11:31.943   565   565 W PackageManager: Unknown permission android.permission.SEND_DEVICE_CUSTOMIZATION_READY in package com.android.vending
06-20 23:11:31.944   565   565 W PackageManager: Unknown permission android.permission.FOREGROUND_SERVICE in package com.google.android.deskclock
06-20 23:11:31.944   565   565 W PackageManager: Unknown permission com.android.systemui.permission.SEND_ALERT_BROADCASTS in package com.google.android.deskclock
06-20 23:11:31.944   565   565 W PackageManager: Unknown permission android.permission.FOREGROUND_SERVICE in package com.google.android.gm
06-20 23:11:31.944   565   565 W PackageManager: Unknown permission com.google.android.email.permission.ACCESS_PROVIDER in package com.google.android.gm
06-20 23:11:31.944   565   565 W PackageManager: Unknown permission com.google.android.gm.exchange.BIND in package com.google.android.gm
06-20 23:11:31.944   565   565 W PackageManager: Unknown permission com.android.email.partnerprovider.PARTNER_PROVIDER in package com.google.android.gm
06-20 23:11:31.944   565   565 W PackageManager: Unknown permission android.permission.REQUEST_PASSWORD_COMPLEXITY in package com.google.android.gm
06-20 23:11:31.944   565   565 W PackageManager: Unknown permission android.permission.FOREGROUND_SERVICE in package com.google.android.music
06-20 23:11:31.944   565   565 W PackageManager: Not granting permission android.permission.BIND_JOB_SERVICE to package com.google.android.music (protectionLevel=2 flags=0x384bbe65)
06-20 23:11:31.944   565   565 W PackageManager: Unknown permission com.samsung.android.providers.context.permission.WRITE_USE_APP_FEATURE_SURVEY in package com.google.android.music
06-20 23:11:31.945   565   565 W PackageManager: Unknown permission android.permission.FOREGROUND_SERVICE in package com.google.android.apps.cloudprint
