06-20 23:11:38.501   245   245 I MtkCam/MtkCamUtils: {CamProfile}[DefaultCam1Device::onUninit] 3A Hal -: (1-th) ===> [start-->now: 0 ms] [last-->now: 0 ms]
06-20 23:11:38.501   245   245 I MtkCam/MtkCamUtils: {CamProfile}[DefaultCam1Device::onUninit] Sensor Hal -: (2-th) ===> [start-->now: 0 ms] [last-->now: 0 ms]
06-20 23:11:38.501   245   245 W MtkCam/ResManager: [close] No user
06-20 23:11:38.501   245   245 I MtkCam/MtkCamUtils: {CamProfile}[DefaultCam1Device::onUninit] Resource -: (3-th) ===> [start-->now: 0 ms] [last-->now: 0 ms]
06-20 23:11:38.501   245   245 I MtkCam/MtkCamUtils: {CamProfile}[DefaultCam1Device::onUninit] : (4-th) ===> [start-->now: 0 ms] [last-->now: 0 ms]
06-20 23:11:38.503   245   245 I CameraService: disconnect: Disconnected client for camera 0 for PID 245
06-20 23:11:38.503   254   254 D NuPlayerDriver: reset(0xf6020ae0) at state 4
06-20 23:11:38.503   254   254 D NuPlayerDriver: notifyListener_l(0xf6020ae0), (8, 0, 0), loop setting(0, 0)
06-20 23:11:38.503   254   910 W AMessage: failed to post message as target looper for handler 0 is gone.
06-20 23:11:38.503   254   910 D NuPlayerDriver: notifyResetComplete(0xf6020ae0)
06-20 23:11:38.504   254   324 D NuPlayerDriver: reset(0xf6020c00) at state 4
06-20 23:11:38.504   254   324 D NuPlayerDriver: notifyListener_l(0xf6020c00), (8, 0, 0), loop setting(0, 0)
06-20 23:11:38.504   254   914 W AMessage: failed to post message as target looper for handler 0 is gone.
06-20 23:11:38.504   254   914 D NuPlayerDriver: notifyResetComplete(0xf6020c00)
06-20 23:11:38.505   254   254 D NuPlayerDriver: reset(0xf6020cc0) at state 4
06-20 23:11:38.505   254   254 D NuPlayerDriver: notifyListener_l(0xf6020cc0), (8, 0, 0), loop setting(0, 0)
06-20 23:11:38.505   254   916 W AMessage: failed to post message as target looper for handler 0 is gone.
06-20 23:11:38.505   254   916 D NuPlayerDriver: notifyResetComplete(0xf6020cc0)
06-20 23:11:38.506   245   600 I CameraService: getCameraCharacteristics: Switching to HAL1 shim implementation...
06-20 23:11:38.506   245   600 I CameraService: CameraService::connect call (PID -1 "cameraserver", camera ID 1) for HAL version default and Camera API version 1
06-20 23:11:38.507   245   600 E CameraService: getCameraPriorityFromProcState: Received invalid process state -1 from ActivityManagerService!
06-20 23:11:38.508   249   370 D DrmCtaPlugIn: onInitialize() : uniqueId : 8087
06-20 23:11:38.508   249   370 D DrmCtaPlugIn: encrypt thread has being created
06-20 23:11:38.508   249   370 D DrmCtaPlugIn: decrypt thread has being created
06-20 23:11:38.508   249   370 D DrmCtaPlugIn: onSetOnInfoListener(): uniqueId : 8087
06-20 23:11:38.508   249   370 D DrmCtaPlugIn: onSetOnInfoListener(): native
06-20 23:11:38.508   249   370 D DrmMtkPlugIn: DrmMtkPlugIn::onInitialize : 8087
06-20 23:11:38.508   249   370 D DrmMtkPlugIn: DrmMtkPlugIn::onSetOnInfoListener : 8087
06-20 23:11:38.508   249   249 D DrmCtaPlugIn: onOpenDecryptSession() [8087], fd = 5, offset = 0, length = 5951
06-20 23:11:38.508   249   249 E DrmCtaPlugIn: [ERROR]onOpenDecryptSession - The key is not set by user
06-20 23:11:38.508   249   249 D DrmMtkPlugIn: onOpenDecryptSession() [8087], Start with file descryptor
06-20 23:11:38.509   249   249 E DrmMtkUtil/DrmUtil: parseDcf: not dcf type, dcf version value [79]
06-20 23:11:38.509   249   249 E DrmMtkPlugIn: onOpenDecryptSession() : failed to parse dcf file.
06-20 23:11:38.509   249   249 D DrmCtaPlugIn: onTerminate():uniqueId : 8087
06-20 23:11:38.509   249   249 D DrmMtkPlugIn: DrmMtkPlugIn::onTerminate : 8087
06-20 23:11:38.512   249   370 D DrmCtaPlugIn: onInitialize() : uniqueId : 4514
06-20 23:11:38.512   249   370 D DrmCtaPlugIn: encrypt thread has being created
06-20 23:11:38.512   249   370 D DrmCtaPlugIn: decrypt thread has being created
06-20 23:11:38.512   249   370 D DrmCtaPlugIn: onSetOnInfoListener(): uniqueId : 4514
06-20 23:11:38.512   249   370 D DrmCtaPlugIn: onSetOnInfoListener(): native
06-20 23:11:38.512   249   370 D DrmMtkPlugIn: DrmMtkPlugIn::onInitialize : 4514
06-20 23:11:38.512   249   370 D DrmMtkPlugIn: DrmMtkPlugIn::onSetOnInfoListener : 4514
06-20 23:11:38.513   249   249 D DrmCtaPlugIn: onOpenDecryptSession() [4514], fd = 5, offset = 0, length = 5951
06-20 23:11:38.513   249   249 E DrmCtaPlugIn: [ERROR]onOpenDecryptSession - The key is not set by user
06-20 23:11:38.513   249   249 D DrmMtkPlugIn: onOpenDecryptSession() [4514], Start with file descryptor
06-20 23:11:38.513   249   249 E DrmMtkUtil/DrmUtil: parseDcf: not dcf type, dcf version value [79]
06-20 23:11:38.513   249   249 E DrmMtkPlugIn: onOpenDecryptSession() : failed to parse dcf file.
06-20 23:11:38.513   249   249 D DrmCtaPlugIn: onTerminate():uniqueId : 4514
06-20 23:11:38.513   249   249 D DrmMtkPlugIn: DrmMtkPlugIn::onTerminate : 4514
06-20 23:11:38.518   254   926 D NuPlayerDriver: notifyListener_l(0xf6020ae0), (1, 0, 0), loop setting(0, 0)
06-20 23:11:38.519   249   370 D DrmCtaPlugIn: onInitialize() : uniqueId : 5500
06-20 23:11:38.519   249   370 D DrmCtaPlugIn: encrypt thread has being created
06-20 23:11:38.519   249   370 D DrmCtaPlugIn: decrypt thread has being created
06-20 23:11:38.519   249   370 D DrmCtaPlugIn: onSetOnInfoListener(): uniqueId : 5500
06-20 23:11:38.519   249   370 D DrmCtaPlugIn: onSetOnInfoListener(): native
06-20 23:11:38.519   249   370 D DrmMtkPlugIn: DrmMtkPlugIn::onInitialize : 5500
06-20 23:11:38.519   249   370 D DrmMtkPlugIn: DrmMtkPlugIn::onSetOnInfoListener : 5500
06-20 23:11:38.520   249   249 D DrmCtaPlugIn: onOpenDecryptSession() [5500], fd = 5, offset = 0, length = 6483
06-20 23:11:38.520   249   249 E DrmCtaPlugIn: [ERROR]onOpenDecryptSession - The key is not set by user
06-20 23:11:38.520   249   249 D DrmMtkPlugIn: onOpenDecryptSession() [5500], Start with file descryptor
06-20 23:11:38.520   249   249 E DrmMtkUtil/DrmUtil: parseDcf: not dcf type, dcf version value [79]
06-20 23:11:38.520   249   249 E DrmMtkPlugIn: onOpenDecryptSession() : failed to parse dcf file.
06-20 23:11:38.520   249   249 D DrmCtaPlugIn: onTerminate():uniqueId : 5500
06-20 23:11:38.520   249   249 D DrmMtkPlugIn: DrmMtkPlugIn::onTerminate : 5500
06-20 23:11:38.522   249   370 D DrmCtaPlugIn: onInitialize() : uniqueId : 4822
06-20 23:11:38.522   249   370 D DrmCtaPlugIn: encrypt thread has being created
06-20 23:11:38.522   249   370 D DrmCtaPlugIn: decrypt thread has being created
06-20 23:11:38.522   249   370 D DrmCtaPlugIn: onSetOnInfoListener(): uniqueId : 4822
06-20 23:11:38.522   249   370 D DrmCtaPlugIn: onSetOnInfoListener(): native
06-20 23:11:38.523   249   370 D DrmMtkPlugIn: DrmMtkPlugIn::onInitialize : 4822
06-20 23:11:38.523   249   370 D DrmMtkPlugIn: DrmMtkPlugIn::onSetOnInfoListener : 4822
06-20 23:11:38.523   249   249 D DrmCtaPlugIn: onOpenDecryptSession() [4822], fd = 5, offset = 0, length = 6483
06-20 23:11:38.523   249   249 E DrmCtaPlugIn: [ERROR]onOpenDecryptSession - The key is not set by user
06-20 23:11:38.523   249   249 D DrmMtkPlugIn: onOpenDecryptSession() [4822], Start with file descryptor
06-20 23:11:38.523   249   249 E DrmMtkUtil/DrmUtil: parseDcf: not dcf type, dcf version value [79]
06-20 23:11:38.523   249   249 E DrmMtkPlugIn: onOpenDecryptSession() : failed to parse dcf file.
06-20 23:11:38.523   249   249 D DrmCtaPlugIn: onTerminate():uniqueId : 4822
06-20 23:11:38.523   249   249 D DrmMtkPlugIn: DrmMtkPlugIn::onTerminate : 4822
06-20 23:11:38.527   254   928 D NuPlayerDriver: notifyListener_l(0xf6020c00), (1, 0, 0), loop setting(0, 0)
06-20 23:11:38.529   249   370 D DrmCtaPlugIn: onInitialize() : uniqueId : 7831
06-20 23:11:38.529   249   370 D DrmCtaPlugIn: encrypt thread has being created
06-20 23:11:38.529   249   370 D DrmCtaPlugIn: decrypt thread has being created
06-20 23:11:38.529   249   370 D DrmCtaPlugIn: onSetOnInfoListener(): uniqueId : 7831
06-20 23:11:38.529   249   370 D DrmCtaPlugIn: onSetOnInfoListener(): native
06-20 23:11:38.529   249   370 D DrmMtkPlugIn: DrmMtkPlugIn::onInitialize : 7831
06-20 23:11:38.529   249   370 D DrmMtkPlugIn: DrmMtkPlugIn::onSetOnInfoListener : 7831
06-20 23:11:38.529   249   249 D DrmCtaPlugIn: onOpenDecryptSession() [7831], fd = 5, offset = 0, length = 6528
06-20 23:11:38.529   249   249 E DrmCtaPlugIn: [ERROR]onOpenDecryptSession - The key is not set by user
06-20 23:11:38.529   249   249 D DrmMtkPlugIn: onOpenDecryptSession() [7831], Start with file descryptor
06-20 23:11:38.529   249   249 E DrmMtkUtil/DrmUtil: parseDcf: not dcf type, dcf version value [79]
06-20 23:11:38.529   249   249 E DrmMtkPlugIn: onOpenDecryptSession() : failed to parse dcf file.
06-20 23:11:38.530   249   249 D DrmCtaPlugIn: onTerminate():uniqueId : 7831
06-20 23:11:38.530   249   249 D DrmMtkPlugIn: DrmMtkPlugIn::onTerminate : 7831
06-20 23:11:38.532   249   370 D DrmCtaPlugIn: onInitialize() : uniqueId : 7020
06-20 23:11:38.532   249   370 D DrmCtaPlugIn: encrypt thread has being created
06-20 23:11:38.532   249   370 D DrmCtaPlugIn: decrypt thread has being created
06-20 23:11:38.532   249   370 D DrmCtaPlugIn: onSetOnInfoListener(): uniqueId : 7020
06-20 23:11:38.532   249   370 D DrmCtaPlugIn: onSetOnInfoListener(): native
06-20 23:11:38.532   249   370 D DrmMtkPlugIn: DrmMtkPlugIn::onInitialize : 7020
06-20 23:11:38.533   249   370 D DrmMtkPlugIn: DrmMtkPlugIn::onSetOnInfoListener : 7020
06-20 23:11:38.533   249   249 D DrmCtaPlugIn: onOpenDecryptSession() [7020], fd = 5, offset = 0, length = 6528
06-20 23:11:38.533   249   249 E DrmCtaPlugIn: [ERROR]onOpenDecryptSession - The key is not set by user
06-20 23:11:38.533   249   249 D DrmMtkPlugIn: onOpenDecryptSession() [7020], Start with file descryptor
06-20 23:11:38.533   249   249 E DrmMtkUtil/DrmUtil: parseDcf: not dcf type, dcf version value [79]
06-20 23:11:38.533   249   249 E DrmMtkPlugIn: onOpenDecryptSession() : failed to parse dcf file.
06-20 23:11:38.533   249   249 D DrmCtaPlugIn: onTerminate():uniqueId : 7020
06-20 23:11:38.533   249   249 D DrmMtkPlugIn: DrmMtkPlugIn::onTerminate : 7020
06-20 23:11:38.537   254   930 D NuPlayerDriver: notifyListener_l(0xf6020cc0), (1, 0, 0), loop setting(0, 0)
06-20 23:11:38.539   245   600 I CameraFlashlight: Opening camera 1
06-20 23:11:38.539   245   600 I MtkCam/Cam1DeviceFactory: (600)[createCam1Device] + OpenID:1
06-20 23:11:38.539   245   600 D ResMgrDrv: [Init]First user(0)
06-20 23:11:38.539   245   600 D ResMgrDrv: [SetMode]ScenSw(1),ScenHw(0),Dev(0)
06-20 23:11:38.539   245   600 D ResMgrDrv: [GetMode]ScenSw(0),ScenHw(0),Dev(0)
06-20 23:11:38.539   245   600 D ResMgrDrv: [SetMode]OK
06-20 23:11:38.539   245   600 I BWC     : get_bwc_mm_property success
06-20 23:11:38.539   245   600 I BWC     : Read DDR type string:LPDDR3_1600
06-20 23:11:38.539   245   600 I BWC     : DDR Type = -1
06-20 23:11:38.540   245   600 I BWC     : smi_bw_ctrl_set: scen 1, turn off
06-20 23:11:38.540   245   600 I BWC     : emi_string is CON_SCE_NORMAL
06-20 23:11:38.540   245   600 I BWC     : emi_bw_ctrl_set: CON_SCE_NORMAL OFF
06-20 23:11:38.540   245   600 I BWC     : set_bwc_mm_property: propterty_id=0, value1=0, value2=0 
06-20 23:11:38.540   245   600 I BWC     : Profile_Change:[BWCPT_CAMERA_PREVIEW]:OFF,current concurrency is 0x0
06-20 23:11:38.540   245   600 D ResMgrDrv: [CloseHdmi]En(1)
06-20 23:11:38.540   245   600 W ResMgrDrv: [CloseHdmi]WRN(  381):HDMITX kernel open fail, errno(2):No such file or directory
06-20 23:11:38.540   245   600 I MtkCam/MtkCamUtils: {CamProfile}[DefaultCam1Device::onInit] Resource -: (0-th) ===> [start-->now: 0 ms]
06-20 23:11:38.540   245   600 D aaa_state: [StateUninit::sendIntent]<eIntent_Init>
06-20 23:11:38.540   245   600 D buf_mgr : [init()] - E. m_Users: 0 
06-20 23:11:38.540   245   600 I IspDrv  : [getInstance] Gdma: 0.
06-20 23:11:38.540   245   600 I IspDrv  : [init] +,mInitCount(0),m_fgIsGdmaMode(0)
06-20 23:11:38.540   245   600 I IspDrv  : [ProfilingPrint] [Event_IspDrv_Init] mpIspDrvRegMap malloc:(0-th) ===> [start-->now: 0.020000 ms]
06-20 23:11:38.540   245   600 I IspDrv  : [ProfilingPrint] [Event_IspDrv_Init] 1st open(ISP_DRV_DEV_NAME, O_RDWR):(1-th) ===> [start-->now: 0.219000 ms] [last-->now: 0.199000 ms]
06-20 23:11:38.540   245   600 I IspDrv  : [ProfilingPrint] [Event_IspDrv_Init] mpIspHwRegAddr mmap():(2-th) ===> [start-->now: 0.268000 ms] [last-->now: 0.049000 ms]
06-20 23:11:38.540   245   600 I IspDrv  : [ProfilingPrint] [Event_IspDrv_Init] m_pRTBufTbl mmap():(3-th) ===> [start-->now: 0.321000 ms] [last-->now: 0.053000 ms]
06-20 23:11:38.540   245   600 I IspDrv  : [reset] ISP SW RESET[0x00000007]
06-20 23:11:38.540   245   600 I IspDrv  : [init] ISP Global Count: 1.
06-20 23:11:38.540   245   600 I IspDrv  : [ProfilingPrint] [Event_IspDrv_Init] kRefCntCtrl and ISP reset():(4-th) ===> [start-->now: 0.386000 ms] [last-->now: 0.065000 ms]
06-20 23:11:38.540   245   600 I IspDrv  : [ProfilingPrint] [Event_IspDrv_Init] IMemDrv::createInstance():(5-th) ===> [start-->now: 0.420000 ms] [last-->now: 0.034000 ms]
06-20 23:11:38.541   245   600 I IspDrv  : [ProfilingPrint] [Event_IspDrv_Init] m_pIMemDrv->init():(6-th) ===> [start-->now: 0.622000 ms] [last-->now: 0.202000 ms]
06-20 23:11:38.541   245   600 I IspDrv  : [init] m_ispVirRegBufInfo.size(2097156)
06-20 23:11:38.541   245   600 I IspDrv  : [ProfilingPrint] [Event_IspDrv_Init] m_pIMemDrv->allocVirtBuf(m_ispVirRegBufInfo):(7-th) ===> [start-->now: 0.826000 ms] [last-->now: 0.204000 ms]
06-20 23:11:38.541   245   600 I IspDrv  : [ProfilingPrint] [Event_IspDrv_Init] m_pIMemDrv->mapPhyAddr():(8-th) ===> [start-->now: 1.004000 ms] [last-->now: 0.178000 ms]
06-20 23:11:38.542   245   600 I IspDrv  : [ProfilingPrint] [Event_IspDrv_Init] memset(mpIspVirRegBuffer):(9-th) ===> [start-->now: 1.647000 ms] [last-->now: 0.643000 ms]
06-20 23:11:38.542   245   600 I IspDrv  : [init] cq:[0],virtIspAddr:virt[0x0xf37e4000]/phy[0x0x20300000]
06-20 23:11:38.542   245   600 I IspDrv  : [init] cq:[1],virtIspAddr:virt[0x0xf3824000]/phy[0x0x20340000]
06-20 23:11:38.542   245   600 I IspDrv  : [init] cq:[2],virtIspAddr:virt[0x0xf3864000]/phy[0x0x20380000]
06-20 23:11:38.542   245   600 I IspDrv  : [init] cq:[3],virtIspAddr:virt[0x0xf38a4000]/phy[0x0x203c0000]
06-20 23:11:38.542   245   600 I IspDrv  : [init] cq:[4],virtIspAddr:virt[0x0xf38e4000]/phy[0x0x20400000]
06-20 23:11:38.542   245   600 I IspDrv  : [init] cq:[5],virtIspAddr:virt[0x0xf3924000]/phy[0x0x20440000]
06-20 23:11:38.542   245   600 I IspDrv  : [init] cq:[6],virtIspAddr:virt[0x0xf3964000]/phy[0x0x20480000]
06-20 23:11:38.542   245   600 I IspDrv  : [init] cq:[7],virtIspAddr:virt[0x0xf39a4000]/phy[0x0x204c0000]
06-20 23:11:38.542   245   600 I IspDrv  : [ProfilingPrint] [Event_IspDrv_Init] m_pIMemDrv->allocVirtBuf(m_ispCQDescBufInfo):(10-th) ===> [start-->now: 1.838000 ms] [last-->now: 0.191000 ms]
06-20 23:11:38.542   245   600 I IspDrv  : [ProfilingPrint] [Event_IspDrv_Init] m_pIMemDrv->mapPhyAddr(m_ispCQDescBufInfo):(11-th) ===> [start-->now: 1.888000 ms] [last-->now: 0.050000 ms]
06-20 23:11:38.542   245   600 I IspDrv  : [init] cq:[0],mpIspCQDescriptor:Virt[0xf7239000]/Phy[0x0x20600000]
06-20 23:11:38.542   245   600 I IspDrv  : [init] cq:[1],mpIspCQDescriptor:Virt[0xf7239160]/Phy[0x0x20600160]
06-20 23:11:38.542   245   600 I IspDrv  : [init] cq:[2],mpIspCQDescriptor:Virt[0xf72392c0]/Phy[0x0x206002c0]
06-20 23:11:38.542   245   600 I IspDrv  : [init] cq:[3],mpIspCQDescriptor:Virt[0xf7239420]/Phy[0x0x20600420]
06-20 23:11:38.542   245   600 I IspDrv  : [init] cq:[4],mpIspCQDescriptor:Virt[0xf7239580]/Phy[0x0x20600580]
06-20 23:11:38.542   245   600 I IspDrv  : [init] cq:[5],mpIspCQDescriptor:Virt[0xf72396e0]/Phy[0x0x206006e0]
06-20 23:11:38.542   245   600 I IspDrv  : [ProfilingPrint] [Event_IspDrv_Init] memcpy(mpIspCQDescriptorVirt[i]):(12-th) ===> [start-->now: 2.020000 ms] [last-->now: 0.132000 ms]
06-20 23:11:38.542   245   600 I IspDrv  : [ProfilingPrint] [Event_IspDrv_Init] memset(mpIspCQDescriptorVirt[CQ0C]):(13-th) ===> [start-->now: 2.044000 ms] [last-->now: 0.024000 ms]
06-20 23:11:38.542   245   600 I IspDrv  : [ProfilingPrint] [Event_IspDrv_Init] memset(tdriMgrInfoCq1):(14-th) ===> [start-->now: 2.068000 ms] [last-->now: 0.024000 ms]
06-20 23:11:38.542   245   600 I IspDrv  : [ProfilingPrint] [Event_IspDrv_Init] memset(tdriMgrInfoCq2):(15-th) ===> [start-->now: 2.091000 ms] [last-->now: 0.023000 ms]
06-20 23:11:38.542   245   600 I IspDrv  : [ProfilingPrint] [Event_IspDrv_Init] atomic_inc:(16-th) ===> [start-->now: 2.118000 ms] [last-->now: 0.027000 ms]
06-20 23:11:38.542   245   600 I IspDrv  : [init] -,ret(1),mInitCount(1)
06-20 23:11:38.542   245   600 I IspDrv  : [ProfilingPrint] [Event_IspDrv_Init] Exit:(17-th) ===> [start-->now: 2.155000 ms] [last-->now: 0.037000 ms]
06-20 23:11:38.542   245   600 I IspDrv  : [getInstance] cq(1),ispVirRegAddr(0x0xf3824000)
06-20 23:11:38.542   245   600 D aaa_state: [StateCommon::transitState] StateUninit --> StateInit
06-20 23:11:38.542   245   600 I IspDrv  : [getInstance] Gdma: 0.
06-20 23:11:38.542   245   600 I IspDrv  : [init] +,mInitCount(1),m_fgIsGdmaMode(0)
06-20 23:11:38.542   245   600 I IspDrv  : [ProfilingPrint] [Event_IspDrv_Init] atomic_inc:(0-th) ===> [start-->now: 0.016000 ms]
06-20 23:11:38.542   245   600 I IspDrv  : [init] -,ret(1),mInitCount(2)
06-20 23:11:38.542   245   600 I IspDrv  : [ProfilingPrint] [Event_IspDrv_Init] Exit:(1-th) ===> [start-->now: 0.048000 ms] [last-->now: 0.032000 ms]
06-20 23:11:38.543   245   600 I IspDrv  : [getInstance] Gdma: 0.
06-20 23:11:38.543   245   933 D aaa_hal/3Athread: +
06-20 23:11:38.543   245   600 I IspDrv  : [init] +,mInitCount(2),m_fgIsGdmaMode(0)
06-20 23:11:38.543   245   600 I IspDrv  : [ProfilingPrint] [Event_IspDrv_Init] atomic_inc:(0-th) ===> [start-->now: 0.019000 ms]
06-20 23:11:38.543   245   933 D aaa_hal/3Athread: policy:(expect, result)=(0, 0), priority:(expect, result)=(-8, 0)
06-20 23:11:38.543   245   600 I IspDrv  : [init] -,ret(1),mInitCount(3)
06-20 23:11:38.543   245   600 I IspDrv  : [ProfilingPrint] [Event_IspDrv_Init] Exit:(1-th) ===> [start-->now: 0.055000 ms] [last-->now: 0.036000 ms]
06-20 23:11:38.543   245   600 D aaa_hal : [AFThread] Create
06-20 23:11:38.543   245   600 D flicker_hal.cpp: func=createBuf ln=995
06-20 23:11:38.543   245   600 I IspDrv  : [getInstance] Gdma: 0.
06-20 23:11:38.543   245   600 I IspDrv  : [init] +,mInitCount(3),m_fgIsGdmaMode(0)
06-20 23:11:38.543   245   600 I IspDrv  : [ProfilingPrint] [Event_IspDrv_Init] atomic_inc:(0-th) ===> [start-->now: 0.016000 ms]
06-20 23:11:38.543   245   600 I IspDrv  : [init] -,ret(1),mInitCount(4)
06-20 23:11:38.543   245   600 I IspDrv  : [ProfilingPrint] [Event_IspDrv_Init] Exit:(1-th) ===> [start-->now: 0.051000 ms] [last-->now: 0.035000 ms]
06-20 23:11:38.543   245   600 D isp_tuning_mgr: m_i4SensorDev= 2
06-20 23:11:38.543   245   600 D nvbuf_util.cpp: nvbuf_util.cpp getBufAndRead+ ln=578 ramId=0 sensorDev=2
06-20 23:11:38.543   245   600 D paramctrl_lifetime: u4SensorID = 9482
06-20 23:11:38.543   245   600 D lsc_mgr2: [createInstance +] eSensorDev(0x02)
06-20 23:11:38.543   245   600 D lsc_mgr2: [LscMgr2] Enter LscMgr
06-20 23:11:38.543   245   600 D lsc_mgr2: [getNvramData +] m_eSensorDev(0x02)
06-20 23:11:38.543   245   600 D nvbuf_util.cpp: nvbuf_util.cpp getBufAndRead+ ln=578 ramId=2 sensorDev=2
06-20 23:11:38.543   245   600 D nvbuf_util.cpp: nvbuf_util.cpp readRamVersion nvRamId=2 ver : isp=0,3a=0,sh=0,lens=0,pl=0,stb=0,tsf=0,geo=0,feature=0
06-20 23:11:38.543   245   600 D nvbuf_util.cpp: nvbuf_util.cpp readRamVersion ln=600 ver=0 err=0
06-20 23:11:38.544   245   600 D nvbuf_util.cpp: nvbuf_util.cpp ln=380 2
06-20 23:11:38.544   245   935 D aaa_hal : [AFNotifyThreadLoop] tid: 935 
06-20 23:11:38.544   245   600 D nvbuf_util.cpp: nvbuf_util.cpp ln=393 9482
06-20 23:11:38.544   245   935 D aaa_hal : [AFNotifyThreadLoop] thread starts
06-20 23:11:38.544   245   600 D NvramDrv: NvramDrv [readNvrameEx] sensor type = 2; NVRAM data type = 2
06-20 23:11:38.544   245   600 D NvramDrv: NvramDrv checkDataVersionNew
06-20 23:11:38.544   245   600 D NvramDrv: NvramDrv checkDataVersionNew v=0 vTar=1
06-20 23:11:38.544   245   600 D NvramDrv: NvramDrv [readDefaultData] sensor ID = 9482; NVRAM data type = 2
06-20 23:11:38.544   245   932 D SeninfDrvImp: [init][init]: Entry count 0 
06-20 23:11:38.544   245   932 D SeninfDrvImp: [init]mpCAMIODrvRegAddr 0xf715d0f0 = 0x0, State: init  
06-20 23:11:38.544   245   932 D SeninfDrvImp: [init][init]: Exit count 1 
06-20 23:11:38.544   245   932 D ImgSensorDrv: [init]mUsers = 0
06-20 23:11:38.544   245   932 E ImgSensorDrv: [init]Err(  551):[init]:  SENSOR_FEATURE_GET_PIXEL_CLOCK_FREQ error = 0
06-20 23:11:38.544   245   932 D ImgSensorDrv: [init]m_LineTimeInus[1] = 31
06-20 23:11:38.544   245   932 D SeninfDrvImp: [setMclk1][setTg1PhaseCounter] pcEn(1) clkPol(0) CamPll(0x810001) mMclk1User(1)
06-20 23:11:38.545   245   932 D SeninfDrvImp: [setMclk1IODrivingCurrent][setIODrivingCurrent]:1 0x00000000
06-20 23:11:38.545   245   934 D aaa_hal : [AFThread] tid: 934 
06-20 23:11:38.552   245   600 D nvbuf_util.cpp: nvbuf_util.cpp getBufAndRead- ln=622
06-20 23:11:38.552   245   600 D nvbuf_util.cpp: nvbuf_util.cpp getBufAndRead+ ln=578 ramId=1 sensorDev=2
06-20 23:11:38.552   245   600 D nvbuf_util.cpp: nvbuf_util.cpp readRamVersion nvRamId=1 ver : isp=0,3a=0,sh=0,lens=0,pl=0,stb=0,tsf=0,geo=0,feature=0
06-20 23:11:38.552   245   600 D nvbuf_util.cpp: nvbuf_util.cpp readRamVersion ln=600 ver=0 err=0
06-20 23:11:38.552   245   600 D nvbuf_util.cpp: nvbuf_util.cpp ln=380 2
06-20 23:11:38.552   245   600 D nvbuf_util.cpp: nvbuf_util.cpp ln=393 9482
06-20 23:11:38.552   245   600 D NvramDrv: NvramDrv [readNvrameEx] sensor type = 2; NVRAM data type = 1
06-20 23:11:38.552   245   600 D NvramDrv: NvramDrv checkDataVersionNew
06-20 23:11:38.552   245   600 D NvramDrv: NvramDrv checkDataVersionNew v=0 vTar=1
06-20 23:11:38.552   245   600 D NvramDrv: NvramDrv [readDefaultData] sensor ID = 9482; NVRAM data type = 1
06-20 23:11:38.552   245   600 D nvbuf_util.cpp: nvbuf_util.cpp getBufAndRead- ln=622
06-20 23:11:38.552   245   600 D lsc_mgr2: [getNvramData] m_prShadingLut(0xf539f05c)
06-20 23:11:38.552   245   600 D lsc_mgr2: [getNvramData] m_prNvram3A(0xf528f040)
06-20 23:11:38.552   245   600 D lsc_mgr2: [getNvramData -] 
06-20 23:11:38.552   245   600 D lsc_mgr2: [getTsfCfgTbl +] m_eSensorDev(0x02)
06-20 23:11:38.552   245   600 D nvbuf_util.cpp: nvbuf_util.cpp getBufAndRead+ ln=578 ramId=6 sensorDev=2
06-20 23:11:38.552   245   600 D nvbuf_util.cpp: nvbuf_util.cpp readRamVersion nvRamId=6 ver : isp=0,3a=0,sh=0,lens=0,pl=0,stb=0,tsf=0,geo=0,feature=0
06-20 23:11:38.552   245   600 D nvbuf_util.cpp: nvbuf_util.cpp readRamVersion ln=600 ver=0 err=0
06-20 23:11:38.552   245   600 D nvbuf_util.cpp: nvbuf_util.cpp ln=380 2
06-20 23:11:38.552   245   600 D nvbuf_util.cpp: nvbuf_util.cpp ln=393 9482
06-20 23:11:38.553   245   600 D NvramDrv: NvramDrv [readNvrameEx] sensor type = 2; NVRAM data type = 6
06-20 23:11:38.553   245   600 D NvramDrv: NvramDrv [readDefaultData] sensor ID = 9482; NVRAM data type = 6
06-20 23:11:38.553   245   600 D nvbuf_util.cpp: nvbuf_util.cpp getBufAndRead- ln=622
06-20 23:11:38.553   245   600 D lsc_mgr2: [getTsfCfgTbl] Load TSF table OK, TSF(1), CtIdx(2), data(0xf3d76494), para(0xf3d74b44)
06-20 23:11:38.553   245   600 D lsc_mgr2: [getTsfCfgTbl -] 
06-20 23:11:38.553   245   600 D lsc_mgr2: [importEEPromData +] 
06-20 23:11:38.553   245   600 D CAM_CUS_MSDK: CAM_CUS_MSDK GetCameraCalData(MainSensorIdx=250a) Enter
06-20 23:11:38.553   245   600 D CAM_CUS_MSDK: CAM_CUS_MSDK [GetCameraCalData]: uninit yet
06-20 23:11:38.553   245   600 D CAM_CUS_MSDK: 
06-20 23:11:38.553   245   600 D lsc_mgr2: [importEEPromData] ret(0xffffffff)
06-20 23:11:38.553   245   600 D lsc_mgr2: [importEEPromData] Error(ERR_NO_SHADING)
06-20 23:11:38.553   245   600 D lsc_mgr2_rto: [LscMgr2Rto] Enter LscMgr2Rto
06-20 23:11:38.553   245   600 D lsc_mgr2_rto: [LscMgr2RtoCycle] Enter LscMgr2RtoCycle
06-20 23:11:38.553   245   600 D lsc_mgr2_rto: [createInstance -] RTOCycle ESensorDev_Sub(0xf3d74500), i4SensorIdx(0)
06-20 23:11:38.553   245   600 D lsc_mgr2: [createInstance -] RTOC ESensorDev_Sub(0x0xf3d74500), i4SensorIdx(0)
06-20 23:11:38.553   245   600 D gma_mgr : [GmaMgr()] before MTKGma::createInstance
06-20 23:11:38.553   245   600 D gma_core: [GmaCore] constructor, sensor dev:2
06-20 23:11:38.553   245   600 D gma_mgr : [GmaMgr()] m_pGmaAlgo(0xf51e7798), m_eSensorDev(2), m_pCustomEnv(-167678872)
06-20 23:11:38.553   245   600 D gma_mgr : [GmaMgr()] after GmaReset
06-20 23:11:38.553   245   600 D gma_mgr : [GmaMgr()] before GmaInit
06-20 23:11:38.553   245   600 D gma_mgr : [GmaMgr()] after GmaInit
06-20 23:11:38.553   245   600 D paramctrl_lifetime: [Paramctrl ctor] eSensorDev(2), env(0xf6016c68), m_pGmaMgr(-204609284)
06-20 23:11:38.553   245   600 D ispdrv_mgr: [init()] - E. m_Users: 0 
06-20 23:11:38.553   245   600 I IspDrv  : [getInstance] Gdma: 0.
06-20 23:11:38.553   245   600 I IspDrv  : [init] +,mInitCount(4),m_fgIsGdmaMode(0)
06-20 23:11:38.553   245   600 I IspDrv  : [ProfilingPrint] [Event_IspDrv_Init] atomic_inc:(0-th) ===> [start-->now: 0.018000 ms]
06-20 23:11:38.553   245   600 I IspDrv  : [init] -,ret(1),mInitCount(5)
06-20 23:11:38.553   245   600 I IspDrv  : [ProfilingPrint] [Event_IspDrv_Init] Exit:(1-th) ===> [start-->now: 0.056000 ms] [last-->now: 0.038000 ms]
06-20 23:11:38.554   245   600 I IspDrv  : [getInstance] cq(1),ispVirRegAddr(0x0xf3824000)
06-20 23:11:38.554   245   600 I IspDrv  : [getInstance] cq(5),ispVirRegAddr(0x0xf3924000)
06-20 23:11:38.554   245   600 I IspDrv  : [getInstance] cq(7),ispVirRegAddr(0x0xf39a4000)
06-20 23:11:38.554   245   600 I TdriMgr : [init] mInitCount(0)
06-20 23:11:38.554   245   600 I TpipeDrv: [TpipeDrv][virtual MBOOL TpipeDrvImp::init()] X
06-20 23:11:38.554   245   600 I IspDrv  : [getInstance] Gdma: 0.
06-20 23:11:38.554   245   600 I IspDrv  : [getInstance] cq(5),ispVirRegAddr(0x0xf3924000)
06-20 23:11:38.554   245   600 I TdriMgr : [init] i(0) pVirIspDrv(0xf4716aa8) pVirtIspReg(0xf3924000) pDescriptorArray(0xf471677c) pDesriptorNum(0xf4716778) pTopCtlEn1(0xf4716778) pTopCtlEn2(0xf4716830) pTopCtlDma(0xf4716834)
06-20 23:11:38.554   245   600 I IspDrv  : [getInstance] cq(7),ispVirRegAddr(0x0xf39a4000)
06-20 23:11:38.554   245   600 I TdriMgr : [init] i(1) pVirIspDrv(0xf4716b10) pVirtIspReg(0xf39a4000) pDescriptorArray(0xf4716854) pDesriptorNum(0xf4716850) pTopCtlEn1(0xf4716850) pTopCtlEn2(0xf4716908) pTopCtlDma(0xf471690c)
06-20 23:11:38.554   245   600 I IspDrv  : [init] +,mInitCount(5),m_fgIsGdmaMode(0)
06-20 23:11:38.554   245   600 I IspDrv  : [ProfilingPrint] [Event_IspDrv_Init] atomic_inc:(0-th) ===> [start-->now: 0.018000 ms]
06-20 23:11:38.554   245   600 I IspDrv  : [init] -,ret(1),mInitCount(6)
06-20 23:11:38.554   245   600 I IspDrv  : [ProfilingPrint] [Event_IspDrv_Init] Exit:(1-th) ===> [start-->now: 0.054000 ms] [last-->now: 0.036000 ms]
06-20 23:11:38.554   245   600 I TdriMgr : [init] X:
06-20 23:11:38.554   245   600 D lsc_mgr2_rto: [init +] SensorDev(2), byp123(0)
06-20 23:11:38.554   245   600 I IspDrv  : [getInstance] Gdma: 0.
06-20 23:11:38.554   245   600 I IspDrv  : [init] +,mInitCount(6),m_fgIsGdmaMode(0)
06-20 23:11:38.554   245   600 I IspDrv  : [ProfilingPrint] [Event_IspDrv_Init] atomic_inc:(0-th) ===> [start-->now: 0.015000 ms]
06-20 23:11:38.554   245   600 I IspDrv  : [init] -,ret(1),mInitCount(7)
06-20 23:11:38.554   245   600 I IspDrv  : [ProfilingPrint] [Event_IspDrv_Init] Exit:(1-th) ===> [start-->now: 0.046000 ms] [last-->now: 0.031000 ms]
06-20 23:11:38.554   245   600 D lsc_mgr2: [RawLscTblInit +] m_eSensorDev(0x02)
06-20 23:11:38.554   245   600 D lsc_mgr2: [RawLscTblInit] m_pIMemDrv(0xf4716c54) create OK
06-20 23:11:38.554   245   600 D lsc_mgr2: [RawLscTblInit] m_pIMemDrv init OK!
06-20 23:11:38.554   245   600 D lsc_mgr2: [RawLscTblInit] -------------stRawLscInfo[0] ---------------
06-20 23:11:38.554   245   600 D lsc_mgr2: [showMemBufInfo] memID(25), virtAddr(0xf7095000), phyAddr(0x20c00000), size(65536)
06-20 23:11:38.555   245   600 D lsc_mgr2: [RawLscTblInit] -------------stRawLscInfo[1] ---------------
06-20 23:11:38.555   245   600 D lsc_mgr2: [showMemBufInfo] memID(26), virtAddr(0xf7085000), phyAddr(0x20d00000), size(65536)
06-20 23:11:38.555   245   600 D lsc_mgr2: [RawLscTblInit] -------------stRawLscInfo[2] ---------------
06-20 23:11:38.555   245   600 D lsc_mgr2: [showMemBufInfo] memID(27), virtAddr(0xf7075000), phyAddr(0x20e00000), size(65536)
06-20 23:11:38.555   245   600 D lsc_mgr2: [RawLscTblInit] -------------stRawLscInfo[3] ---------------
06-20 23:11:38.555   245   600 D lsc_mgr2: [showMemBufInfo] memID(28), virtAddr(0xf7065000), phyAddr(0x20f00000), size(65536)
06-20 23:11:38.555   245   600 D lsc_mgr2: [RawLscTblInit] -------------stRawLscInfo[4] ---------------
06-20 23:11:38.555   245   600 D lsc_mgr2: [showMemBufInfo] memID(29), virtAddr(0xf34d3000), phyAddr(0x21000000), size(65536)
06-20 23:11:38.555   245   600 D lsc_mgr2: [RawLscTblInit] -------------stRawLscInfo[5] ---------------
06-20 23:11:38.555   245   600 D lsc_mgr2: [showMemBufInfo] memID(30), virtAddr(0xf34c3000), phyAddr(0x21100000), size(65536)
06-20 23:11:38.555   245   600 D lsc_mgr2: [RawLscTblInit] -------------stRawLscInfo[6] ---------------
06-20 23:11:38.555   245   600 D lsc_mgr2: [showMemBufInfo] memID(31), virtAddr(0xf34b3000), phyAddr(0x21200000), size(65536)
06-20 23:11:38.555   245   600 D lsc_mgr2: [RawLscTblInit] -------------stRawLscInfo[7] ---------------
06-20 23:11:38.555   245   600 D lsc_mgr2: [showMemBufInfo] memID(32), virtAddr(0xf34a3000), phyAddr(0x21300000), size(65536)
06-20 23:11:38.555   245   600 D lsc_mgr2: [RawLscTblInit] -------------stRawLscInfo[8] ---------------
06-20 23:11:38.555   245   600 D lsc_mgr2: [showMemBufInfo] memID(33), virtAddr(0xf3493000), phyAddr(0x21400000), size(65536)
06-20 23:11:38.555   245   600 D lsc_mgr2: [RawLscTblInit] -------------stRawLscInfo[9] ---------------
06-20 23:11:38.555   245   600 D lsc_mgr2: [showMemBufInfo] memID(34), virtAddr(0xf3483000), phyAddr(0x21500000), size(65536)
06-20 23:11:38.555   245   600 D lsc_mgr2: [RawLscTblInit] -------------m_rBufInfo[0] ---------------
06-20 23:11:38.556   245   600 D lsc_mgr2: [showMemBufInfo] memID(35), virtAddr(0xf710e000), phyAddr(0x21600000), size(16384)
06-20 23:11:38.556   245   600 D lsc_mgr2: [RawLscTblInit] -------------m_rBufInfo[1] ---------------
06-20 23:11:38.556   245   600 D lsc_mgr2: [showMemBufInfo] memID(36), virtAddr(0xf710a000), phyAddr(0x21700000), size(16384)
06-20 23:11:38.556   245   600 D lsc_mgr2: [RawLscTblInit -] 
06-20 23:11:38.556   245   600 D lsc_mgr2_rto: [init] The 1st time, getSensorResolution
06-20 23:11:38.556   245   600 D lsc_mgr2: [getSensorResolution] u4NumSensorModes(5)
06-20 23:11:38.556   245   600 D lsc_mgr2: [getSensorResolution] i4SensorPreviewWidth (1600)
06-20 23:11:38.556   245   600 D lsc_mgr2: [getSensorResolution] i4SensorPreviewHeight(1200)
06-20 23:11:38.556   245   600 D lsc_mgr2: [getSensorResolution] i4SensorCaptureWidth (1600)
06-20 23:11:38.556   245   600 D lsc_mgr2: [getSensorResolution] i4SensorCaptureHeight(1200)
06-20 23:11:38.556   245   600 D lsc_mgr2: [getSensorResolution] i4SensorVideoWidth   (1600)
06-20 23:11:38.556   245   600 D lsc_mgr2: [getSensorResolution] i4SensorVideoHeight  (1200)
06-20 23:11:38.556   245   600 D lsc_mgr2: [getSensorResolution] i4SensorVideo1Width  (1600)
06-20 23:11:38.556   245   600 D lsc_mgr2: [getSensorResolution] i4SensorVideo1Height (1200)
06-20 23:11:38.556   245   600 D lsc_mgr2: [getSensorResolution] i4SensorVideo2Width  (1600)
06-20 23:11:38.556   245   600 D lsc_mgr2: [getSensorResolution] i4SensorVideo2Height (1200)
06-20 23:11:38.556   245   600 D lsc_mgr2: [getSensorResolution] i4SensorCustom1Width (36400)
06-20 23:11:38.556   245   600 D lsc_mgr2: [getSensorResolution] i4SensorCustom1Height(171)
06-20 23:11:38.556   245   600 D lsc_mgr2: [getSensorResolution] i4SensorCustom2Width (65472)
06-20 23:11:38.556   245   600 D lsc_mgr2: [getSensorResolution] i4SensorCustom2Height(65535)
06-20 23:11:38.556   245   600 D lsc_mgr2: [getSensorResolution] i4SensorCustom3Width (7800)
06-20 23:11:38.556   245   600 D lsc_mgr2: [getSensorResolution] i4SensorCustom3Height(210)
06-20 23:11:38.556   245   600 D lsc_mgr2: [getSensorResolution] i4SensorCustom4Width (65472)
06-20 23:11:38.556   245   600 D lsc_mgr2: [getSensorResolution] i4SensorCustom4Height(65535)
06-20 23:11:38.556   245   600 D lsc_mgr2: [getSensorResolution] i4SensorCustom5Width (0)
06-20 23:11:38.556   245   600 D lsc_mgr2: [getSensorResolution] i4SensorCustom5Height(0)
06-20 23:11:38.597   245   932 I MtkCam/MtkCamUtils: {CamProfile}[DefaultCam1Device::powerOnSensor] Sensor Hal -: (0-th) ===> [start-->now: 52 ms]
06-20 23:11:38.597   245   600 D lsc_mgr2: [getSensorResolution] SensorMode(0), full_0(1600,1200) crop1(0,0,1600,1200) resize(1600,1200) crop2(0,0,1600,1200) final size(1600,1200)
06-20 23:11:38.597   245   600 D lsc_mgr2: [getSensorResolution] SensorMode(1), full_0(1600,1200) crop1(0,0,1600,1200) resize(1600,1200) crop2(0,0,1600,1200) final size(1600,1200)
06-20 23:11:38.597   245   600 D lsc_mgr2: [getSensorResolution] SensorMode(2), full_0(1600,1200) crop1(0,0,1600,1200) resize(1600,1200) crop2(0,0,1600,1200) final size(1600,1200)
06-20 23:11:38.597   245   600 D lsc_mgr2: [getSensorResolution] SensorMode(3), full_0(1600,1200) crop1(0,0,1600,1200) resize(1600,1200) crop2(0,0,1600,1200) final size(1600,1200)
06-20 23:11:38.597   245   600 D lsc_mgr2: [getSensorResolution] SensorMode(4), full_0(1600,1200) crop1(0,0,1600,1200) resize(1600,1200) crop2(0,0,1600,1200) final size(1600,1200)
06-20 23:11:38.597   245   600 D lsc_mgr2: [convertSensorCrop] rwc(1.000), rhc(1.000), x2c_(0.000), y2c_(0.000)
06-20 23:11:38.597   245   600 D lsc_mgr2: [convertSensorCrop] rws(1.000), rhs(1.000), x2s_(0.000), y2s_(0.000)
06-20 23:11:38.597   245   600 D lsc_mgr2: [convertSensorCrop] x2c__(0.000), y2c__(0.000), x_sc(0.000), y_sc(0.000), out_w(1600.000), out_h(1200.000)
06-20 23:11:38.597   245   600 D lsc_mgr2: [convertSensorCrop] Crop CFG for lib ImgWH(1600,1200), outWH(1600,1200), Crop(0,0,1600,1200)
06-20 23:11:38.597   245   600 D lsc_mgr2: [convertSensorCrop] rwc(1.000), rhc(1.000), x2c_(0.000), y2c_(0.000)
06-20 23:11:38.597   245   600 D lsc_mgr2: [convertSensorCrop] rws(1.000), rhs(1.000), x2s_(0.000), y2s_(0.000)
06-20 23:11:38.597   245   600 D lsc_mgr2: [convertSensorCrop] x2c__(0.000), y2c__(0.000), x_sc(0.000), y_sc(0.000), out_w(1600.000), out_h(1200.000)
06-20 23:11:38.597   245   600 D lsc_mgr2: [convertSensorCrop] Crop CFG for lib ImgWH(1600,1200), outWH(1600,1200), Crop(0,0,1600,1200)
06-20 23:11:38.597   245   600 D lsc_mgr2: [convertSensorCrop] rwc(1.000), rhc(1.000), x2c_(0.000), y2c_(0.000)
06-20 23:11:38.597   245   600 D lsc_mgr2: [convertSensorCrop] rws(1.000), rhs(1.000), x2s_(0.000), y2s_(0.000)
06-20 23:11:38.597   245   600 D lsc_mgr2: [convertSensorCrop] x2c__(0.000), y2c__(0.000), x_sc(0.000), y_sc(0.000), out_w(1600.000), out_h(1200.000)
06-20 23:11:38.597   245   600 D lsc_mgr2: [convertSensorCrop] Crop CFG for lib ImgWH(1600,1200), outWH(1600,1200), Crop(0,0,1600,1200)
06-20 23:11:38.597   245   600 D lsc_mgr2: [convertSensorCrop] rwc(1.000), rhc(1.000), x2c_(0.000), y2c_(0.000)
06-20 23:11:38.597   245   600 D lsc_mgr2: [convertSensorCrop] rws(1.000), rhs(1.000), x2s_(0.000), y2s_(0.000)
06-20 23:11:38.597   245   600 D lsc_mgr2: [convertSensorCrop] x2c__(0.000), y2c__(0.000), x_sc(0.000), y_sc(0.000), out_w(1600.000), out_h(1200.000)
06-20 23:11:38.597   245   600 D lsc_mgr2: [convertSensorCrop] Crop CFG for lib ImgWH(1600,1200), outWH(1600,1200), Crop(0,0,1600,1200)
06-20 23:11:38.597   245   600 D lsc_mgr2: [convertSensorCrop] rwc(1.000), rhc(1.000), x2c_(0.000), y2c_(0.000)
06-20 23:11:38.597   245   600 D lsc_mgr2: [convertSensorCrop] rws(1.000), rhs(1.000), x2s_(0.000), y2s_(0.000)
06-20 23:11:38.597   245   600 D lsc_mgr2: [convertSensorCrop] x2c__(0.000), y2c__(0.000), x_sc(0.000), y_sc(0.000), out_w(1600.000), out_h(1200.000)
06-20 23:11:38.597   245   600 D lsc_mgr2: [convertSensorCrop] Crop CFG for lib ImgWH(1600,1200), outWH(1600,1200), Crop(0,0,1600,1200)
06-20 23:11:38.597   245   600 D lsc_mgr2: [loadTableFlow +] SensorDev(2), byp123(0), i4Opt123(0)
06-20 23:11:38.597   245   600 D lsc_mgr2: [loadLutToSysram +] 
06-20 23:11:38.597   245   600 D lsc_mgr2: [syncLut] eLscScn(0)
06-20 23:11:38.597   245   600 D lsc_mgr2: [copyLutToMemBuf] OK: virtAddr(0xf7095000) <- pLut(0xf539f078), size(65536)
06-20 23:11:38.597   245   600 D lsc_mgr2: [syncLut] eLscScn(1)
06-20 23:11:38.597   245   600 D lsc_mgr2: [copyLutToMemBuf] OK: virtAddr(0xf7085000) <- pLut(0xf53af078), size(65536)
06-20 23:11:38.598   245   600 D lsc_mgr2: [syncLut] eLscScn(2)
06-20 23:11:38.598   245   600 D lsc_mgr2: [copyLutToMemBuf] OK: virtAddr(0xf7075000) <- pLut(0xf53bf078), size(65536)
06-20 23:11:38.598   245   600 D lsc_mgr2: [syncLut] eLscScn(3)
06-20 23:11:38.598   245   600 D lsc_mgr2: [copyLutToMemBuf] OK: virtAddr(0xf7065000) <- pLut(0xf53cf078), size(65536)
06-20 23:11:38.598   245   600 D lsc_mgr2: [syncLut] eLscScn(4)
06-20 23:11:38.598   245   600 D lsc_mgr2: [copyLutToMemBuf] OK: virtAddr(0xf34d3000) <- pLut(0xf53df078), size(65536)
06-20 23:11:38.598   245   600 D lsc_mgr2: [syncLut] eLscScn(5)
06-20 23:11:38.598   245   600 D lsc_mgr2: [copyLutToMemBuf] OK: virtAddr(0xf34c3000) <- pLut(0xf53ef078), size(65536)
06-20 23:11:38.598   245   600 D lsc_mgr2: [syncLut] eLscScn(6)
06-20 23:11:38.598   245   600 D lsc_mgr2: [copyLutToMemBuf] OK: virtAddr(0xf34b3000) <- pLut(0xf53ff078), size(65536)
06-20 23:11:38.598   245   600 D lsc_mgr2: [syncLut] eLscScn(7)
06-20 23:11:38.598   245   600 D lsc_mgr2: [copyLutToMemBuf] OK: virtAddr(0xf34a3000) <- pLut(0xf540f078), size(65536)
06-20 23:11:38.598   245   600 D lsc_mgr2: [syncLut] eLscScn(8)
06-20 23:11:38.598   245   600 D lsc_mgr2: [copyLutToMemBuf] OK: virtAddr(0xf3493000) <- pLut(0xf541f078), size(65536)
06-20 23:11:38.598   245   600 D lsc_mgr2: [syncLut] eLscScn(9)
06-20 23:11:38.598   245   600 D lsc_mgr2: [copyLutToMemBuf] OK: virtAddr(0xf3483000) <- pLut(0xf542f078), size(65536)
06-20 23:11:38.598   245   600 D lsc_mgr2: [copyLutToMemBuf] OK: virtAddr(0xf710e000) <- pLut(0xf539f078), size(16384)
06-20 23:11:38.598   245   600 D lsc_mgr2: [copyLutToMemBuf] OK: virtAddr(0xf710a000) <- pLut(0xf539f078), size(16384)
06-20 23:11:38.598   245   600 D lsc_mgr2: [loadLutToSysram -] 
06-20 23:11:38.598   245   600 D lsc_mgr2: [RawLscTblDump +] 
06-20 23:11:38.599   245   600 D lsc_mgr2: [RawLscTblDump -] Not to dump (lscOrg)
06-20 23:11:38.599   245   600 D lsc_mgr2: [loadTableFlow] No OTP: Use CCT calibrated table
06-20 23:11:38.599   245   600 D lsc_mgr2: [RawLscTblDump +] 
06-20 23:11:38.599   245   600 D lsc_mgr2: [RawLscTblDump -] Not to dump (lsc123)
06-20 23:11:38.599   245   600 D lsc_mgr2: [loadTableFlow -] 
06-20 23:11:38.599   245   600 D ShadingTrans_RA: [AppLscUtil] constructor
06-20 23:11:38.599   245   600 D ShadingTrans_RA: [LscRaSwInit]
06-20 23:11:38.599   245   600 D ShadingTrans_RA: [init_ra_working_buffer]
06-20 23:11:38.599   245   600 D ShadingTrans_RA: [AppLscUtil] constructor
06-20 23:11:38.599   245   600 D ShadingTrans_RA: [LscRaSwInit]
06-20 23:11:38.599   245   600 D ShadingTrans_RA: [init_ra_working_buffer]
06-20 23:11:38.599   245   600 D lsc_mgr2_rto: [setTsfOnOff]  (1)
06-20 23:11:38.599   245   600 D lsc_mgr2_thread: [createThread +] 
06-20 23:11:38.599   245   600 D lsc_mgr2_rto_thread: [initThreadFunc +] 
06-20 23:11:38.599   245   600 D AppTsf  : [AppTsf] constructor
06-20 23:11:38.599   245   600 D tsf_core: [TsfCore] constructor
06-20 23:11:38.599   245   600 D aaa_sensor_mgr: [init()] - E. m_Users: 1 i4SensorIdx:0
06-20 23:11:38.599   245   600 D aaa_sensor_mgr: 1 has created 
06-20 23:11:38.599   245   600 D lsc_mgr2_rto_thread: [initThreadFunc()] ---- u4SensorID:0x250a
06-20 23:11:38.599   245   600 D lsc_mgr2_rto_thread: [initThreadFunc] MTKTSF_FEATURE_GET_ENV_INFO, buffer size(2094528)
06-20 23:11:38.601   245   600 D lsc_mgr2_rto_thread: [initThreadFunc] AWB stat alloc size(43200), tmp(0xf314d180), algo(0xf315a900)
06-20 23:11:38.601   245   600 D lsc_mgr2_rto_thread: [tsfResetTbl] eLscScn(0), m_pu4ProcTbl(0xf31675c0), m_pu4ResultTbl(0xf3103100), src(0xf53a7078)
06-20 23:11:38.601   245   600 D lsc_mgr2_rto_thread: [initThreadFunc] No OTP Data
06-20 23:11:38.601   245   600 D lsc_mgr2_rto_thread: [initThreadFunc -] 
06-20 23:11:38.601   245   600 D lsc_mgr2_thread: [createThread -] Create TSF m_Thread(0xf30ff920)
06-20 23:11:38.601   245   600 D lsc_mgr2_rto: [init -] 
06-20 23:11:38.601   245   600 D paramctrl_validate: [+validateFrameless]
06-20 23:11:38.601   245   600 D paramctrl_frameless: [prepare_Frameless_Shading] mode 0, profile 0
06-20 23:11:38.601   245   936 D lsc_mgr2_thread: [changeThreadSetting] sensor(2), tid(936), policy:(expect, result)=(0, 0), priority:(expect, result)=(0xfffffffd, 0xfffffffd)
06-20 23:11:38.601   245   936 D lsc_mgr2_thread: [doThreadFunc +] 
06-20 23:11:38.601   245   600 D lsc_mgr2_rto: [setSensorMode] update config for eLscScn(0), fgForce(0)
06-20 23:11:38.601   245   600 D lsc_mgr2: [getResolution] eScn(0), W(1600), H(1200)
06-20 23:11:38.601   245   600 D lsc_mgr2: [getConfig] eLscScn(0)
06-20 23:11:38.601   245   600 D lsc_mgr2: [calLscConfig] XNum(15)/YNum(15)/W(50)/H(37)/LW(50)/LH(45)/OffX(0)/OffY(0)
06-20 23:11:38.601   245   600 D lsc_mgr2_rto_thread: [updateTsfCfg +] 
06-20 23:11:38.601   245   600 D lsc_mgr2_rto_thread: [updateTsfCfg] raw_wd(1600), raw_ht(1200), block_wd(50), block_ht(37), xgrid(17), ygrid(17), wd_last(50), ht_last(45)
06-20 23:11:38.601   245   600 D lsc_mgr2_rto_thread: [updateTsfCfg] Need to reset table, eLscScn(0), fgBlkChg(1), fgAspectChg(0)
06-20 23:11:38.601   245   600 D lsc_mgr2_rto_thread: [tsfResetTbl] eLscScn(0), m_pu4ProcTbl(0xf31675c0), m_pu4ResultTbl(0xf3103100), src(0xf53a7078)
06-20 23:11:38.601   245   600 D lsc_mgr2_rto_thread: [tsfPostCmd] TSF(On), eCmd(E_TSF_CMD_INIT)
06-20 23:11:38.601   245   600 D lsc_mgr2_rto_thread: [tsfInit +] 
06-20 23:11:38.601   245   600 D AppTsf  : [TsfExit] TsfExit
06-20 23:11:38.601   245   600 D lsc_mgr2_rto_thread: [tsfInit] WithOTP(0)
06-20 23:11:38.601   245   600 D lsc_mgr2_rto_thread: [tsfInit] ORC(0, 0)
06-20 23:11:38.601   245   600 D lsc_mgr2_rto_thread: [tsfInit] AwbNvramInfo: UnitGain(0, 0, 0), GoldenGain(0, 0, 0), D65Gain(716, 512, 691)
06-20 23:11:38.601   245   600 D lsc_mgr2_rto_thread: [tsfInit] SensorCrop(0): Full(1600,1200), Resize(1600,1200), Crop(0,0,1600,1200)
06-20 23:11:38.601   245   600 D lsc_mgr2_rto_thread: [tsfInit] TSF set SL2 default mode(1)
06-20 23:11:38.601   245   600 D lsc_mgr2_rto_thread: [tsfInit] ImgWidth(120), ImgHeight(90), BayerOrder(0), ImgAddr(0xf315a900), ShadingTbl(0xf31675c0), Raw16_9Mode(2), EnableSL2(1), pLscConfig(0xf3d86d18), OTPTableRotation(0)
06-20 23:11:38.601   245   600 D AppTsf  : [TsfInit][Warning] Not Valid AWB Golden Gain R(0) G(0) B(0), set to 512!
06-20 23:11:38.601   245   600 D AppTsf  : [TsfInit][Warning] Not Valid AWB Unit Gain R(0) G(0) B(0), set to 512!
06-20 23:11:38.603   245   600 D AppTsf  : [TsfReset] TsfReset
06-20 23:11:38.603   245   600 D lsc_mgr2_rto_thread: [tsfInit -] 
06-20 23:11:38.603   245   600 D lsc_mgr2_rto_thread: [tsfPostCmd] TSF(On), eCmd(E_TSF_CMD_CHG)
06-20 23:11:38.603   245   600 D lsc_mgr2_rto_thread: [tsfCfgChg +] 
06-20 23:11:38.603   245   600 D lsc_mgr2_rto_thread: [tsfCfgChg -] 
06-20 23:11:38.603   245   600 D lsc_mgr2_rto_thread: [updateTsfCfg -] 
06-20 23:11:38.603   245   600 D paramctrl_validate: [validatePerFrame](ParamChangeCount, fgForce)=(3, 1)
06-20 23:11:38.603   245   600 D isp_tuning_custom: [evaluate_Shading_Ratio] first avgISO = 8
06-20 23:11:38.603   245   600 D paramctrl_per_frame: [prepareHw_PerFrame_LSC] (flash, iso, rto) = (0, 0, 8)
06-20 23:11:38.603   245   600 D isp_tuning_custom: refine_CCM()
06-20 23:11:38.603   245   600 D isp_tuning_custom: rCCM.conv0a = 0x 6e401fb
06-20 23:11:38.603   245   600 D isp_tuning_custom: rCCM.conv0b = 0x      21
06-20 23:11:38.603   245   600 D isp_tuning_custom: rCCM.conv1a = 0x 19907bb
06-20 23:11:38.603   245   600 D isp_tuning_custom: rCCM.conv1b = 0x     7ac
06-20 23:11:38.603   245   600 D isp_tuning_custom: rCCM.conv2a = 0x 73c07ee
06-20 23:11:38.603   245   600 D isp_tuning_custom: rCCM.conv2b = 0x     1d6
06-20 23:11:38.603   245   600 D isp_tuning_custom: sensor ID = 0x    250a
06-20 23:11:38.603   245   600 D isp_tuning_custom: After
06-20 23:11:38.603   245   600 D isp_tuning_custom: Current ISO = 0
06-20 23:11:38.603   245   600 D isp_tuning_custom: Current ISO = -nan
06-20 23:11:38.603   245   600 D isp_tuning_custom: rCCM.conv0a.bits.G2G_CNV_00 = 507
06-20 23:11:38.603   245   600 D isp_tuning_custom: rCCM.conv0a.bits.G2G_CNV_01 = 1764
06-20 23:11:38.603   245   600 D isp_tuning_custom: rCCM.conv0b.bits.G2G_CNV_02 = 33
06-20 23:11:38.603   245   600 D isp_tuning_custom: rCCM.conv1a.bits.G2G_CNV_10 = 1979
06-20 23:11:38.603   245   600 D isp_tuning_custom: rCCM.conv1a.bits.G2G_CNV_11 = 409
06-20 23:11:38.603   245   600 D isp_tuning_custom: rCCM.conv1b.bits.G2G_CNV_12 = 1964
06-20 23:11:38.603   245   600 D isp_tuning_custom: rCCM.conv2a.bits.G2G_CNV_20 = 2030
06-20 23:11:38.603   245   600 D isp_tuning_custom: rCCM.conv2a.bits.G2G_CNV_21 = 1852
06-20 23:11:38.603   245   600 D isp_tuning_custom: rCCM.conv2b.bits.G2G_CNV_22 = 470
06-20 23:11:38.603   245   600 I IspDrv  : [getInstance] Gdma: 0.
06-20 23:11:38.603   245   600 D paramctrl_lifetime: [-ParamctrlRAW::init]err(0)
06-20 23:11:38.604   245   600 I MtkCam/MtkCamUtils: {CamProfile}[DefaultCam1Device::onInit] 3A Hal -: (1-th) ===> [start-->now: 64 ms] [last-->now: 63 ms]
06-20 23:11:38.604   245   600 I MtkCam/ParamsManager: [Feature::queryCustomFeature] s8Symbol=queryCustCamfeature_SENSOR_DRVNAME_SP2509MIPI_RAW_CHXT_FRONT
06-20 23:11:38.605   245   600 I MtkCam/ParamsManager: [Feature::queryCustomFeature] s8Symbol=queryCustCamfeature_CUSTOM_FLASHLIGHT
06-20 23:11:38.605   245   600 I MtkCam/ParamsManager: [Feature::queryCustomFeature] s8Symbol=queryCustCamfeature_CUSTOM_AFLAMP
06-20 23:11:38.605   245   600 I MtkCam/ParamsManager: [Feature::queryCustomFeature] s8Symbol=queryCustCamfeature_CUSTOM_CAMERASHOT
06-20 23:11:38.606   245   600 I MtkCam/ParamsManager: [Feature::queryCustomFeature] s8Symbol=queryCustCamfeature_CUSTOM_SENINDEPFEATURE
06-20 23:11:38.607   245   600 I MtkCam/ParamsManager: [Feature::initFeatures_NoWarningCorrection] (fgIsLowMem, memory_total_in_byte, getpagesize)=(0, 1439858688, 4096)
06-20 23:11:38.607   245   600 I MtkCam/ParamsManager: [getDisplayRotationSupported] No KEY_DISPLAY_ROTATION_SUPPORTED
06-20 23:11:38.608   245   600 D LensMCU : LensMCUlensSearch() - Entry 
06-20 23:11:38.608   245   600 D LensMCU : LensMCU[CurrSensorDev]0x0002 [CurrSensorId]0x250a
06-20 23:11:38.608   245   600 D CAM_CUS_MSDK: CAM_CUS_MSDK [LensCustomSetIndex]
06-20 23:11:38.608   245   600 D LensMCU : LensMCU[CurrLensIdx]0
06-20 23:11:38.608   245   600 D af_mgr  : [Dev]0x0002, [SensorId]0x250a, [LensId]0xffff
06-20 23:11:38.608   245   600 D af_mgr  : [getAFMaxAreaNum][AF disable]0
06-20 23:11:38.608   245   600 D af_mgr  : [getBestShotValue] Not use
06-20 23:11:38.608   245   600 D ae_mgr  : ae_mgr [AeMgr]
06-20 23:11:38.608   245   600 D ae_mgr  : ae_mgr [getNvramData()] i4SensorDev:2, isForce:0
06-20 23:11:38.608   245   600 D nvbuf_util.cpp: nvbuf_util.cpp getBufAndRead+ ln=578 ramId=1 sensorDev=2
06-20 23:11:38.608   245   600 D nvbuf_util.cpp: nvbuf_util.cpp getBufAndRead+ ln=578 ramId=4 sensorDev=2
06-20 23:11:38.608   245   600 D nvbuf_util.cpp: nvbuf_util.cpp readRamVersion nvRamId=4 ver : isp=0,3a=0,sh=0,lens=0,pl=0,stb=0,tsf=0,geo=0,feature=0
06-20 23:11:38.608   245   600 D nvbuf_util.cpp: nvbuf_util.cpp readRamVersion ln=600 ver=0 err=0
06-20 23:11:38.608   245   600 D nvbuf_util.cpp: nvbuf_util.cpp ln=380 2
06-20 23:11:38.608   245   600 D nvbuf_util.cpp: nvbuf_util.cpp ln=393 9482
06-20 23:11:38.608   245   600 D NvramDrv: NvramDrv [readNvrameEx] sensor type = 2; NVRAM data type = 4
06-20 23:11:38.608   245   600 D NvramDrv: NvramDrv checkDataVersionNew
06-20 23:11:38.608   245   600 D NvramDrv: NvramDrv checkDataVersionNew v=0 vTar=1
06-20 23:11:38.608   245   600 D NvramDrv: NvramDrv [readDefaultData] sensor ID = 9482; NVRAM data type = 4
06-20 23:11:38.608   245   600 D nvbuf_util.cpp: nvbuf_util.cpp getBufAndRead- ln=622
06-20 23:11:38.608   245   600 D flash_mgr_m.cpp: flash_mgr_m.cpp FlashMgrM sensorDev=2
06-20 23:11:38.608   245   600 D flash_mgr_m.cpp: flash_mgr_m.cpp getPartId 2
06-20 23:11:38.609   245   600 D flash_mgr_m.cpp: [Flash Awb] Prepare to do flash awb init
06-20 23:11:38.609   245   600 D nvbuf_util.cpp: nvbuf_util.cpp getBufAndRead+ ln=578 ramId=1 sensorDev=2
06-20 23:11:38.609   245   600 D flash_mgr_m.cpp: flash_mgr_m.cpp flash_awb_para for:9 bk: 95
06-20 23:11:38.609   245   600 D flash_mgr_m.cpp: flash_mgr_m.cpp flash_awb_para th1,2,3,4:2 5 10 15
06-20 23:11:38.609   245   600 D FlashAwb.cpp: [Flash Awb] In Flash_Awb_Init()
06-20 23:11:38.609   245   600 I MtkCam/MtkCamUtils: {CamProfile}[DefaultCam1Device::onInit] : (2-th) ===> [start-->now: 70 ms] [last-->now: 5 ms]
06-20 23:11:38.609   245   600 I MtkCam/Cam1DeviceFactory: (600)[createCam1Device] - 0xf41a4000
06-20 23:11:38.609   245   600 W MtkCam/devicemgr: [setTorchModeLocked] setTorchAvailableLocked Failed[No Flash]: deviceId:1
06-20 23:11:38.609   245   600 W MtkCam/devicemgr: [setTorchAvailableLocked] setTorchAvailableLocked Failed[No Flash]: deviceId:1
06-20 23:11:38.611   245   600 I MtkCam/Cam1Device: (600)(Default:1)[Cam1DeviceBase::stopPreview] +
